$ lcov --capture --initial --directory build --output-file coverage_base.info
# cwd: /tmp/vdd_hk_coverage_8k3jjcjo/cFS

perl: warning: Setting locale failed.
perl: warning: Please check that your locale settings:
	LANGUAGE = (unset),
	LC_ALL = (unset),
	LC_CTYPE = "C.UTF-8",
	LANG = "en_US.UTF-8"
    are supported and installed on your system.
perl: warning: Falling back to the standard locale ("C").
Capturing coverage data from build
geninfo cmd: '/usr/bin/geninfo build --output-filename coverage_base.info --initial --memory 0'
perl: warning: Setting locale failed.
perl: warning: Please check that your locale settings:
	LANGUAGE = (unset),
	LC_ALL = (unset),
	LC_CTYPE = "C.UTF-8",
	LANG = "en_US.UTF-8"
    are supported and installed on your system.
perl: warning: Falling back to the standard locale ("C").
Found gcov version: 13.3.0
Using intermediate gcov format
Writing temporary data to /tmp/geninfo_datMqNO
Scanning build for .gcno files ...
Found 4 graph files in build
Processing build/native/default_cpu1/apps/hk/unit-test/CMakeFiles/coverage-hk-hk_utils-object.dir/tmp/vdd_hk_coverage_8k3jjcjo/cFS/apps/hk/fsw/src/hk_utils.c.gcno
Processing build/native/default_cpu1/apps/hk/unit-test/CMakeFiles/coverage-hk-hk_app-object.dir/tmp/vdd_hk_coverage_8k3jjcjo/cFS/apps/hk/fsw/src/hk_app.c.gcno
Processing build/native/default_cpu1/apps/hk/unit-test/CMakeFiles/coverage-hk-hk_cmds-object.dir/tmp/vdd_hk_coverage_8k3jjcjo/cFS/apps/hk/fsw/src/hk_cmds.c.gcno
Processing build/native/default_cpu1/apps/hk/unit-test/CMakeFiles/coverage-hk-hk_dispatch-object.dir/tmp/vdd_hk_coverage_8k3jjcjo/cFS/apps/hk/fsw/src/hk_dispatch.c.gcno
Finished .info-file creation
