$ lcov --capture --initial --directory build --output-file coverage_base.info
# cwd: /tmp/vdd_cf_coverage_v_xh7n87/cFS

perl: warning: Setting locale failed.
perl: warning: Please check that your locale settings:
	LANGUAGE = (unset),
	LC_ALL = (unset),
	LC_CTYPE = "C.UTF-8",
	LANG = "en_US.UTF-8"
    are supported and installed on your system.
perl: warning: Falling back to the standard locale ("C").
Capturing coverage data from build
geninfo cmd: '/usr/bin/geninfo build --output-filename coverage_base.info --initial --memory 0'
perl: warning: Setting locale failed.
perl: warning: Please check that your locale settings:
	LANGUAGE = (unset),
	LC_ALL = (unset),
	LC_CTYPE = "C.UTF-8",
	LANG = "en_US.UTF-8"
    are supported and installed on your system.
perl: warning: Falling back to the standard locale ("C").
Found gcov version: 13.3.0
Using intermediate gcov format
Writing temporary data to /tmp/geninfo_datsGyL
Scanning build for .gcno files ...
Found 14 graph files in build
Processing build/native/default_cpu1/apps/cf/unit-test/CMakeFiles/coverage-cf-cf_codec-object.dir/tmp/vdd_cf_coverage_v_xh7n87/cFS/apps/cf/fsw/src/cf_codec.c.gcno
Processing build/native/default_cpu1/apps/cf/unit-test/CMakeFiles/coverage-cf-cf_dispatch-object.dir/tmp/vdd_cf_coverage_v_xh7n87/cFS/apps/cf/fsw/src/cf_dispatch.c.gcno
Processing build/native/default_cpu1/apps/cf/unit-test/CMakeFiles/coverage-cf-cf_cfdp_s-object.dir/tmp/vdd_cf_coverage_v_xh7n87/cFS/apps/cf/fsw/src/cf_cfdp_s.c.gcno
Processing build/native/default_cpu1/apps/cf/unit-test/CMakeFiles/coverage-cf-cf_utils-object.dir/tmp/vdd_cf_coverage_v_xh7n87/cFS/apps/cf/fsw/src/cf_utils.c.gcno
Processing build/native/default_cpu1/apps/cf/unit-test/CMakeFiles/coverage-cf-cf_cfdp_r-object.dir/tmp/vdd_cf_coverage_v_xh7n87/cFS/apps/cf/fsw/src/cf_cfdp_r.c.gcno
Processing build/native/default_cpu1/apps/cf/unit-test/CMakeFiles/coverage-cf-cf_crc-object.dir/tmp/vdd_cf_coverage_v_xh7n87/cFS/apps/cf/fsw/src/cf_crc.c.gcno
Processing build/native/default_cpu1/apps/cf/unit-test/CMakeFiles/coverage-cf-cf_cmd-object.dir/tmp/vdd_cf_coverage_v_xh7n87/cFS/apps/cf/fsw/src/cf_cmd.c.gcno
Processing build/native/default_cpu1/apps/cf/unit-test/CMakeFiles/coverage-cf-cf_cfdp_dispatch-object.dir/tmp/vdd_cf_coverage_v_xh7n87/cFS/apps/cf/fsw/src/cf_cfdp_dispatch.c.gcno
Processing build/native/default_cpu1/apps/cf/unit-test/CMakeFiles/coverage-cf-cf_chunk-object.dir/tmp/vdd_cf_coverage_v_xh7n87/cFS/apps/cf/fsw/src/cf_chunk.c.gcno
Processing build/native/default_cpu1/apps/cf/unit-test/CMakeFiles/coverage-cf-cf_cfdp_sbintf-object.dir/tmp/vdd_cf_coverage_v_xh7n87/cFS/apps/cf/fsw/src/cf_cfdp_sbintf.c.gcno
Processing build/native/default_cpu1/apps/cf/unit-test/CMakeFiles/coverage-cf-cf_app-object.dir/tmp/vdd_cf_coverage_v_xh7n87/cFS/apps/cf/fsw/src/cf_app.c.gcno
Processing build/native/default_cpu1/apps/cf/unit-test/CMakeFiles/coverage-cf-cf_timer-object.dir/tmp/vdd_cf_coverage_v_xh7n87/cFS/apps/cf/fsw/src/cf_timer.c.gcno
Processing build/native/default_cpu1/apps/cf/unit-test/CMakeFiles/coverage-cf-cf_clist-object.dir/tmp/vdd_cf_coverage_v_xh7n87/cFS/apps/cf/fsw/src/cf_clist.c.gcno
Processing build/native/default_cpu1/apps/cf/unit-test/CMakeFiles/coverage-cf-cf_cfdp-object.dir/tmp/vdd_cf_coverage_v_xh7n87/cFS/apps/cf/fsw/src/cf_cfdp.c.gcno
Finished .info-file creation
