$ make -C build/native/default_cpu1/fs
# cwd: /tmp/vdd_cfe_coverage_8n5668ys/cFS

make: Entering directory '/tmp/vdd_cfe_coverage_8n5668ys/cFS/build/native/default_cpu1/fs'
make[1]: Entering directory '/tmp/vdd_cfe_coverage_8n5668ys/cFS/build/native/default_cpu1'
make[2]: Entering directory '/tmp/vdd_cfe_coverage_8n5668ys/cFS/build/native/default_cpu1'
make[2]: Leaving directory '/tmp/vdd_cfe_coverage_8n5668ys/cFS/build/native/default_cpu1'
make[2]: Entering directory '/tmp/vdd_cfe_coverage_8n5668ys/cFS/build/native/default_cpu1'
[  0%] Building C object fs/CMakeFiles/fs.dir/fsw/src/cfe_fs_api.c.o
[  0%] Building C object fs/CMakeFiles/fs.dir/fsw/src/cfe_fs_priv.c.o
[  0%] Building C object fs/CMakeFiles/fs.dir/fsw/src/cfe_fs_objtab.c.o
[  0%] Linking C static library libfs.a
make[2]: Leaving directory '/tmp/vdd_cfe_coverage_8n5668ys/cFS/build/native/default_cpu1'
[  0%] Built target fs
make[2]: Entering directory '/tmp/vdd_cfe_coverage_8n5668ys/cFS/build/native/default_cpu1'
make[2]: Leaving directory '/tmp/vdd_cfe_coverage_8n5668ys/cFS/build/native/default_cpu1'
[  0%] Built target osal_generic-linux_impl
make[2]: Entering directory '/tmp/vdd_cfe_coverage_8n5668ys/cFS/build/native/default_cpu1'
make[2]: Leaving directory '/tmp/vdd_cfe_coverage_8n5668ys/cFS/build/native/default_cpu1'
[  0%] Built target osal_bsp
make[2]: Entering directory '/tmp/vdd_cfe_coverage_8n5668ys/cFS/build/native/default_cpu1'
make[2]: Leaving directory '/tmp/vdd_cfe_coverage_8n5668ys/cFS/build/native/default_cpu1'
[  0%] Built target ut_assert
make[2]: Entering directory '/tmp/vdd_cfe_coverage_8n5668ys/cFS/build/native/default_cpu1'
make[2]: Leaving directory '/tmp/vdd_cfe_coverage_8n5668ys/cFS/build/native/default_cpu1'
make[2]: Entering directory '/tmp/vdd_cfe_coverage_8n5668ys/cFS/build/native/default_cpu1'
[  0%] Building C object fs/ut-coverage/CMakeFiles/coverage-fs-ALL-object.dir/__/fsw/src/cfe_fs_api.c.o
[  0%] Building C object fs/ut-coverage/CMakeFiles/coverage-fs-ALL-object.dir/__/fsw/src/cfe_fs_priv.c.o
[ 10%] Building C object fs/ut-coverage/CMakeFiles/coverage-fs-ALL-object.dir/__/fsw/src/cfe_fs_objtab.c.o
make[2]: Leaving directory '/tmp/vdd_cfe_coverage_8n5668ys/cFS/build/native/default_cpu1'
[ 10%] Built target coverage-fs-ALL-object
make[2]: Entering directory '/tmp/vdd_cfe_coverage_8n5668ys/cFS/build/native/default_cpu1'
make[2]: Leaving directory '/tmp/vdd_cfe_coverage_8n5668ys/cFS/build/native/default_cpu1'
[ 30%] Built target ut_psp_api_stubs
make[2]: Entering directory '/tmp/vdd_cfe_coverage_8n5668ys/cFS/build/native/default_cpu1'
make[2]: Leaving directory '/tmp/vdd_cfe_coverage_8n5668ys/cFS/build/native/default_cpu1'
[ 70%] Built target ut_osapi_stubs
make[2]: Entering directory '/tmp/vdd_cfe_coverage_8n5668ys/cFS/build/native/default_cpu1'
make[2]: Leaving directory '/tmp/vdd_cfe_coverage_8n5668ys/cFS/build/native/default_cpu1'
[ 90%] Built target ut_core_api_stubs
make[2]: Entering directory '/tmp/vdd_cfe_coverage_8n5668ys/cFS/build/native/default_cpu1'
make[2]: Leaving directory '/tmp/vdd_cfe_coverage_8n5668ys/cFS/build/native/default_cpu1'
[100%] Built target ut_core_private_stubs
make[2]: Entering directory '/tmp/vdd_cfe_coverage_8n5668ys/cFS/build/native/default_cpu1'
make[2]: Leaving directory '/tmp/vdd_cfe_coverage_8n5668ys/cFS/build/native/default_cpu1'
make[2]: Entering directory '/tmp/vdd_cfe_coverage_8n5668ys/cFS/build/native/default_cpu1'
[100%] Building C object fs/ut-coverage/CMakeFiles/coverage-fs-ALL-testrunner.dir/fs_UT.c.o
[100%] Linking C executable coverage-fs-ALL-testrunner
make[2]: Leaving directory '/tmp/vdd_cfe_coverage_8n5668ys/cFS/build/native/default_cpu1'
[100%] Built target coverage-fs-ALL-testrunner
make[1]: Leaving directory '/tmp/vdd_cfe_coverage_8n5668ys/cFS/build/native/default_cpu1'
make: Leaving directory '/tmp/vdd_cfe_coverage_8n5668ys/cFS/build/native/default_cpu1/fs'
