$ make -C build/native/default_cpu1/time
# cwd: /tmp/vdd_cfe_coverage_8n5668ys/cFS

make: Entering directory '/tmp/vdd_cfe_coverage_8n5668ys/cFS/build/native/default_cpu1/time'
make[1]: Entering directory '/tmp/vdd_cfe_coverage_8n5668ys/cFS/build/native/default_cpu1'
make[2]: Entering directory '/tmp/vdd_cfe_coverage_8n5668ys/cFS/build/native/default_cpu1'
make[2]: Leaving directory '/tmp/vdd_cfe_coverage_8n5668ys/cFS/build/native/default_cpu1'
make[2]: Entering directory '/tmp/vdd_cfe_coverage_8n5668ys/cFS/build/native/default_cpu1'
[  0%] Building C object time/CMakeFiles/time.dir/fsw/src/cfe_time_api.c.o
[  0%] Building C object time/CMakeFiles/time.dir/fsw/src/cfe_time_task.c.o
[  0%] Building C object time/CMakeFiles/time.dir/fsw/src/cfe_time_tone.c.o
[  0%] Building C object time/CMakeFiles/time.dir/fsw/src/cfe_time_utils.c.o
[  0%] Building C object time/CMakeFiles/time.dir/fsw/src/cfe_time_objtab.c.o
[  9%] Building C object time/CMakeFiles/time.dir/fsw/src/cfe_time_dispatch.c.o
[  9%] Linking C static library libtime.a
make[2]: Leaving directory '/tmp/vdd_cfe_coverage_8n5668ys/cFS/build/native/default_cpu1'
[  9%] Built target time
make[2]: Entering directory '/tmp/vdd_cfe_coverage_8n5668ys/cFS/build/native/default_cpu1'
make[2]: Leaving directory '/tmp/vdd_cfe_coverage_8n5668ys/cFS/build/native/default_cpu1'
[  9%] Built target osal_generic-linux_impl
make[2]: Entering directory '/tmp/vdd_cfe_coverage_8n5668ys/cFS/build/native/default_cpu1'
make[2]: Leaving directory '/tmp/vdd_cfe_coverage_8n5668ys/cFS/build/native/default_cpu1'
[  9%] Built target osal_bsp
make[2]: Entering directory '/tmp/vdd_cfe_coverage_8n5668ys/cFS/build/native/default_cpu1'
make[2]: Leaving directory '/tmp/vdd_cfe_coverage_8n5668ys/cFS/build/native/default_cpu1'
[  9%] Built target ut_assert
make[2]: Entering directory '/tmp/vdd_cfe_coverage_8n5668ys/cFS/build/native/default_cpu1'
make[2]: Leaving directory '/tmp/vdd_cfe_coverage_8n5668ys/cFS/build/native/default_cpu1'
make[2]: Entering directory '/tmp/vdd_cfe_coverage_8n5668ys/cFS/build/native/default_cpu1'
[  9%] Building C object time/ut-coverage/CMakeFiles/coverage-time-ALL-object.dir/__/fsw/src/cfe_time_api.c.o
[  9%] Building C object time/ut-coverage/CMakeFiles/coverage-time-ALL-object.dir/__/fsw/src/cfe_time_task.c.o
[  9%] Building C object time/ut-coverage/CMakeFiles/coverage-time-ALL-object.dir/__/fsw/src/cfe_time_tone.c.o
[  9%] Building C object time/ut-coverage/CMakeFiles/coverage-time-ALL-object.dir/__/fsw/src/cfe_time_utils.c.o
[  9%] Building C object time/ut-coverage/CMakeFiles/coverage-time-ALL-object.dir/__/fsw/src/cfe_time_objtab.c.o
[  9%] Building C object time/ut-coverage/CMakeFiles/coverage-time-ALL-object.dir/__/fsw/src/cfe_time_dispatch.c.o
make[2]: Leaving directory '/tmp/vdd_cfe_coverage_8n5668ys/cFS/build/native/default_cpu1'
[  9%] Built target coverage-time-ALL-object
make[2]: Entering directory '/tmp/vdd_cfe_coverage_8n5668ys/cFS/build/native/default_cpu1'
make[2]: Leaving directory '/tmp/vdd_cfe_coverage_8n5668ys/cFS/build/native/default_cpu1'
[ 27%] Built target ut_psp_api_stubs
make[2]: Entering directory '/tmp/vdd_cfe_coverage_8n5668ys/cFS/build/native/default_cpu1'
make[2]: Leaving directory '/tmp/vdd_cfe_coverage_8n5668ys/cFS/build/native/default_cpu1'
[ 63%] Built target ut_osapi_stubs
make[2]: Entering directory '/tmp/vdd_cfe_coverage_8n5668ys/cFS/build/native/default_cpu1'
make[2]: Leaving directory '/tmp/vdd_cfe_coverage_8n5668ys/cFS/build/native/default_cpu1'
[ 81%] Built target ut_core_api_stubs
make[2]: Entering directory '/tmp/vdd_cfe_coverage_8n5668ys/cFS/build/native/default_cpu1'
make[2]: Leaving directory '/tmp/vdd_cfe_coverage_8n5668ys/cFS/build/native/default_cpu1'
[ 90%] Built target ut_core_private_stubs
make[2]: Entering directory '/tmp/vdd_cfe_coverage_8n5668ys/cFS/build/native/default_cpu1'
make[2]: Leaving directory '/tmp/vdd_cfe_coverage_8n5668ys/cFS/build/native/default_cpu1'
make[2]: Entering directory '/tmp/vdd_cfe_coverage_8n5668ys/cFS/build/native/default_cpu1'
[ 90%] Building C object time/ut-coverage/CMakeFiles/coverage-time-ALL-testrunner.dir/time_ut_helpers.c.o
[ 90%] Building C object time/ut-coverage/CMakeFiles/coverage-time-ALL-testrunner.dir/time_UT.c.o
[100%] Building C object time/ut-coverage/CMakeFiles/coverage-time-ALL-testrunner.dir/time_ut_default_dispatch.c.o
[100%] Linking C executable coverage-time-ALL-testrunner
make[2]: Leaving directory '/tmp/vdd_cfe_coverage_8n5668ys/cFS/build/native/default_cpu1'
[100%] Built target coverage-time-ALL-testrunner
make[1]: Leaving directory '/tmp/vdd_cfe_coverage_8n5668ys/cFS/build/native/default_cpu1'
make: Leaving directory '/tmp/vdd_cfe_coverage_8n5668ys/cFS/build/native/default_cpu1/time'
