$ genhtml coverage_total.info --branch-coverage --output-directory lcov
# cwd: /tmp/vdd_cfe_coverage_8n5668ys/cFS

perl: warning: Setting locale failed.
perl: warning: Please check that your locale settings:
	LANGUAGE = (unset),
	LC_ALL = (unset),
	LC_CTYPE = "C.UTF-8",
	LANG = "en_US.UTF-8"
    are supported and installed on your system.
perl: warning: Falling back to the standard locale ("C").
Found 90 entries.
Found common filename prefix "/tmp/vdd_cfe_coverage_8n5668ys/cFS/cfe/modules"
Generating output.
Processing file msg/fsw/src/cfe_msg_msgid_shared.c
  lines=8 hit=8 functions=1 hit=1 branches=4 hit=4
Processing file es/fsw/src/cfe_es_generic_pool.c
  lines=202 hit=200 functions=14 hit=14 branches=122 hit=121
Processing file msg/fsw/src/cfe_msg_sechdr_checksum.c
  lines=32 hit=32 functions=3 hit=3 branches=20 hit=20
Processing file tbl/fsw/src/cfe_tbl_regrec.h
  lines=46 hit=46 functions=20 hit=20 branches=4 hit=4
Processing file fs/fsw/src/cfe_fs_api.c
  lines=297 hit=297 functions=14 hit=14 branches=146 hit=142
Processing file tbl/fsw/src/cfe_tbl_accdesc.h
  lines=13 hit=13 functions=5 hit=5 branches=4 hit=4
Processing file sbr/fsw/src/cfe_sbr_map_direct.c
  lines=12 hit=12 functions=3 hit=3 branches=4 hit=4
Processing file time/fsw/src/cfe_time_tone.c
  lines=149 hit=149 functions=12 hit=12 branches=60 hit=60
Processing file msg/fsw/src/cfe_msg_initdefaulthdr_pri.c
  lines=3 hit=3 functions=1 hit=1
Processing file sb/fsw/src/cfe_sb_priv.c
  lines=480 hit=480 functions=37 hit=37 branches=211 hit=211
Processing file msg/fsw/src/cfe_msg_sechdr_time.c
  lines=32 hit=32 functions=2 hit=2 branches=18 hit=18
Processing file evs/fsw/src/cfe_evs_dispatch.c
  lines=126 hit=126 functions=3 hit=3 branches=76 hit=76
Processing file sbr/fsw/src/cfe_sbr_route_unsorted.c
  lines=53 hit=53 functions=8 hit=8 branches=24 hit=24
Processing file msg/fsw/src/cfe_msg_init.c
  lines=11 hit=11 functions=1 hit=1 branches=6 hit=6
Processing file msg/fsw/src/cfe_msg_priv.h
  lines=7 hit=7 functions=2 hit=2
Processing file time/fsw/src/cfe_time_task.c
  lines=274 hit=274 functions=27 hit=27 branches=66 hit=66
Processing file es/fsw/src/cfe_es_resource.h
  lines=56 hit=56 functions=24 hit=24 branches=16 hit=16
Processing file msg/fsw/src/cfe_msg_ccsdspri.c
  lines=122 hit=122 functions=16 hit=16 branches=73 hit=73
Processing file sb/fsw/src/cfe_sb_init.c
  lines=29 hit=29 functions=3 hit=3 branches=6 hit=6
Processing file /tmp/vdd_cfe_coverage_8n5668ys/cFS/osal/src/os/inc/osapi-clock.h
  lines=28 hit=28 functions=10 hit=10
Processing file sb/fsw/src/cfe_sb_buf.c
  lines=65 hit=65 functions=9 hit=9 branches=20 hit=20
Processing file /tmp/vdd_cfe_coverage_8n5668ys/cFS/osal/src/os/inc/osapi-idmap.h
  lines=9 hit=9 functions=4 hit=4
Processing file sb/fsw/src/cfe_sb_task.c
  lines=413 hit=413 functions=25 hit=25 branches=104 hit=104
Processing file es/fsw/src/cfe_es_start.c
  lines=230 hit=230 functions=5 hit=5 branches=88 hit=88
Processing file es/fsw/src/cfe_es_cds.c
  lines=275 hit=275 functions=19 hit=19 branches=136 hit=136
Processing file msg/fsw/src/cfe_msg_integrity.c
  lines=12 hit=12 functions=2 hit=2 branches=8 hit=8
Processing file sbr/fsw/src/cfe_sbr_map_hash.c
  lines=28 hit=28 functions=4 hit=4 branches=10 hit=10
Processing file msg/fsw/src/cfe_msg_sechdr_fc.c
  lines=25 hit=25 functions=2 hit=2 branches=20 hit=20
Processing file core_private/fsw/inc/cfe_sbr.h
  lines=6 hit=6 functions=3 hit=3 branches=4 hit=4
Processing file config/fsw/src/cfe_config_set.c
  lines=24 hit=24 functions=4 hit=4 branches=8 hit=8
Processing file tbl/fsw/src/cfe_tbl_valresult.h
  lines=13 hit=13 functions=5 hit=5 branches=4 hit=4
Processing file time/fsw/src/cfe_time_dispatch.c
  lines=112 hit=112 functions=3 hit=3 branches=65 hit=65
Processing file evs/fsw/src/cfe_evs_utils.c
  lines=175 hit=175 functions=14 hit=14 branches=96 hit=96
Processing file tbl/fsw/src/cfe_tbl_loadbuff.c
  lines=168 hit=168 functions=20 hit=20 branches=72 hit=72
Processing file es/fsw/src/cfe_es_crc.c
  lines=20 hit=20 functions=3 hit=3 branches=8 hit=8
Processing file tbl/fsw/src/cfe_tbl_handlelink.c
  lines=6 hit=6 functions=2 hit=2
Processing file tbl/fsw/src/cfe_tbl_accdesc.c
  lines=39 hit=39 functions=7 hit=7 branches=10 hit=10
Processing file es/fsw/src/cfe_es_mempool.c
  lines=175 hit=172 functions=15 hit=15 branches=92 hit=91
Processing file es/fsw/src/cfe_es_erlog.c
  lines=112 hit=112 functions=5 hit=5 branches=38 hit=38
Processing file config/fsw/src/cfe_config_eds_disabled.c
  lines=2 hit=2 functions=1 hit=1
Processing file es/fsw/src/cfe_es_dispatch.c
  lines=133 hit=133 functions=3 hit=3 branches=81 hit=81
Processing file tbl/fsw/src/cfe_tbl_transaction.h
  lines=14 hit=14 functions=7 hit=7
Processing file tbl/fsw/src/cfe_tbl_internal.c
  lines=341 hit=341 functions=32 hit=32 branches=148 hit=148
Processing file evs/fsw/src/cfe_evs_utils.h
  lines=12 hit=12 functions=5 hit=5 branches=4 hit=4
Processing file tbl/fsw/src/cfe_tbl_transaction.c
  lines=115 hit=115 functions=13 hit=13 branches=52 hit=52
Processing file es/fsw/src/cfe_es_api.c
  lines=626 hit=626 functions=47 hit=47 branches=269 hit=269
Processing file config/fsw/src/cfe_config_get.c
  lines=52 hit=49 functions=9 hit=9 branches=36 hit=33
Processing file sb/fsw/src/cfe_sb_priv.h
  lines=24 hit=24 functions=11 hit=11 branches=12 hit=12
Processing file evs/fsw/src/cfe_evs_log.c
  lines=75 hit=75 functions=4 hit=4 branches=34 hit=34
Processing file evs/fsw/src/cfe_evs.c
  lines=92 hit=92 functions=6 hit=6 branches=58 hit=58
Processing file es/fsw/src/cfe_es_perf.h
  lines=2 hit=2 functions=1 hit=1
Processing file core_api/fsw/inc/cfe_sb.h
  lines=7 hit=7 functions=3 hit=3
Processing file core_api/fsw/inc/cfe_tbl.h
  lines=6 hit=6 functions=3 hit=3
Processing file tbl/fsw/src/cfe_tbl_loadbuff.h
  lines=40 hit=40 functions=13 hit=13 branches=6 hit=6
Processing file es/fsw/src/cfe_es_apps.c
  lines=563 hit=563 functions=17 hit=17 branches=283 hit=283
Processing file tbl/fsw/src/cfe_tbl_dumpctl.c
  lines=12 hit=12 functions=4 hit=4 branches=6 hit=6
Processing file tbl/fsw/src/cfe_tbl_dump.c
  lines=170 hit=170 functions=8 hit=8 branches=57 hit=56
Processing file es/fsw/src/cfe_es_resource.c
  lines=84 hit=84 functions=14 hit=14 branches=44 hit=44
Processing file time/fsw/src/cfe_time_utils.c
  lines=253 hit=253 functions=19 hit=19 branches=38 hit=38
Processing file es/fsw/src/cfe_es_cds.h
  lines=14 hit=14 functions=6 hit=6 branches=4 hit=4
Processing file sb/fsw/src/cfe_sb_util.c
  lines=59 hit=59 functions=6 hit=6 branches=36 hit=36
Processing file tbl/fsw/src/cfe_tbl_task_cmds.c
  lines=340 hit=340 functions=16 hit=16 branches=127 hit=127
Processing file es/fsw/src/cfe_es_backgroundtask.c
  lines=47 hit=47 functions=5 hit=5 branches=22 hit=22
Processing file tbl/fsw/src/cfe_tbl_passthru_codec.c
  lines=66 hit=66 functions=11 hit=11 branches=20 hit=18
Processing file sb/fsw/src/cfe_sb_msg_id_util.c
  lines=36 hit=36 functions=8 hit=8 branches=16 hit=16
Processing file tbl/fsw/src/cfe_tbl_task.c
  lines=54 hit=54 functions=3 hit=3 branches=16 hit=16
Processing file time/fsw/src/cfe_time_api.c
  lines=150 hit=150 functions=20 hit=20 branches=62 hit=62
Processing file resourceid/fsw/src/cfe_resourceid_api.c
  lines=38 hit=38 functions=6 hit=6 branches=18 hit=18
Processing file tbl/fsw/src/cfe_tbl_registry.c
  lines=118 hit=118 functions=10 hit=10 branches=46 hit=46
Processing file tbl/fsw/src/cfe_tbl_load.c
  lines=302 hit=302 functions=16 hit=16 branches=124 hit=124
Processing file es/fsw/src/cfe_es_cds_mempool.c
  lines=93 hit=93 functions=7 hit=7 branches=34 hit=34
Processing file evs/fsw/src/cfe_evs_task.c
  lines=429 hit=429 functions=27 hit=27 branches=170 hit=170
Processing file es/fsw/src/cfe_es_perf.c
  lines=235 hit=235 functions=8 hit=8 branches=95 hit=95
Processing file time/fsw/src/cfe_time_utils.h
  lines=5 hit=5 functions=2 hit=2
Processing file sb/fsw/src/cfe_sb_dispatch.c
  lines=93 hit=93 functions=4 hit=4 branches=45 hit=45
Processing file config/fsw/src/cfe_config_lookup.c
  lines=5 hit=5 functions=1 hit=1 branches=2 hit=2
Processing file tbl/fsw/src/cfe_tbl_dispatch.c
  lines=47 hit=47 functions=2 hit=2 branches=24 hit=24
Processing file config/fsw/src/cfe_config_init.c
  lines=81 hit=81 functions=8 hit=8 branches=44 hit=44
Processing file tbl/fsw/src/cfe_tbl_api.c
  lines=294 hit=294 functions=19 hit=19 branches=154 hit=154
Processing file es/fsw/src/cfe_es_task.c
  lines=517 hit=517 functions=28 hit=28 branches=162 hit=160
Processing file tbl/fsw/src/cfe_tbl_dumpctl.h
  lines=13 hit=13 functions=5 hit=5 branches=4 hit=4
Processing file fs/fsw/src/cfe_fs_priv.c
  lines=19 hit=19 functions=3 hit=3 branches=6 hit=6
Processing file es/fsw/src/cfe_es_syslog.c
  lines=135 hit=135 functions=8 hit=8 branches=64 hit=64
Processing file core_api/fsw/inc/cfe_resourceid.h
  lines=8 hit=8 functions=4 hit=4
Processing file msg/fsw/src/cfe_msg_msgid_v1.c
  lines=13 hit=13 functions=2 hit=2 branches=8 hit=8
Processing file tbl/fsw/src/cfe_tbl_valresult.c
  lines=70 hit=70 functions=8 hit=8 branches=21 hit=21
Processing file config/fsw/src/cfe_config_priv.h
  lines=6 hit=6 functions=2 hit=2
Processing file sb/fsw/src/cfe_sb_api.c
  lines=512 hit=512 functions=23 hit=23 branches=217 hit=217
Processing file es/fsw/src/cfe_es_mempool.h
  lines=12 hit=12 functions=5 hit=5 branches=4 hit=4
Processing file tbl/fsw/src/cfe_tbl_regrec.c
  lines=101 hit=101 functions=15 hit=15 branches=47 hit=47
Overall coverage rate:
  lines......: 99.9% (10414 of 10422 lines)
  functions......: 100.0% (865 of 865 functions)
  branches......: 99.7% (4349 of 4363 branches)
