$ make -C build/native/default_cpu1/evs
# cwd: /tmp/vdd_cfe_coverage_8n5668ys/cFS

make: Entering directory '/tmp/vdd_cfe_coverage_8n5668ys/cFS/build/native/default_cpu1/evs'
make[1]: Entering directory '/tmp/vdd_cfe_coverage_8n5668ys/cFS/build/native/default_cpu1'
make[2]: Entering directory '/tmp/vdd_cfe_coverage_8n5668ys/cFS/build/native/default_cpu1'
make[2]: Leaving directory '/tmp/vdd_cfe_coverage_8n5668ys/cFS/build/native/default_cpu1'
make[2]: Entering directory '/tmp/vdd_cfe_coverage_8n5668ys/cFS/build/native/default_cpu1'
[  0%] Building C object evs/CMakeFiles/evs.dir/fsw/src/cfe_evs.c.o
[  0%] Building C object evs/CMakeFiles/evs.dir/fsw/src/cfe_evs_log.c.o
[  0%] Building C object evs/CMakeFiles/evs.dir/fsw/src/cfe_evs_task.c.o
[  0%] Building C object evs/CMakeFiles/evs.dir/fsw/src/cfe_evs_utils.c.o
[  0%] Building C object evs/CMakeFiles/evs.dir/fsw/src/cfe_evs_objtab.c.o
[  0%] Building C object evs/CMakeFiles/evs.dir/fsw/src/cfe_evs_dispatch.c.o
[  0%] Linking C static library libevs.a
make[2]: Leaving directory '/tmp/vdd_cfe_coverage_8n5668ys/cFS/build/native/default_cpu1'
[  0%] Built target evs
make[2]: Entering directory '/tmp/vdd_cfe_coverage_8n5668ys/cFS/build/native/default_cpu1'
make[2]: Leaving directory '/tmp/vdd_cfe_coverage_8n5668ys/cFS/build/native/default_cpu1'
[  0%] Built target osal_generic-linux_impl
make[2]: Entering directory '/tmp/vdd_cfe_coverage_8n5668ys/cFS/build/native/default_cpu1'
make[2]: Leaving directory '/tmp/vdd_cfe_coverage_8n5668ys/cFS/build/native/default_cpu1'
[  0%] Built target osal_bsp
make[2]: Entering directory '/tmp/vdd_cfe_coverage_8n5668ys/cFS/build/native/default_cpu1'
make[2]: Leaving directory '/tmp/vdd_cfe_coverage_8n5668ys/cFS/build/native/default_cpu1'
[  0%] Built target ut_assert
make[2]: Entering directory '/tmp/vdd_cfe_coverage_8n5668ys/cFS/build/native/default_cpu1'
make[2]: Leaving directory '/tmp/vdd_cfe_coverage_8n5668ys/cFS/build/native/default_cpu1'
make[2]: Entering directory '/tmp/vdd_cfe_coverage_8n5668ys/cFS/build/native/default_cpu1'
[  0%] Building C object evs/ut-coverage/CMakeFiles/coverage-evs-ALL-object.dir/__/fsw/src/cfe_evs.c.o
[  0%] Building C object evs/ut-coverage/CMakeFiles/coverage-evs-ALL-object.dir/__/fsw/src/cfe_evs_log.c.o
[  0%] Building C object evs/ut-coverage/CMakeFiles/coverage-evs-ALL-object.dir/__/fsw/src/cfe_evs_task.c.o
[  0%] Building C object evs/ut-coverage/CMakeFiles/coverage-evs-ALL-object.dir/__/fsw/src/cfe_evs_utils.c.o
[  0%] Building C object evs/ut-coverage/CMakeFiles/coverage-evs-ALL-object.dir/__/fsw/src/cfe_evs_objtab.c.o
[  0%] Building C object evs/ut-coverage/CMakeFiles/coverage-evs-ALL-object.dir/__/fsw/src/cfe_evs_dispatch.c.o
make[2]: Leaving directory '/tmp/vdd_cfe_coverage_8n5668ys/cFS/build/native/default_cpu1'
[  0%] Built target coverage-evs-ALL-object
make[2]: Entering directory '/tmp/vdd_cfe_coverage_8n5668ys/cFS/build/native/default_cpu1'
make[2]: Leaving directory '/tmp/vdd_cfe_coverage_8n5668ys/cFS/build/native/default_cpu1'
[ 22%] Built target ut_psp_api_stubs
make[2]: Entering directory '/tmp/vdd_cfe_coverage_8n5668ys/cFS/build/native/default_cpu1'
make[2]: Leaving directory '/tmp/vdd_cfe_coverage_8n5668ys/cFS/build/native/default_cpu1'
[ 66%] Built target ut_osapi_stubs
make[2]: Entering directory '/tmp/vdd_cfe_coverage_8n5668ys/cFS/build/native/default_cpu1'
make[2]: Leaving directory '/tmp/vdd_cfe_coverage_8n5668ys/cFS/build/native/default_cpu1'
[ 88%] Built target ut_core_api_stubs
make[2]: Entering directory '/tmp/vdd_cfe_coverage_8n5668ys/cFS/build/native/default_cpu1'
make[2]: Leaving directory '/tmp/vdd_cfe_coverage_8n5668ys/cFS/build/native/default_cpu1'
[100%] Built target ut_core_private_stubs
make[2]: Entering directory '/tmp/vdd_cfe_coverage_8n5668ys/cFS/build/native/default_cpu1'
make[2]: Leaving directory '/tmp/vdd_cfe_coverage_8n5668ys/cFS/build/native/default_cpu1'
make[2]: Entering directory '/tmp/vdd_cfe_coverage_8n5668ys/cFS/build/native/default_cpu1'
[100%] Building C object evs/ut-coverage/CMakeFiles/coverage-evs-ALL-testrunner.dir/evs_ut_helpers.c.o
[100%] Building C object evs/ut-coverage/CMakeFiles/coverage-evs-ALL-testrunner.dir/evs_UT.c.o
[100%] Building C object evs/ut-coverage/CMakeFiles/coverage-evs-ALL-testrunner.dir/evs_ut_default_dispatch.c.o
[100%] Linking C executable coverage-evs-ALL-testrunner
make[2]: Leaving directory '/tmp/vdd_cfe_coverage_8n5668ys/cFS/build/native/default_cpu1'
[100%] Built target coverage-evs-ALL-testrunner
make[1]: Leaving directory '/tmp/vdd_cfe_coverage_8n5668ys/cFS/build/native/default_cpu1'
make: Leaving directory '/tmp/vdd_cfe_coverage_8n5668ys/cFS/build/native/default_cpu1/evs'
