$ make -C build cfe-usersguide
# cwd: /tmp/vdd_cfe_docs_azgfvx93/cFS

make: Entering directory '/tmp/vdd_cfe_docs_azgfvx93/cFS/build'
make[1]: Entering directory '/tmp/vdd_cfe_docs_azgfvx93/cFS/build'
make[2]: Entering directory '/tmp/vdd_cfe_docs_azgfvx93/cFS/build'
make[3]: Entering directory '/tmp/vdd_cfe_docs_azgfvx93/cFS/build'
make[3]: Leaving directory '/tmp/vdd_cfe_docs_azgfvx93/cFS/build'
[100%] Built target osal_public_api_headerlist
make[3]: Entering directory '/tmp/vdd_cfe_docs_azgfvx93/cFS/build'
make[3]: Leaving directory '/tmp/vdd_cfe_docs_azgfvx93/cFS/build'
[100%] Built target doc-prebuild
make[3]: Entering directory '/tmp/vdd_cfe_docs_azgfvx93/cFS/build'
make[3]: Leaving directory '/tmp/vdd_cfe_docs_azgfvx93/cFS/build'
make[3]: Entering directory '/tmp/vdd_cfe_docs_azgfvx93/cFS/build'
Doxygen version used: 1.9.8
Searching for include files...
Searching for example files...
Searching for images...
Searching for files in directory /tmp/vdd_cfe_docs_azgfvx93/cFS/cfe/docs/src
Searching for files in directory /tmp/vdd_cfe_docs_azgfvx93/cFS/cfe/docs/src/mnem_maps
Searching for dot files...
Searching for msc files...
Searching for dia files...
Searching for files to exclude
Searching INPUT for files to process...
Searching for files in directory /tmp/vdd_cfe_docs_azgfvx93/cFS/cfe/cmake/sample_defs
Searching for files in directory /tmp/vdd_cfe_docs_azgfvx93/cFS/cfe/cmake/sample_defs/eds
Reading and parsing tag files
Parsing files
Preprocessing /tmp/vdd_cfe_docs_azgfvx93/cFS/cfe/docs/src/cfe_frontpage.dox...
Parsing file /tmp/vdd_cfe_docs_azgfvx93/cFS/cfe/docs/src/cfe_frontpage.dox...
Preprocessing /tmp/vdd_cfe_docs_azgfvx93/cFS/cfe/docs/src/cfe_glossary.dox...
Parsing file /tmp/vdd_cfe_docs_azgfvx93/cFS/cfe/docs/src/cfe_glossary.dox...
Preprocessing /tmp/vdd_cfe_docs_azgfvx93/cFS/cfe/docs/src/cfs_versions.dox...
Parsing file /tmp/vdd_cfe_docs_azgfvx93/cFS/cfe/docs/src/cfs_versions.dox...
Preprocessing /tmp/vdd_cfe_docs_azgfvx93/cFS/cfe/docs/src/cfe_api.dox...
Parsing file /tmp/vdd_cfe_docs_azgfvx93/cFS/cfe/docs/src/cfe_api.dox...
Preprocessing /tmp/vdd_cfe_docs_azgfvx93/cFS/cfe/docs/src/cfe_es.dox...
Parsing file /tmp/vdd_cfe_docs_azgfvx93/cFS/cfe/docs/src/cfe_es.dox...
Preprocessing /tmp/vdd_cfe_docs_azgfvx93/cFS/cfe/docs/src/cfe_evs.dox...
Parsing file /tmp/vdd_cfe_docs_azgfvx93/cFS/cfe/docs/src/cfe_evs.dox...
Preprocessing /tmp/vdd_cfe_docs_azgfvx93/cFS/cfe/docs/src/cfe_sb.dox...
Parsing file /tmp/vdd_cfe_docs_azgfvx93/cFS/cfe/docs/src/cfe_sb.dox...
Preprocessing /tmp/vdd_cfe_docs_azgfvx93/cFS/cfe/docs/src/cfe_tbl.dox...
Parsing file /tmp/vdd_cfe_docs_azgfvx93/cFS/cfe/docs/src/cfe_tbl.dox...
Preprocessing /tmp/vdd_cfe_docs_azgfvx93/cFS/cfe/docs/src/cfe_time.dox...
Parsing file /tmp/vdd_cfe_docs_azgfvx93/cFS/cfe/docs/src/cfe_time.dox...
Preprocessing /tmp/vdd_cfe_docs_azgfvx93/cFS/cfe/docs/src/cfe_xref.dox...
Parsing file /tmp/vdd_cfe_docs_azgfvx93/cFS/cfe/docs/src/cfe_xref.dox...
Preprocessing /tmp/vdd_cfe_docs_azgfvx93/cFS/cfe/modules/config/fsw/inc/cfe_config_external.h...
Parsing file /tmp/vdd_cfe_docs_azgfvx93/cFS/cfe/modules/config/fsw/inc/cfe_config_external.h...
Preprocessing /tmp/vdd_cfe_docs_azgfvx93/cFS/cfe/modules/config/fsw/inc/cfe_config_init.h...
Parsing file /tmp/vdd_cfe_docs_azgfvx93/cFS/cfe/modules/config/fsw/inc/cfe_config_init.h...
Preprocessing /tmp/vdd_cfe_docs_azgfvx93/cFS/cfe/modules/config/fsw/inc/cfe_config_lookup.h...
Parsing file /tmp/vdd_cfe_docs_azgfvx93/cFS/cfe/modules/config/fsw/inc/cfe_config_lookup.h...
Preprocessing /tmp/vdd_cfe_docs_azgfvx93/cFS/cfe/modules/config/fsw/inc/cfe_config_nametable.h...
Parsing file /tmp/vdd_cfe_docs_azgfvx93/cFS/cfe/modules/config/fsw/inc/cfe_config_nametable.h...
Preprocessing /tmp/vdd_cfe_docs_azgfvx93/cFS/cfe/modules/config/fsw/inc/cfe_config_set.h...
Parsing file /tmp/vdd_cfe_docs_azgfvx93/cFS/cfe/modules/config/fsw/inc/cfe_config_set.h...
Preprocessing /tmp/vdd_cfe_docs_azgfvx93/cFS/cfe/modules/config/fsw/inc/cfe_config_table.h...
Parsing file /tmp/vdd_cfe_docs_azgfvx93/cFS/cfe/modules/config/fsw/inc/cfe_config_table.h...
Preprocessing /tmp/vdd_cfe_docs_azgfvx93/cFS/cfe/modules/core_api/config/default_cfe_core_api_base_msgid_values.h...
Parsing file /tmp/vdd_cfe_docs_azgfvx93/cFS/cfe/modules/core_api/config/default_cfe_core_api_base_msgid_values.h...
Preprocessing /tmp/vdd_cfe_docs_azgfvx93/cFS/cfe/modules/core_api/config/default_cfe_core_api_interface_cfg_values.h...
Parsing file /tmp/vdd_cfe_docs_azgfvx93/cFS/cfe/modules/core_api/config/default_cfe_core_api_interface_cfg_values.h...
Preprocessing /tmp/vdd_cfe_docs_azgfvx93/cFS/cfe/modules/core_api/config/default_cfe_core_api_msgid_mapping.h...
Parsing file /tmp/vdd_cfe_docs_azgfvx93/cFS/cfe/modules/core_api/config/default_cfe_core_api_msgid_mapping.h...
Preprocessing /tmp/vdd_cfe_docs_azgfvx93/cFS/cfe/modules/core_api/config/default_cfe_mission_cfg.h...
Parsing file /tmp/vdd_cfe_docs_azgfvx93/cFS/cfe/modules/core_api/config/default_cfe_mission_cfg.h...
Preprocessing /tmp/vdd_cfe_docs_azgfvx93/cFS/cfe/modules/core_api/config/default_cfe_msgids.h...
Parsing file /tmp/vdd_cfe_docs_azgfvx93/cFS/cfe/modules/core_api/config/default_cfe_msgids.h...
Preprocessing /tmp/vdd_cfe_docs_azgfvx93/cFS/cfe/modules/core_api/fsw/inc/cfe.h...
Parsing file /tmp/vdd_cfe_docs_azgfvx93/cFS/cfe/modules/core_api/fsw/inc/cfe.h...
Preprocessing /tmp/vdd_cfe_docs_azgfvx93/cFS/cfe/modules/core_api/fsw/inc/cfe_config.h...
Parsing file /tmp/vdd_cfe_docs_azgfvx93/cFS/cfe/modules/core_api/fsw/inc/cfe_config.h...
Preprocessing /tmp/vdd_cfe_docs_azgfvx93/cFS/cfe/modules/core_api/fsw/inc/cfe_config_api_typedefs.h...
Parsing file /tmp/vdd_cfe_docs_azgfvx93/cFS/cfe/modules/core_api/fsw/inc/cfe_config_api_typedefs.h...
Preprocessing /tmp/vdd_cfe_docs_azgfvx93/cFS/cfe/modules/core_api/fsw/inc/cfe_core_api_base_msgids.h...
Parsing file /tmp/vdd_cfe_docs_azgfvx93/cFS/cfe/modules/core_api/fsw/inc/cfe_core_api_base_msgids.h...
Preprocessing /tmp/vdd_cfe_docs_azgfvx93/cFS/cfe/modules/core_api/fsw/inc/cfe_core_api_interface_cfg.h...
Parsing file /tmp/vdd_cfe_docs_azgfvx93/cFS/cfe/modules/core_api/fsw/inc/cfe_core_api_interface_cfg.h...
Preprocessing /tmp/vdd_cfe_docs_azgfvx93/cFS/cfe/modules/core_api/fsw/inc/cfe_endian.h...
Parsing file /tmp/vdd_cfe_docs_azgfvx93/cFS/cfe/modules/core_api/fsw/inc/cfe_endian.h...
Preprocessing /tmp/vdd_cfe_docs_azgfvx93/cFS/cfe/modules/core_api/fsw/inc/cfe_error.h...
Parsing file /tmp/vdd_cfe_docs_azgfvx93/cFS/cfe/modules/core_api/fsw/inc/cfe_error.h...
Preprocessing /tmp/vdd_cfe_docs_azgfvx93/cFS/cfe/modules/core_api/fsw/inc/cfe_es.h...
Parsing file /tmp/vdd_cfe_docs_azgfvx93/cFS/cfe/modules/core_api/fsw/inc/cfe_es.h...
Preprocessing /tmp/vdd_cfe_docs_azgfvx93/cFS/cfe/modules/core_api/fsw/inc/cfe_es_api_typedefs.h...
Parsing file /tmp/vdd_cfe_docs_azgfvx93/cFS/cfe/modules/core_api/fsw/inc/cfe_es_api_typedefs.h...
Preprocessing /tmp/vdd_cfe_docs_azgfvx93/cFS/cfe/modules/core_api/fsw/inc/cfe_evs.h...
Parsing file /tmp/vdd_cfe_docs_azgfvx93/cFS/cfe/modules/core_api/fsw/inc/cfe_evs.h...
Preprocessing /tmp/vdd_cfe_docs_azgfvx93/cFS/cfe/modules/core_api/fsw/inc/cfe_evs_api_typedefs.h...
Parsing file /tmp/vdd_cfe_docs_azgfvx93/cFS/cfe/modules/core_api/fsw/inc/cfe_evs_api_typedefs.h...
Preprocessing /tmp/vdd_cfe_docs_azgfvx93/cFS/cfe/modules/core_api/fsw/inc/cfe_fs.h...
Parsing file /tmp/vdd_cfe_docs_azgfvx93/cFS/cfe/modules/core_api/fsw/inc/cfe_fs.h...
Preprocessing /tmp/vdd_cfe_docs_azgfvx93/cFS/cfe/modules/core_api/fsw/inc/cfe_fs_api_typedefs.h...
Parsing file /tmp/vdd_cfe_docs_azgfvx93/cFS/cfe/modules/core_api/fsw/inc/cfe_fs_api_typedefs.h...
Preprocessing /tmp/vdd_cfe_docs_azgfvx93/cFS/cfe/modules/core_api/fsw/inc/cfe_msg.h...
Parsing file /tmp/vdd_cfe_docs_azgfvx93/cFS/cfe/modules/core_api/fsw/inc/cfe_msg.h...
Preprocessing /tmp/vdd_cfe_docs_azgfvx93/cFS/cfe/modules/core_api/fsw/inc/cfe_msg_api_typedefs.h...
Parsing file /tmp/vdd_cfe_docs_azgfvx93/cFS/cfe/modules/core_api/fsw/inc/cfe_msg_api_typedefs.h...
Preprocessing /tmp/vdd_cfe_docs_azgfvx93/cFS/cfe/modules/core_api/fsw/inc/cfe_resourceid.h...
Parsing file /tmp/vdd_cfe_docs_azgfvx93/cFS/cfe/modules/core_api/fsw/inc/cfe_resourceid.h...
Preprocessing /tmp/vdd_cfe_docs_azgfvx93/cFS/cfe/modules/core_api/fsw/inc/cfe_resourceid_api_typedefs.h...
Parsing file /tmp/vdd_cfe_docs_azgfvx93/cFS/cfe/modules/core_api/fsw/inc/cfe_resourceid_api_typedefs.h...
Preprocessing /tmp/vdd_cfe_docs_azgfvx93/cFS/cfe/modules/core_api/fsw/inc/cfe_sb.h...
Parsing file /tmp/vdd_cfe_docs_azgfvx93/cFS/cfe/modules/core_api/fsw/inc/cfe_sb.h...
Preprocessing /tmp/vdd_cfe_docs_azgfvx93/cFS/cfe/modules/core_api/fsw/inc/cfe_sb_api_typedefs.h...
Parsing file /tmp/vdd_cfe_docs_azgfvx93/cFS/cfe/modules/core_api/fsw/inc/cfe_sb_api_typedefs.h...
Preprocessing /tmp/vdd_cfe_docs_azgfvx93/cFS/cfe/modules/core_api/fsw/inc/cfe_tbl.h...
Parsing file /tmp/vdd_cfe_docs_azgfvx93/cFS/cfe/modules/core_api/fsw/inc/cfe_tbl.h...
Preprocessing /tmp/vdd_cfe_docs_azgfvx93/cFS/cfe/modules/core_api/fsw/inc/cfe_tbl_api_typedefs.h...
Parsing file /tmp/vdd_cfe_docs_azgfvx93/cFS/cfe/modules/core_api/fsw/inc/cfe_tbl_api_typedefs.h...
Preprocessing /tmp/vdd_cfe_docs_azgfvx93/cFS/cfe/modules/core_api/fsw/inc/cfe_tbl_filedef.h...
Parsing file /tmp/vdd_cfe_docs_azgfvx93/cFS/cfe/modules/core_api/fsw/inc/cfe_tbl_filedef.h...
Preprocessing /tmp/vdd_cfe_docs_azgfvx93/cFS/cfe/modules/core_api/fsw/inc/cfe_time.h...
Parsing file /tmp/vdd_cfe_docs_azgfvx93/cFS/cfe/modules/core_api/fsw/inc/cfe_time.h...
Preprocessing /tmp/vdd_cfe_docs_azgfvx93/cFS/cfe/modules/core_api/fsw/inc/cfe_time_api_typedefs.h...
Parsing file /tmp/vdd_cfe_docs_azgfvx93/cFS/cfe/modules/core_api/fsw/inc/cfe_time_api_typedefs.h...
Preprocessing /tmp/vdd_cfe_docs_azgfvx93/cFS/cfe/modules/core_api/fsw/inc/cfe_version.h...
Parsing file /tmp/vdd_cfe_docs_azgfvx93/cFS/cfe/modules/core_api/fsw/inc/cfe_version.h...
Preprocessing /tmp/vdd_cfe_docs_azgfvx93/cFS/cfe/modules/es/config/default_cfe_es_extern_typedefs.h...
Parsing file /tmp/vdd_cfe_docs_azgfvx93/cFS/cfe/modules/es/config/default_cfe_es_extern_typedefs.h...
Preprocessing /tmp/vdd_cfe_docs_azgfvx93/cFS/cfe/modules/es/config/default_cfe_es_fcncode_values.h...
Parsing file /tmp/vdd_cfe_docs_azgfvx93/cFS/cfe/modules/es/config/default_cfe_es_fcncode_values.h...
Preprocessing /tmp/vdd_cfe_docs_azgfvx93/cFS/cfe/modules/es/config/default_cfe_es_interface_cfg_values.h...
Parsing file /tmp/vdd_cfe_docs_azgfvx93/cFS/cfe/modules/es/config/default_cfe_es_interface_cfg_values.h...
Preprocessing /tmp/vdd_cfe_docs_azgfvx93/cFS/cfe/modules/es/config/default_cfe_es_internal_cfg_values.h...
Parsing file /tmp/vdd_cfe_docs_azgfvx93/cFS/cfe/modules/es/config/default_cfe_es_internal_cfg_values.h...
Preprocessing /tmp/vdd_cfe_docs_azgfvx93/cFS/cfe/modules/es/config/default_cfe_es_memaddress.h...
Parsing file /tmp/vdd_cfe_docs_azgfvx93/cFS/cfe/modules/es/config/default_cfe_es_memaddress.h...
Preprocessing /tmp/vdd_cfe_docs_azgfvx93/cFS/cfe/modules/es/config/default_cfe_es_mission_cfg.h...
Parsing file /tmp/vdd_cfe_docs_azgfvx93/cFS/cfe/modules/es/config/default_cfe_es_mission_cfg.h...
Preprocessing /tmp/vdd_cfe_docs_azgfvx93/cFS/cfe/modules/es/config/default_cfe_es_msg.h...
Parsing file /tmp/vdd_cfe_docs_azgfvx93/cFS/cfe/modules/es/config/default_cfe_es_msg.h...
Preprocessing /tmp/vdd_cfe_docs_azgfvx93/cFS/cfe/modules/es/config/default_cfe_es_msgdefs.h...
Parsing file /tmp/vdd_cfe_docs_azgfvx93/cFS/cfe/modules/es/config/default_cfe_es_msgdefs.h...
Preprocessing /tmp/vdd_cfe_docs_azgfvx93/cFS/cfe/modules/es/config/default_cfe_es_msgid_values.h...
Parsing file /tmp/vdd_cfe_docs_azgfvx93/cFS/cfe/modules/es/config/default_cfe_es_msgid_values.h...
Preprocessing /tmp/vdd_cfe_docs_azgfvx93/cFS/cfe/modules/es/config/default_cfe_es_msgids.h...
Parsing file /tmp/vdd_cfe_docs_azgfvx93/cFS/cfe/modules/es/config/default_cfe_es_msgids.h...
Preprocessing /tmp/vdd_cfe_docs_azgfvx93/cFS/cfe/modules/es/config/default_cfe_es_msgstruct.h...
Parsing file /tmp/vdd_cfe_docs_azgfvx93/cFS/cfe/modules/es/config/default_cfe_es_msgstruct.h...
Preprocessing /tmp/vdd_cfe_docs_azgfvx93/cFS/cfe/modules/es/config/default_cfe_es_platform_cfg.h...
Parsing file /tmp/vdd_cfe_docs_azgfvx93/cFS/cfe/modules/es/config/default_cfe_es_platform_cfg.h...
Preprocessing /tmp/vdd_cfe_docs_azgfvx93/cFS/cfe/modules/es/config/default_cfe_es_topicid_values.h...
Parsing file /tmp/vdd_cfe_docs_azgfvx93/cFS/cfe/modules/es/config/default_cfe_es_topicid_values.h...
Preprocessing /tmp/vdd_cfe_docs_azgfvx93/cFS/cfe/modules/es/fsw/inc/cfe_es_eventids.h...
Parsing file /tmp/vdd_cfe_docs_azgfvx93/cFS/cfe/modules/es/fsw/inc/cfe_es_eventids.h...
Preprocessing /tmp/vdd_cfe_docs_azgfvx93/cFS/cfe/modules/es/fsw/inc/cfe_es_fcncodes.h...
Parsing file /tmp/vdd_cfe_docs_azgfvx93/cFS/cfe/modules/es/fsw/inc/cfe_es_fcncodes.h...
Preprocessing /tmp/vdd_cfe_docs_azgfvx93/cFS/cfe/modules/es/fsw/inc/cfe_es_interface_cfg.h...
Parsing file /tmp/vdd_cfe_docs_azgfvx93/cFS/cfe/modules/es/fsw/inc/cfe_es_interface_cfg.h...
Preprocessing /tmp/vdd_cfe_docs_azgfvx93/cFS/cfe/modules/es/fsw/inc/cfe_es_internal_cfg.h...
Parsing file /tmp/vdd_cfe_docs_azgfvx93/cFS/cfe/modules/es/fsw/inc/cfe_es_internal_cfg.h...
Preprocessing /tmp/vdd_cfe_docs_azgfvx93/cFS/cfe/modules/es/fsw/inc/cfe_es_topicids.h...
Parsing file /tmp/vdd_cfe_docs_azgfvx93/cFS/cfe/modules/es/fsw/inc/cfe_es_topicids.h...
Preprocessing /tmp/vdd_cfe_docs_azgfvx93/cFS/cfe/modules/evs/config/default_cfe_evs_extern_typedefs.h...
Parsing file /tmp/vdd_cfe_docs_azgfvx93/cFS/cfe/modules/evs/config/default_cfe_evs_extern_typedefs.h...
Preprocessing /tmp/vdd_cfe_docs_azgfvx93/cFS/cfe/modules/evs/config/default_cfe_evs_fcncode_values.h...
Parsing file /tmp/vdd_cfe_docs_azgfvx93/cFS/cfe/modules/evs/config/default_cfe_evs_fcncode_values.h...
Preprocessing /tmp/vdd_cfe_docs_azgfvx93/cFS/cfe/modules/evs/config/default_cfe_evs_interface_cfg_values.h...
Parsing file /tmp/vdd_cfe_docs_azgfvx93/cFS/cfe/modules/evs/config/default_cfe_evs_interface_cfg_values.h...
Preprocessing /tmp/vdd_cfe_docs_azgfvx93/cFS/cfe/modules/evs/config/default_cfe_evs_internal_cfg_values.h...
Parsing file /tmp/vdd_cfe_docs_azgfvx93/cFS/cfe/modules/evs/config/default_cfe_evs_internal_cfg_values.h...
Preprocessing /tmp/vdd_cfe_docs_azgfvx93/cFS/cfe/modules/evs/config/default_cfe_evs_mission_cfg.h...
Parsing file /tmp/vdd_cfe_docs_azgfvx93/cFS/cfe/modules/evs/config/default_cfe_evs_mission_cfg.h...
Preprocessing /tmp/vdd_cfe_docs_azgfvx93/cFS/cfe/modules/evs/config/default_cfe_evs_msg.h...
Parsing file /tmp/vdd_cfe_docs_azgfvx93/cFS/cfe/modules/evs/config/default_cfe_evs_msg.h...
Preprocessing /tmp/vdd_cfe_docs_azgfvx93/cFS/cfe/modules/evs/config/default_cfe_evs_msgdefs.h...
Parsing file /tmp/vdd_cfe_docs_azgfvx93/cFS/cfe/modules/evs/config/default_cfe_evs_msgdefs.h...
Preprocessing /tmp/vdd_cfe_docs_azgfvx93/cFS/cfe/modules/evs/config/default_cfe_evs_msgid_values.h...
Parsing file /tmp/vdd_cfe_docs_azgfvx93/cFS/cfe/modules/evs/config/default_cfe_evs_msgid_values.h...
Preprocessing /tmp/vdd_cfe_docs_azgfvx93/cFS/cfe/modules/evs/config/default_cfe_evs_msgids.h...
Parsing file /tmp/vdd_cfe_docs_azgfvx93/cFS/cfe/modules/evs/config/default_cfe_evs_msgids.h...
Preprocessing /tmp/vdd_cfe_docs_azgfvx93/cFS/cfe/modules/evs/config/default_cfe_evs_msgstruct.h...
Parsing file /tmp/vdd_cfe_docs_azgfvx93/cFS/cfe/modules/evs/config/default_cfe_evs_msgstruct.h...
Preprocessing /tmp/vdd_cfe_docs_azgfvx93/cFS/cfe/modules/evs/config/default_cfe_evs_platform_cfg.h...
Parsing file /tmp/vdd_cfe_docs_azgfvx93/cFS/cfe/modules/evs/config/default_cfe_evs_platform_cfg.h...
Preprocessing /tmp/vdd_cfe_docs_azgfvx93/cFS/cfe/modules/evs/config/default_cfe_evs_topicid_values.h...
Parsing file /tmp/vdd_cfe_docs_azgfvx93/cFS/cfe/modules/evs/config/default_cfe_evs_topicid_values.h...
Preprocessing /tmp/vdd_cfe_docs_azgfvx93/cFS/cfe/modules/evs/fsw/inc/cfe_evs_eventids.h...
Parsing file /tmp/vdd_cfe_docs_azgfvx93/cFS/cfe/modules/evs/fsw/inc/cfe_evs_eventids.h...
Preprocessing /tmp/vdd_cfe_docs_azgfvx93/cFS/cfe/modules/evs/fsw/inc/cfe_evs_fcncodes.h...
Parsing file /tmp/vdd_cfe_docs_azgfvx93/cFS/cfe/modules/evs/fsw/inc/cfe_evs_fcncodes.h...
Preprocessing /tmp/vdd_cfe_docs_azgfvx93/cFS/cfe/modules/evs/fsw/inc/cfe_evs_interface_cfg.h...
Parsing file /tmp/vdd_cfe_docs_azgfvx93/cFS/cfe/modules/evs/fsw/inc/cfe_evs_interface_cfg.h...
Preprocessing /tmp/vdd_cfe_docs_azgfvx93/cFS/cfe/modules/evs/fsw/inc/cfe_evs_internal_cfg.h...
Parsing file /tmp/vdd_cfe_docs_azgfvx93/cFS/cfe/modules/evs/fsw/inc/cfe_evs_internal_cfg.h...
Preprocessing /tmp/vdd_cfe_docs_azgfvx93/cFS/cfe/modules/evs/fsw/inc/cfe_evs_topicids.h...
Parsing file /tmp/vdd_cfe_docs_azgfvx93/cFS/cfe/modules/evs/fsw/inc/cfe_evs_topicids.h...
Preprocessing /tmp/vdd_cfe_docs_azgfvx93/cFS/cfe/modules/fs/config/default_cfe_fs_extern_typedefs.h...
Parsing file /tmp/vdd_cfe_docs_azgfvx93/cFS/cfe/modules/fs/config/default_cfe_fs_extern_typedefs.h...
Preprocessing /tmp/vdd_cfe_docs_azgfvx93/cFS/cfe/modules/fs/config/default_cfe_fs_filedef.h...
Parsing file /tmp/vdd_cfe_docs_azgfvx93/cFS/cfe/modules/fs/config/default_cfe_fs_filedef.h...
Preprocessing /tmp/vdd_cfe_docs_azgfvx93/cFS/cfe/modules/fs/config/default_cfe_fs_interface_cfg_values.h...
Parsing file /tmp/vdd_cfe_docs_azgfvx93/cFS/cfe/modules/fs/config/default_cfe_fs_interface_cfg_values.h...
Preprocessing /tmp/vdd_cfe_docs_azgfvx93/cFS/cfe/modules/fs/config/default_cfe_fs_mission_cfg.h...
Parsing file /tmp/vdd_cfe_docs_azgfvx93/cFS/cfe/modules/fs/config/default_cfe_fs_mission_cfg.h...
Preprocessing /tmp/vdd_cfe_docs_azgfvx93/cFS/cfe/modules/fs/fsw/inc/cfe_fs_interface_cfg.h...
Parsing file /tmp/vdd_cfe_docs_azgfvx93/cFS/cfe/modules/fs/fsw/inc/cfe_fs_interface_cfg.h...
Preprocessing /tmp/vdd_cfe_docs_azgfvx93/cFS/cfe/modules/msg/fsw/inc/ccsds_hdr.h...
Parsing file /tmp/vdd_cfe_docs_azgfvx93/cFS/cfe/modules/msg/fsw/inc/ccsds_hdr.h...
Preprocessing /tmp/vdd_cfe_docs_azgfvx93/cFS/cfe/modules/resourceid/fsw/inc/cfe_core_resourceid_basevalues.h...
Parsing file /tmp/vdd_cfe_docs_azgfvx93/cFS/cfe/modules/resourceid/fsw/inc/cfe_core_resourceid_basevalues.h...
Preprocessing /tmp/vdd_cfe_docs_azgfvx93/cFS/cfe/modules/resourceid/fsw/inc/cfe_resourceid_basevalue.h...
Parsing file /tmp/vdd_cfe_docs_azgfvx93/cFS/cfe/modules/resourceid/fsw/inc/cfe_resourceid_basevalue.h...
Preprocessing /tmp/vdd_cfe_docs_azgfvx93/cFS/cfe/modules/sb/config/default_cfe_sb_extern_typedefs.h...
Parsing file /tmp/vdd_cfe_docs_azgfvx93/cFS/cfe/modules/sb/config/default_cfe_sb_extern_typedefs.h...
Preprocessing /tmp/vdd_cfe_docs_azgfvx93/cFS/cfe/modules/sb/config/default_cfe_sb_fcncode_values.h...
Parsing file /tmp/vdd_cfe_docs_azgfvx93/cFS/cfe/modules/sb/config/default_cfe_sb_fcncode_values.h...
Preprocessing /tmp/vdd_cfe_docs_azgfvx93/cFS/cfe/modules/sb/config/default_cfe_sb_interface_cfg_values.h...
Parsing file /tmp/vdd_cfe_docs_azgfvx93/cFS/cfe/modules/sb/config/default_cfe_sb_interface_cfg_values.h...
Preprocessing /tmp/vdd_cfe_docs_azgfvx93/cFS/cfe/modules/sb/config/default_cfe_sb_internal_cfg_values.h...
Parsing file /tmp/vdd_cfe_docs_azgfvx93/cFS/cfe/modules/sb/config/default_cfe_sb_internal_cfg_values.h...
Preprocessing /tmp/vdd_cfe_docs_azgfvx93/cFS/cfe/modules/sb/config/default_cfe_sb_mission_cfg.h...
Parsing file /tmp/vdd_cfe_docs_azgfvx93/cFS/cfe/modules/sb/config/default_cfe_sb_mission_cfg.h...
Preprocessing /tmp/vdd_cfe_docs_azgfvx93/cFS/cfe/modules/sb/config/default_cfe_sb_msg.h...
Parsing file /tmp/vdd_cfe_docs_azgfvx93/cFS/cfe/modules/sb/config/default_cfe_sb_msg.h...
Preprocessing /tmp/vdd_cfe_docs_azgfvx93/cFS/cfe/modules/sb/config/default_cfe_sb_msgdefs.h...
Parsing file /tmp/vdd_cfe_docs_azgfvx93/cFS/cfe/modules/sb/config/default_cfe_sb_msgdefs.h...
Preprocessing /tmp/vdd_cfe_docs_azgfvx93/cFS/cfe/modules/sb/config/default_cfe_sb_msgid_values.h...
Parsing file /tmp/vdd_cfe_docs_azgfvx93/cFS/cfe/modules/sb/config/default_cfe_sb_msgid_values.h...
Preprocessing /tmp/vdd_cfe_docs_azgfvx93/cFS/cfe/modules/sb/config/default_cfe_sb_msgids.h...
Parsing file /tmp/vdd_cfe_docs_azgfvx93/cFS/cfe/modules/sb/config/default_cfe_sb_msgids.h...
Preprocessing /tmp/vdd_cfe_docs_azgfvx93/cFS/cfe/modules/sb/config/default_cfe_sb_msgstruct.h...
Parsing file /tmp/vdd_cfe_docs_azgfvx93/cFS/cfe/modules/sb/config/default_cfe_sb_msgstruct.h...
Preprocessing /tmp/vdd_cfe_docs_azgfvx93/cFS/cfe/modules/sb/config/default_cfe_sb_platform_cfg.h...
Parsing file /tmp/vdd_cfe_docs_azgfvx93/cFS/cfe/modules/sb/config/default_cfe_sb_platform_cfg.h...
Preprocessing /tmp/vdd_cfe_docs_azgfvx93/cFS/cfe/modules/sb/config/default_cfe_sb_topicid_values.h...
Parsing file /tmp/vdd_cfe_docs_azgfvx93/cFS/cfe/modules/sb/config/default_cfe_sb_topicid_values.h...
Preprocessing /tmp/vdd_cfe_docs_azgfvx93/cFS/cfe/modules/sb/fsw/inc/cfe_sb_eventids.h...
Parsing file /tmp/vdd_cfe_docs_azgfvx93/cFS/cfe/modules/sb/fsw/inc/cfe_sb_eventids.h...
Preprocessing /tmp/vdd_cfe_docs_azgfvx93/cFS/cfe/modules/sb/fsw/inc/cfe_sb_fcncodes.h...
Parsing file /tmp/vdd_cfe_docs_azgfvx93/cFS/cfe/modules/sb/fsw/inc/cfe_sb_fcncodes.h...
Preprocessing /tmp/vdd_cfe_docs_azgfvx93/cFS/cfe/modules/sb/fsw/inc/cfe_sb_interface_cfg.h...
Parsing file /tmp/vdd_cfe_docs_azgfvx93/cFS/cfe/modules/sb/fsw/inc/cfe_sb_interface_cfg.h...
Preprocessing /tmp/vdd_cfe_docs_azgfvx93/cFS/cfe/modules/sb/fsw/inc/cfe_sb_internal_cfg.h...
Parsing file /tmp/vdd_cfe_docs_azgfvx93/cFS/cfe/modules/sb/fsw/inc/cfe_sb_internal_cfg.h...
Preprocessing /tmp/vdd_cfe_docs_azgfvx93/cFS/cfe/modules/sb/fsw/inc/cfe_sb_topicids.h...
Parsing file /tmp/vdd_cfe_docs_azgfvx93/cFS/cfe/modules/sb/fsw/inc/cfe_sb_topicids.h...
Preprocessing /tmp/vdd_cfe_docs_azgfvx93/cFS/cfe/modules/tbl/config/default_cfe_tbl_extern_typedefs.h...
Parsing file /tmp/vdd_cfe_docs_azgfvx93/cFS/cfe/modules/tbl/config/default_cfe_tbl_extern_typedefs.h...
Preprocessing /tmp/vdd_cfe_docs_azgfvx93/cFS/cfe/modules/tbl/config/default_cfe_tbl_fcncode_values.h...
Parsing file /tmp/vdd_cfe_docs_azgfvx93/cFS/cfe/modules/tbl/config/default_cfe_tbl_fcncode_values.h...
Preprocessing /tmp/vdd_cfe_docs_azgfvx93/cFS/cfe/modules/tbl/config/default_cfe_tbl_interface_cfg_values.h...
Parsing file /tmp/vdd_cfe_docs_azgfvx93/cFS/cfe/modules/tbl/config/default_cfe_tbl_interface_cfg_values.h...
Preprocessing /tmp/vdd_cfe_docs_azgfvx93/cFS/cfe/modules/tbl/config/default_cfe_tbl_internal_cfg_values.h...
Parsing file /tmp/vdd_cfe_docs_azgfvx93/cFS/cfe/modules/tbl/config/default_cfe_tbl_internal_cfg_values.h...
Preprocessing /tmp/vdd_cfe_docs_azgfvx93/cFS/cfe/modules/tbl/config/default_cfe_tbl_mission_cfg.h...
Parsing file /tmp/vdd_cfe_docs_azgfvx93/cFS/cfe/modules/tbl/config/default_cfe_tbl_mission_cfg.h...
Preprocessing /tmp/vdd_cfe_docs_azgfvx93/cFS/cfe/modules/tbl/config/default_cfe_tbl_msg.h...
Parsing file /tmp/vdd_cfe_docs_azgfvx93/cFS/cfe/modules/tbl/config/default_cfe_tbl_msg.h...
Preprocessing /tmp/vdd_cfe_docs_azgfvx93/cFS/cfe/modules/tbl/config/default_cfe_tbl_msgdefs.h...
Parsing file /tmp/vdd_cfe_docs_azgfvx93/cFS/cfe/modules/tbl/config/default_cfe_tbl_msgdefs.h...
Preprocessing /tmp/vdd_cfe_docs_azgfvx93/cFS/cfe/modules/tbl/config/default_cfe_tbl_msgid_values.h...
Parsing file /tmp/vdd_cfe_docs_azgfvx93/cFS/cfe/modules/tbl/config/default_cfe_tbl_msgid_values.h...
Preprocessing /tmp/vdd_cfe_docs_azgfvx93/cFS/cfe/modules/tbl/config/default_cfe_tbl_msgids.h...
Parsing file /tmp/vdd_cfe_docs_azgfvx93/cFS/cfe/modules/tbl/config/default_cfe_tbl_msgids.h...
Preprocessing /tmp/vdd_cfe_docs_azgfvx93/cFS/cfe/modules/tbl/config/default_cfe_tbl_msgstruct.h...
Parsing file /tmp/vdd_cfe_docs_azgfvx93/cFS/cfe/modules/tbl/config/default_cfe_tbl_msgstruct.h...
Preprocessing /tmp/vdd_cfe_docs_azgfvx93/cFS/cfe/modules/tbl/config/default_cfe_tbl_platform_cfg.h...
Parsing file /tmp/vdd_cfe_docs_azgfvx93/cFS/cfe/modules/tbl/config/default_cfe_tbl_platform_cfg.h...
Preprocessing /tmp/vdd_cfe_docs_azgfvx93/cFS/cfe/modules/tbl/config/default_cfe_tbl_topicid_values.h...
Parsing file /tmp/vdd_cfe_docs_azgfvx93/cFS/cfe/modules/tbl/config/default_cfe_tbl_topicid_values.h...
Preprocessing /tmp/vdd_cfe_docs_azgfvx93/cFS/cfe/modules/tbl/fsw/inc/cfe_tbl_eventids.h...
Parsing file /tmp/vdd_cfe_docs_azgfvx93/cFS/cfe/modules/tbl/fsw/inc/cfe_tbl_eventids.h...
Preprocessing /tmp/vdd_cfe_docs_azgfvx93/cFS/cfe/modules/tbl/fsw/inc/cfe_tbl_fcncodes.h...
Parsing file /tmp/vdd_cfe_docs_azgfvx93/cFS/cfe/modules/tbl/fsw/inc/cfe_tbl_fcncodes.h...
Preprocessing /tmp/vdd_cfe_docs_azgfvx93/cFS/cfe/modules/tbl/fsw/inc/cfe_tbl_interface_cfg.h...
Parsing file /tmp/vdd_cfe_docs_azgfvx93/cFS/cfe/modules/tbl/fsw/inc/cfe_tbl_interface_cfg.h...
Preprocessing /tmp/vdd_cfe_docs_azgfvx93/cFS/cfe/modules/tbl/fsw/inc/cfe_tbl_internal_cfg.h...
Parsing file /tmp/vdd_cfe_docs_azgfvx93/cFS/cfe/modules/tbl/fsw/inc/cfe_tbl_internal_cfg.h...
Preprocessing /tmp/vdd_cfe_docs_azgfvx93/cFS/cfe/modules/tbl/fsw/inc/cfe_tbl_topicids.h...
Parsing file /tmp/vdd_cfe_docs_azgfvx93/cFS/cfe/modules/tbl/fsw/inc/cfe_tbl_topicids.h...
Preprocessing /tmp/vdd_cfe_docs_azgfvx93/cFS/cfe/modules/time/config/default_cfe_time_extern_typedefs.h...
Parsing file /tmp/vdd_cfe_docs_azgfvx93/cFS/cfe/modules/time/config/default_cfe_time_extern_typedefs.h...
Preprocessing /tmp/vdd_cfe_docs_azgfvx93/cFS/cfe/modules/time/config/default_cfe_time_fcncode_values.h...
Parsing file /tmp/vdd_cfe_docs_azgfvx93/cFS/cfe/modules/time/config/default_cfe_time_fcncode_values.h...
Preprocessing /tmp/vdd_cfe_docs_azgfvx93/cFS/cfe/modules/time/config/default_cfe_time_interface_cfg_values.h...
Parsing file /tmp/vdd_cfe_docs_azgfvx93/cFS/cfe/modules/time/config/default_cfe_time_interface_cfg_values.h...
Preprocessing /tmp/vdd_cfe_docs_azgfvx93/cFS/cfe/modules/time/config/default_cfe_time_internal_cfg_values.h...
Parsing file /tmp/vdd_cfe_docs_azgfvx93/cFS/cfe/modules/time/config/default_cfe_time_internal_cfg_values.h...
Preprocessing /tmp/vdd_cfe_docs_azgfvx93/cFS/cfe/modules/time/config/default_cfe_time_mission_cfg.h...
Parsing file /tmp/vdd_cfe_docs_azgfvx93/cFS/cfe/modules/time/config/default_cfe_time_mission_cfg.h...
Preprocessing /tmp/vdd_cfe_docs_azgfvx93/cFS/cfe/modules/time/config/default_cfe_time_msg.h...
Parsing file /tmp/vdd_cfe_docs_azgfvx93/cFS/cfe/modules/time/config/default_cfe_time_msg.h...
Preprocessing /tmp/vdd_cfe_docs_azgfvx93/cFS/cfe/modules/time/config/default_cfe_time_msgdefs.h...
Parsing file /tmp/vdd_cfe_docs_azgfvx93/cFS/cfe/modules/time/config/default_cfe_time_msgdefs.h...
Preprocessing /tmp/vdd_cfe_docs_azgfvx93/cFS/cfe/modules/time/config/default_cfe_time_msgid_values.h...
Parsing file /tmp/vdd_cfe_docs_azgfvx93/cFS/cfe/modules/time/config/default_cfe_time_msgid_values.h...
Preprocessing /tmp/vdd_cfe_docs_azgfvx93/cFS/cfe/modules/time/config/default_cfe_time_msgids.h...
Parsing file /tmp/vdd_cfe_docs_azgfvx93/cFS/cfe/modules/time/config/default_cfe_time_msgids.h...
Preprocessing /tmp/vdd_cfe_docs_azgfvx93/cFS/cfe/modules/time/config/default_cfe_time_msgstruct.h...
Parsing file /tmp/vdd_cfe_docs_azgfvx93/cFS/cfe/modules/time/config/default_cfe_time_msgstruct.h...
Preprocessing /tmp/vdd_cfe_docs_azgfvx93/cFS/cfe/modules/time/config/default_cfe_time_platform_cfg.h...
Parsing file /tmp/vdd_cfe_docs_azgfvx93/cFS/cfe/modules/time/config/default_cfe_time_platform_cfg.h...
Preprocessing /tmp/vdd_cfe_docs_azgfvx93/cFS/cfe/modules/time/config/default_cfe_time_topicid_values.h...
Parsing file /tmp/vdd_cfe_docs_azgfvx93/cFS/cfe/modules/time/config/default_cfe_time_topicid_values.h...
Preprocessing /tmp/vdd_cfe_docs_azgfvx93/cFS/cfe/modules/time/fsw/inc/cfe_time_eventids.h...
Parsing file /tmp/vdd_cfe_docs_azgfvx93/cFS/cfe/modules/time/fsw/inc/cfe_time_eventids.h...
Preprocessing /tmp/vdd_cfe_docs_azgfvx93/cFS/cfe/modules/time/fsw/inc/cfe_time_fcncodes.h...
Parsing file /tmp/vdd_cfe_docs_azgfvx93/cFS/cfe/modules/time/fsw/inc/cfe_time_fcncodes.h...
Preprocessing /tmp/vdd_cfe_docs_azgfvx93/cFS/cfe/modules/time/fsw/inc/cfe_time_interface_cfg.h...
Parsing file /tmp/vdd_cfe_docs_azgfvx93/cFS/cfe/modules/time/fsw/inc/cfe_time_interface_cfg.h...
Preprocessing /tmp/vdd_cfe_docs_azgfvx93/cFS/cfe/modules/time/fsw/inc/cfe_time_internal_cfg.h...
Parsing file /tmp/vdd_cfe_docs_azgfvx93/cFS/cfe/modules/time/fsw/inc/cfe_time_internal_cfg.h...
Preprocessing /tmp/vdd_cfe_docs_azgfvx93/cFS/cfe/modules/time/fsw/inc/cfe_time_topicids.h...
Parsing file /tmp/vdd_cfe_docs_azgfvx93/cFS/cfe/modules/time/fsw/inc/cfe_time_topicids.h...
Preprocessing /tmp/vdd_cfe_docs_azgfvx93/cFS/psp/fsw/inc/cfe_psp.h...
Parsing file /tmp/vdd_cfe_docs_azgfvx93/cFS/psp/fsw/inc/cfe_psp.h...
Preprocessing /tmp/vdd_cfe_docs_azgfvx93/cFS/psp/fsw/inc/cfe_psp_cache_api.h...
Parsing file /tmp/vdd_cfe_docs_azgfvx93/cFS/psp/fsw/inc/cfe_psp_cache_api.h...
Preprocessing /tmp/vdd_cfe_docs_azgfvx93/cFS/psp/fsw/inc/cfe_psp_cds_api.h...
Parsing file /tmp/vdd_cfe_docs_azgfvx93/cFS/psp/fsw/inc/cfe_psp_cds_api.h...
Preprocessing /tmp/vdd_cfe_docs_azgfvx93/cFS/psp/fsw/inc/cfe_psp_eepromaccess_api.h...
Parsing file /tmp/vdd_cfe_docs_azgfvx93/cFS/psp/fsw/inc/cfe_psp_eepromaccess_api.h...
Preprocessing /tmp/vdd_cfe_docs_azgfvx93/cFS/psp/fsw/inc/cfe_psp_endian.h...
Parsing file /tmp/vdd_cfe_docs_azgfvx93/cFS/psp/fsw/inc/cfe_psp_endian.h...
Preprocessing /tmp/vdd_cfe_docs_azgfvx93/cFS/psp/fsw/inc/cfe_psp_error.h...
Parsing file /tmp/vdd_cfe_docs_azgfvx93/cFS/psp/fsw/inc/cfe_psp_error.h...
Preprocessing /tmp/vdd_cfe_docs_azgfvx93/cFS/psp/fsw/inc/cfe_psp_exception_api.h...
Parsing file /tmp/vdd_cfe_docs_azgfvx93/cFS/psp/fsw/inc/cfe_psp_exception_api.h...
Preprocessing /tmp/vdd_cfe_docs_azgfvx93/cFS/psp/fsw/inc/cfe_psp_id_api.h...
Parsing file /tmp/vdd_cfe_docs_azgfvx93/cFS/psp/fsw/inc/cfe_psp_id_api.h...
Preprocessing /tmp/vdd_cfe_docs_azgfvx93/cFS/psp/fsw/inc/cfe_psp_memaccess_api.h...
Parsing file /tmp/vdd_cfe_docs_azgfvx93/cFS/psp/fsw/inc/cfe_psp_memaccess_api.h...
Preprocessing /tmp/vdd_cfe_docs_azgfvx93/cFS/psp/fsw/inc/cfe_psp_memrange_api.h...
Parsing file /tmp/vdd_cfe_docs_azgfvx93/cFS/psp/fsw/inc/cfe_psp_memrange_api.h...
Preprocessing /tmp/vdd_cfe_docs_azgfvx93/cFS/psp/fsw/inc/cfe_psp_port_api.h...
Parsing file /tmp/vdd_cfe_docs_azgfvx93/cFS/psp/fsw/inc/cfe_psp_port_api.h...
Preprocessing /tmp/vdd_cfe_docs_azgfvx93/cFS/psp/fsw/inc/cfe_psp_ssr_api.h...
Parsing file /tmp/vdd_cfe_docs_azgfvx93/cFS/psp/fsw/inc/cfe_psp_ssr_api.h...
Preprocessing /tmp/vdd_cfe_docs_azgfvx93/cFS/psp/fsw/inc/cfe_psp_timertick_api.h...
Parsing file /tmp/vdd_cfe_docs_azgfvx93/cFS/psp/fsw/inc/cfe_psp_timertick_api.h...
Preprocessing /tmp/vdd_cfe_docs_azgfvx93/cFS/psp/fsw/inc/cfe_psp_version_api.h...
Parsing file /tmp/vdd_cfe_docs_azgfvx93/cFS/psp/fsw/inc/cfe_psp_version_api.h...
Preprocessing /tmp/vdd_cfe_docs_azgfvx93/cFS/psp/fsw/inc/cfe_psp_watchdog_api.h...
Parsing file /tmp/vdd_cfe_docs_azgfvx93/cFS/psp/fsw/inc/cfe_psp_watchdog_api.h...
Preprocessing /tmp/vdd_cfe_docs_azgfvx93/cFS/osal/docs/src/osal_frontpage.dox...
Parsing file /tmp/vdd_cfe_docs_azgfvx93/cFS/osal/docs/src/osal_frontpage.dox...
Preprocessing /tmp/vdd_cfe_docs_azgfvx93/cFS/osal/docs/src/osal_fs.dox...
Parsing file /tmp/vdd_cfe_docs_azgfvx93/cFS/osal/docs/src/osal_fs.dox...
Preprocessing /tmp/vdd_cfe_docs_azgfvx93/cFS/osal/docs/src/osal_timer.dox...
Parsing file /tmp/vdd_cfe_docs_azgfvx93/cFS/osal/docs/src/osal_timer.dox...
Preprocessing /tmp/vdd_cfe_docs_azgfvx93/cFS/osal/src/os/inc/common_types.h...
Parsing file /tmp/vdd_cfe_docs_azgfvx93/cFS/osal/src/os/inc/common_types.h...
Preprocessing /tmp/vdd_cfe_docs_azgfvx93/cFS/osal/src/os/inc/osapi-binsem.h...
Parsing file /tmp/vdd_cfe_docs_azgfvx93/cFS/osal/src/os/inc/osapi-binsem.h...
Preprocessing /tmp/vdd_cfe_docs_azgfvx93/cFS/osal/src/os/inc/osapi-bsp.h...
Parsing file /tmp/vdd_cfe_docs_azgfvx93/cFS/osal/src/os/inc/osapi-bsp.h...
Preprocessing /tmp/vdd_cfe_docs_azgfvx93/cFS/osal/src/os/inc/osapi-clock.h...
Parsing file /tmp/vdd_cfe_docs_azgfvx93/cFS/osal/src/os/inc/osapi-clock.h...
Preprocessing /tmp/vdd_cfe_docs_azgfvx93/cFS/osal/src/os/inc/osapi-common.h...
Parsing file /tmp/vdd_cfe_docs_azgfvx93/cFS/osal/src/os/inc/osapi-common.h...
Preprocessing /tmp/vdd_cfe_docs_azgfvx93/cFS/osal/src/os/inc/osapi-condvar.h...
Parsing file /tmp/vdd_cfe_docs_azgfvx93/cFS/osal/src/os/inc/osapi-condvar.h...
Preprocessing /tmp/vdd_cfe_docs_azgfvx93/cFS/osal/src/os/inc/osapi-constants.h...
Parsing file /tmp/vdd_cfe_docs_azgfvx93/cFS/osal/src/os/inc/osapi-constants.h...
Preprocessing /tmp/vdd_cfe_docs_azgfvx93/cFS/osal/src/os/inc/osapi-countsem.h...
Parsing file /tmp/vdd_cfe_docs_azgfvx93/cFS/osal/src/os/inc/osapi-countsem.h...
Preprocessing /tmp/vdd_cfe_docs_azgfvx93/cFS/osal/src/os/inc/osapi-dir.h...
Parsing file /tmp/vdd_cfe_docs_azgfvx93/cFS/osal/src/os/inc/osapi-dir.h...
Preprocessing /tmp/vdd_cfe_docs_azgfvx93/cFS/osal/src/os/inc/osapi-error.h...
Parsing file /tmp/vdd_cfe_docs_azgfvx93/cFS/osal/src/os/inc/osapi-error.h...
Preprocessing /tmp/vdd_cfe_docs_azgfvx93/cFS/osal/src/os/inc/osapi-file.h...
Parsing file /tmp/vdd_cfe_docs_azgfvx93/cFS/osal/src/os/inc/osapi-file.h...
Preprocessing /tmp/vdd_cfe_docs_azgfvx93/cFS/osal/src/os/inc/osapi-filesys.h...
Parsing file /tmp/vdd_cfe_docs_azgfvx93/cFS/osal/src/os/inc/osapi-filesys.h...
Preprocessing /tmp/vdd_cfe_docs_azgfvx93/cFS/osal/src/os/inc/osapi-heap.h...
Parsing file /tmp/vdd_cfe_docs_azgfvx93/cFS/osal/src/os/inc/osapi-heap.h...
Preprocessing /tmp/vdd_cfe_docs_azgfvx93/cFS/osal/src/os/inc/osapi-idmap.h...
Parsing file /tmp/vdd_cfe_docs_azgfvx93/cFS/osal/src/os/inc/osapi-idmap.h...
Preprocessing /tmp/vdd_cfe_docs_azgfvx93/cFS/osal/src/os/inc/osapi-macros.h...
Parsing file /tmp/vdd_cfe_docs_azgfvx93/cFS/osal/src/os/inc/osapi-macros.h...
Preprocessing /tmp/vdd_cfe_docs_azgfvx93/cFS/osal/src/os/inc/osapi-module.h...
Parsing file /tmp/vdd_cfe_docs_azgfvx93/cFS/osal/src/os/inc/osapi-module.h...
Preprocessing /tmp/vdd_cfe_docs_azgfvx93/cFS/osal/src/os/inc/osapi-mutex.h...
Parsing file /tmp/vdd_cfe_docs_azgfvx93/cFS/osal/src/os/inc/osapi-mutex.h...
Preprocessing /tmp/vdd_cfe_docs_azgfvx93/cFS/osal/src/os/inc/osapi-network.h...
Parsing file /tmp/vdd_cfe_docs_azgfvx93/cFS/osal/src/os/inc/osapi-network.h...
Preprocessing /tmp/vdd_cfe_docs_azgfvx93/cFS/osal/src/os/inc/osapi-printf.h...
Parsing file /tmp/vdd_cfe_docs_azgfvx93/cFS/osal/src/os/inc/osapi-printf.h...
Preprocessing /tmp/vdd_cfe_docs_azgfvx93/cFS/osal/src/os/inc/osapi-queue.h...
Parsing file /tmp/vdd_cfe_docs_azgfvx93/cFS/osal/src/os/inc/osapi-queue.h...
Preprocessing /tmp/vdd_cfe_docs_azgfvx93/cFS/osal/src/os/inc/osapi-rwlock.h...
Parsing file /tmp/vdd_cfe_docs_azgfvx93/cFS/osal/src/os/inc/osapi-rwlock.h...
Preprocessing /tmp/vdd_cfe_docs_azgfvx93/cFS/osal/src/os/inc/osapi-select.h...
Parsing file /tmp/vdd_cfe_docs_azgfvx93/cFS/osal/src/os/inc/osapi-select.h...
Preprocessing /tmp/vdd_cfe_docs_azgfvx93/cFS/osal/src/os/inc/osapi-shell.h...
Parsing file /tmp/vdd_cfe_docs_azgfvx93/cFS/osal/src/os/inc/osapi-shell.h...
Preprocessing /tmp/vdd_cfe_docs_azgfvx93/cFS/osal/src/os/inc/osapi-sockets.h...
Parsing file /tmp/vdd_cfe_docs_azgfvx93/cFS/osal/src/os/inc/osapi-sockets.h...
Preprocessing /tmp/vdd_cfe_docs_azgfvx93/cFS/osal/src/os/inc/osapi-task.h...
Parsing file /tmp/vdd_cfe_docs_azgfvx93/cFS/osal/src/os/inc/osapi-task.h...
Preprocessing /tmp/vdd_cfe_docs_azgfvx93/cFS/osal/src/os/inc/osapi-timebase.h...
Parsing file /tmp/vdd_cfe_docs_azgfvx93/cFS/osal/src/os/inc/osapi-timebase.h...
Preprocessing /tmp/vdd_cfe_docs_azgfvx93/cFS/osal/src/os/inc/osapi-timer.h...
Parsing file /tmp/vdd_cfe_docs_azgfvx93/cFS/osal/src/os/inc/osapi-timer.h...
Preprocessing /tmp/vdd_cfe_docs_azgfvx93/cFS/osal/src/os/inc/osapi-version.h...
Parsing file /tmp/vdd_cfe_docs_azgfvx93/cFS/osal/src/os/inc/osapi-version.h...
Preprocessing /tmp/vdd_cfe_docs_azgfvx93/cFS/osal/src/os/inc/osapi.h...
Parsing file /tmp/vdd_cfe_docs_azgfvx93/cFS/osal/src/os/inc/osapi.h...
Preprocessing /tmp/vdd_cfe_docs_azgfvx93/cFS/build/osal_public_api/inc/osconfig.h...
Parsing file /tmp/vdd_cfe_docs_azgfvx93/cFS/build/osal_public_api/inc/osconfig.h...
Preprocessing /tmp/vdd_cfe_docs_azgfvx93/cFS/cfe/cmake/sample_defs/cfe_perfids.h...
Parsing file /tmp/vdd_cfe_docs_azgfvx93/cFS/cfe/cmake/sample_defs/cfe_perfids.h...
Preprocessing /tmp/vdd_cfe_docs_azgfvx93/cFS/cfe/cmake/sample_defs/example_2x32bit_cfe_es_memaddress.h...
Parsing file /tmp/vdd_cfe_docs_azgfvx93/cFS/cfe/cmake/sample_defs/example_2x32bit_cfe_es_memaddress.h...
Preprocessing /tmp/vdd_cfe_docs_azgfvx93/cFS/cfe/cmake/sample_defs/example_32bit_cfe_es_memaddress.h...
Parsing file /tmp/vdd_cfe_docs_azgfvx93/cFS/cfe/cmake/sample_defs/example_32bit_cfe_es_memaddress.h...
Preprocessing /tmp/vdd_cfe_docs_azgfvx93/cFS/cfe/cmake/sample_defs/example_64bit_cfe_es_memaddress.h...
Parsing file /tmp/vdd_cfe_docs_azgfvx93/cFS/cfe/cmake/sample_defs/example_64bit_cfe_es_memaddress.h...
Preprocessing /tmp/vdd_cfe_docs_azgfvx93/cFS/cfe/cmake/sample_defs/example_mission_cfg.h...
Parsing file /tmp/vdd_cfe_docs_azgfvx93/cFS/cfe/cmake/sample_defs/example_mission_cfg.h...
Preprocessing /tmp/vdd_cfe_docs_azgfvx93/cFS/cfe/cmake/sample_defs/example_platform_cfg.h...
Parsing file /tmp/vdd_cfe_docs_azgfvx93/cFS/cfe/cmake/sample_defs/example_platform_cfg.h...
Building macro definition list...
Building group list...
Building directory list...
Building namespace list...
Building file list...
Building class list...
Building concept list...
Computing nesting relations for classes...
Associating documentation with classes...
Associating documentation with concepts...
Associating documentation with modules...
Building example list...
Searching for enumerations...
Searching for documented typedefs...
Searching for members imported via using declarations...
Searching for included using directives...
Searching for documented variables...
Building interface member list...
Building member list...
Searching for friends...
Searching for documented defines...
Computing class inheritance relations...
Computing class usage relations...
Flushing cached template relations that have become invalid...
Computing class relations...
Add enum values to enums...
Searching for member function documentation...
Creating members for template instances...
Building page list...
Search for main page...
Computing page relations...
Determining the scope of groups...
Computing module relations...
Sorting lists...
Determining which enums are documented
Computing member relations...
Building full member lists recursively...
Adding members to member groups.
Computing member references...
Inheriting documentation...
Generating disk names...
Adding source references...
Adding xrefitems...
Sorting member lists...
Setting anonymous enum type...
Computing dependencies between directories...
Generating citations page...
Counting members...
Counting data structures...
Resolving user defined references...
Finding anchors and sections in the documentation...
Transferring function references...
Combining using relations...
Adding members to index pages...
Correcting members for VHDL...
Computing tooltip texts...
Generating style sheet...
Generating search indices...
Generating example documentation...
Generating file sources...
Generating code for file build/osal_public_api/inc/osconfig.h...
Generating code for file cfe_perfids.h...
Generating code for file example_2x32bit_cfe_es_memaddress.h...
Generating code for file example_32bit_cfe_es_memaddress.h...
Generating code for file example_64bit_cfe_es_memaddress.h...
Generating code for file example_mission_cfg.h...
Generating code for file example_platform_cfg.h...
Parsing code for file cfe/docs/src/cfe_api.dox...
Parsing code for file cfe/docs/src/cfe_es.dox...
Parsing code for file cfe/docs/src/cfe_evs.dox...
Parsing code for file cfe/docs/src/cfe_frontpage.dox...
Parsing code for file cfe/docs/src/cfe_glossary.dox...
Parsing code for file cfe/docs/src/cfe_sb.dox...
Parsing code for file cfe/docs/src/cfe_tbl.dox...
Parsing code for file cfe/docs/src/cfe_time.dox...
Parsing code for file cfe/docs/src/cfe_xref.dox...
Parsing code for file cfe/docs/src/cfs_versions.dox...
Generating code for file cfe/modules/config/fsw/inc/cfe_config_external.h...
Generating code for file cfe/modules/config/fsw/inc/cfe_config_init.h...
Generating code for file cfe/modules/config/fsw/inc/cfe_config_lookup.h...
Generating code for file cfe/modules/config/fsw/inc/cfe_config_nametable.h...
Generating code for file cfe/modules/config/fsw/inc/cfe_config_set.h...
Generating code for file cfe/modules/config/fsw/inc/cfe_config_table.h...
Generating code for file cfe/modules/core_api/config/default_cfe_core_api_base_msgid_values.h...
Generating code for file cfe/modules/core_api/config/default_cfe_core_api_interface_cfg_values.h...
Generating code for file cfe/modules/core_api/config/default_cfe_core_api_msgid_mapping.h...
Generating code for file cfe/modules/core_api/config/default_cfe_mission_cfg.h...
Generating code for file cfe/modules/core_api/config/default_cfe_msgids.h...
Generating code for file cfe/modules/core_api/fsw/inc/cfe.h...
Generating code for file cfe/modules/core_api/fsw/inc/cfe_config.h...
Generating code for file cfe/modules/core_api/fsw/inc/cfe_config_api_typedefs.h...
Generating code for file cfe/modules/core_api/fsw/inc/cfe_core_api_base_msgids.h...
Generating code for file cfe/modules/core_api/fsw/inc/cfe_core_api_interface_cfg.h...
Generating code for file cfe/modules/core_api/fsw/inc/cfe_endian.h...
Generating code for file cfe/modules/core_api/fsw/inc/cfe_error.h...
Generating code for file cfe/modules/core_api/fsw/inc/cfe_es.h...
Generating code for file cfe/modules/core_api/fsw/inc/cfe_es_api_typedefs.h...
Generating code for file cfe/modules/core_api/fsw/inc/cfe_evs.h...
Generating code for file cfe/modules/core_api/fsw/inc/cfe_evs_api_typedefs.h...
Generating code for file cfe/modules/core_api/fsw/inc/cfe_fs.h...
Generating code for file cfe/modules/core_api/fsw/inc/cfe_fs_api_typedefs.h...
Generating code for file cfe/modules/core_api/fsw/inc/cfe_msg.h...
Generating code for file cfe/modules/core_api/fsw/inc/cfe_msg_api_typedefs.h...
Generating code for file cfe/modules/core_api/fsw/inc/cfe_resourceid.h...
Generating code for file cfe/modules/core_api/fsw/inc/cfe_resourceid_api_typedefs.h...
Generating code for file cfe/modules/core_api/fsw/inc/cfe_sb.h...
Generating code for file cfe/modules/core_api/fsw/inc/cfe_sb_api_typedefs.h...
Generating code for file cfe/modules/core_api/fsw/inc/cfe_tbl.h...
Generating code for file cfe/modules/core_api/fsw/inc/cfe_tbl_api_typedefs.h...
Generating code for file cfe/modules/core_api/fsw/inc/cfe_tbl_filedef.h...
Generating code for file cfe/modules/core_api/fsw/inc/cfe_time.h...
Generating code for file cfe/modules/core_api/fsw/inc/cfe_time_api_typedefs.h...
Generating code for file cfe/modules/core_api/fsw/inc/cfe_version.h...
Generating code for file cfe/modules/es/config/default_cfe_es_extern_typedefs.h...
Generating code for file cfe/modules/es/config/default_cfe_es_fcncode_values.h...
Generating code for file cfe/modules/es/config/default_cfe_es_interface_cfg_values.h...
Generating code for file cfe/modules/es/config/default_cfe_es_internal_cfg_values.h...
Generating code for file cfe/modules/es/config/default_cfe_es_memaddress.h...
Generating code for file cfe/modules/es/config/default_cfe_es_mission_cfg.h...
Generating code for file cfe/modules/es/config/default_cfe_es_msg.h...
Generating code for file cfe/modules/es/config/default_cfe_es_msgdefs.h...
Generating code for file cfe/modules/es/config/default_cfe_es_msgid_values.h...
Generating code for file cfe/modules/es/config/default_cfe_es_msgids.h...
Generating code for file cfe/modules/es/config/default_cfe_es_msgstruct.h...
Generating code for file cfe/modules/es/config/default_cfe_es_platform_cfg.h...
Generating code for file cfe/modules/es/config/default_cfe_es_topicid_values.h...
Generating code for file cfe/modules/es/fsw/inc/cfe_es_eventids.h...
Generating code for file cfe/modules/es/fsw/inc/cfe_es_fcncodes.h...
Generating code for file cfe/modules/es/fsw/inc/cfe_es_interface_cfg.h...
Generating code for file cfe/modules/es/fsw/inc/cfe_es_internal_cfg.h...
Generating code for file cfe/modules/es/fsw/inc/cfe_es_topicids.h...
Generating code for file cfe/modules/evs/config/default_cfe_evs_extern_typedefs.h...
Generating code for file cfe/modules/evs/config/default_cfe_evs_fcncode_values.h...
Generating code for file cfe/modules/evs/config/default_cfe_evs_interface_cfg_values.h...
Generating code for file cfe/modules/evs/config/default_cfe_evs_internal_cfg_values.h...
Generating code for file cfe/modules/evs/config/default_cfe_evs_mission_cfg.h...
Generating code for file cfe/modules/evs/config/default_cfe_evs_msg.h...
Generating code for file cfe/modules/evs/config/default_cfe_evs_msgdefs.h...
Generating code for file cfe/modules/evs/config/default_cfe_evs_msgid_values.h...
Generating code for file cfe/modules/evs/config/default_cfe_evs_msgids.h...
Generating code for file cfe/modules/evs/config/default_cfe_evs_msgstruct.h...
Generating code for file cfe/modules/evs/config/default_cfe_evs_platform_cfg.h...
Generating code for file cfe/modules/evs/config/default_cfe_evs_topicid_values.h...
Generating code for file cfe/modules/evs/fsw/inc/cfe_evs_eventids.h...
Generating code for file cfe/modules/evs/fsw/inc/cfe_evs_fcncodes.h...
Generating code for file cfe/modules/evs/fsw/inc/cfe_evs_interface_cfg.h...
Generating code for file cfe/modules/evs/fsw/inc/cfe_evs_internal_cfg.h...
Generating code for file cfe/modules/evs/fsw/inc/cfe_evs_topicids.h...
Generating code for file cfe/modules/fs/config/default_cfe_fs_extern_typedefs.h...
Generating code for file cfe/modules/fs/config/default_cfe_fs_filedef.h...
Generating code for file cfe/modules/fs/config/default_cfe_fs_interface_cfg_values.h...
Generating code for file cfe/modules/fs/config/default_cfe_fs_mission_cfg.h...
Generating code for file cfe/modules/fs/fsw/inc/cfe_fs_interface_cfg.h...
Generating code for file cfe/modules/msg/fsw/inc/ccsds_hdr.h...
Generating code for file cfe/modules/resourceid/fsw/inc/cfe_core_resourceid_basevalues.h...
Generating code for file cfe/modules/resourceid/fsw/inc/cfe_resourceid_basevalue.h...
Generating code for file cfe/modules/sb/config/default_cfe_sb_extern_typedefs.h...
Generating code for file cfe/modules/sb/config/default_cfe_sb_fcncode_values.h...
Generating code for file cfe/modules/sb/config/default_cfe_sb_interface_cfg_values.h...
Generating code for file cfe/modules/sb/config/default_cfe_sb_internal_cfg_values.h...
Generating code for file cfe/modules/sb/config/default_cfe_sb_mission_cfg.h...
Generating code for file cfe/modules/sb/config/default_cfe_sb_msg.h...
Generating code for file cfe/modules/sb/config/default_cfe_sb_msgdefs.h...
Generating code for file cfe/modules/sb/config/default_cfe_sb_msgid_values.h...
Generating code for file cfe/modules/sb/config/default_cfe_sb_msgids.h...
Generating code for file cfe/modules/sb/config/default_cfe_sb_msgstruct.h...
Generating code for file cfe/modules/sb/config/default_cfe_sb_platform_cfg.h...
Generating code for file cfe/modules/sb/config/default_cfe_sb_topicid_values.h...
Generating code for file cfe/modules/sb/fsw/inc/cfe_sb_eventids.h...
Generating code for file cfe/modules/sb/fsw/inc/cfe_sb_fcncodes.h...
Generating code for file cfe/modules/sb/fsw/inc/cfe_sb_interface_cfg.h...
Generating code for file cfe/modules/sb/fsw/inc/cfe_sb_internal_cfg.h...
Generating code for file cfe/modules/sb/fsw/inc/cfe_sb_topicids.h...
Generating code for file cfe/modules/tbl/config/default_cfe_tbl_extern_typedefs.h...
Generating code for file cfe/modules/tbl/config/default_cfe_tbl_fcncode_values.h...
Generating code for file cfe/modules/tbl/config/default_cfe_tbl_interface_cfg_values.h...
Generating code for file cfe/modules/tbl/config/default_cfe_tbl_internal_cfg_values.h...
Generating code for file cfe/modules/tbl/config/default_cfe_tbl_mission_cfg.h...
Generating code for file cfe/modules/tbl/config/default_cfe_tbl_msg.h...
Generating code for file cfe/modules/tbl/config/default_cfe_tbl_msgdefs.h...
Generating code for file cfe/modules/tbl/config/default_cfe_tbl_msgid_values.h...
Generating code for file cfe/modules/tbl/config/default_cfe_tbl_msgids.h...
Generating code for file cfe/modules/tbl/config/default_cfe_tbl_msgstruct.h...
Generating code for file cfe/modules/tbl/config/default_cfe_tbl_platform_cfg.h...
Generating code for file cfe/modules/tbl/config/default_cfe_tbl_topicid_values.h...
Generating code for file cfe/modules/tbl/fsw/inc/cfe_tbl_eventids.h...
Generating code for file cfe/modules/tbl/fsw/inc/cfe_tbl_fcncodes.h...
Generating code for file cfe/modules/tbl/fsw/inc/cfe_tbl_interface_cfg.h...
Generating code for file cfe/modules/tbl/fsw/inc/cfe_tbl_internal_cfg.h...
Generating code for file cfe/modules/tbl/fsw/inc/cfe_tbl_topicids.h...
Generating code for file cfe/modules/time/config/default_cfe_time_extern_typedefs.h...
Generating code for file cfe/modules/time/config/default_cfe_time_fcncode_values.h...
Generating code for file cfe/modules/time/config/default_cfe_time_interface_cfg_values.h...
Generating code for file cfe/modules/time/config/default_cfe_time_internal_cfg_values.h...
Generating code for file cfe/modules/time/config/default_cfe_time_mission_cfg.h...
Generating code for file cfe/modules/time/config/default_cfe_time_msg.h...
Generating code for file cfe/modules/time/config/default_cfe_time_msgdefs.h...
Generating code for file cfe/modules/time/config/default_cfe_time_msgid_values.h...
Generating code for file cfe/modules/time/config/default_cfe_time_msgids.h...
Generating code for file cfe/modules/time/config/default_cfe_time_msgstruct.h...
Generating code for file cfe/modules/time/config/default_cfe_time_platform_cfg.h...
Generating code for file cfe/modules/time/config/default_cfe_time_topicid_values.h...
Generating code for file cfe/modules/time/fsw/inc/cfe_time_eventids.h...
Generating code for file cfe/modules/time/fsw/inc/cfe_time_fcncodes.h...
Generating code for file cfe/modules/time/fsw/inc/cfe_time_interface_cfg.h...
Generating code for file cfe/modules/time/fsw/inc/cfe_time_internal_cfg.h...
Generating code for file cfe/modules/time/fsw/inc/cfe_time_topicids.h...
Parsing code for file osal/docs/src/osal_frontpage.dox...
Parsing code for file osal/docs/src/osal_fs.dox...
Parsing code for file osal/docs/src/osal_timer.dox...
Generating code for file osal/src/os/inc/common_types.h...
Generating code for file osal/src/os/inc/osapi-binsem.h...
Generating code for file osal/src/os/inc/osapi-bsp.h...
Generating code for file osal/src/os/inc/osapi-clock.h...
Generating code for file osal/src/os/inc/osapi-common.h...
Generating code for file osal/src/os/inc/osapi-condvar.h...
Generating code for file osal/src/os/inc/osapi-constants.h...
Generating code for file osal/src/os/inc/osapi-countsem.h...
Generating code for file osal/src/os/inc/osapi-dir.h...
Generating code for file osal/src/os/inc/osapi-error.h...
Generating code for file osal/src/os/inc/osapi-file.h...
Generating code for file osal/src/os/inc/osapi-filesys.h...
Generating code for file osal/src/os/inc/osapi-heap.h...
Generating code for file osal/src/os/inc/osapi-idmap.h...
Generating code for file osal/src/os/inc/osapi-macros.h...
Generating code for file osal/src/os/inc/osapi-module.h...
Generating code for file osal/src/os/inc/osapi-mutex.h...
Generating code for file osal/src/os/inc/osapi-network.h...
Generating code for file osal/src/os/inc/osapi-printf.h...
Generating code for file osal/src/os/inc/osapi-queue.h...
Generating code for file osal/src/os/inc/osapi-rwlock.h...
Generating code for file osal/src/os/inc/osapi-select.h...
Generating code for file osal/src/os/inc/osapi-shell.h...
Generating code for file osal/src/os/inc/osapi-sockets.h...
Generating code for file osal/src/os/inc/osapi-task.h...
Generating code for file osal/src/os/inc/osapi-timebase.h...
Generating code for file osal/src/os/inc/osapi-timer.h...
Generating code for file osal/src/os/inc/osapi-version.h...
Generating code for file osal/src/os/inc/osapi.h...
Generating code for file psp/fsw/inc/cfe_psp.h...
Generating code for file psp/fsw/inc/cfe_psp_cache_api.h...
Generating code for file psp/fsw/inc/cfe_psp_cds_api.h...
Generating code for file psp/fsw/inc/cfe_psp_eepromaccess_api.h...
Generating code for file psp/fsw/inc/cfe_psp_endian.h...
Generating code for file psp/fsw/inc/cfe_psp_error.h...
Generating code for file psp/fsw/inc/cfe_psp_exception_api.h...
Generating code for file psp/fsw/inc/cfe_psp_id_api.h...
Generating code for file psp/fsw/inc/cfe_psp_memaccess_api.h...
Generating code for file psp/fsw/inc/cfe_psp_memrange_api.h...
Generating code for file psp/fsw/inc/cfe_psp_port_api.h...
Generating code for file psp/fsw/inc/cfe_psp_ssr_api.h...
Generating code for file psp/fsw/inc/cfe_psp_timertick_api.h...
Generating code for file psp/fsw/inc/cfe_psp_version_api.h...
Generating code for file psp/fsw/inc/cfe_psp_watchdog_api.h...
Generating file documentation...
Generating docs for file build/osal_public_api/inc/osconfig.h...
Generating docs for file cfe_perfids.h...
Generating docs for file example_2x32bit_cfe_es_memaddress.h...
Generating docs for file example_32bit_cfe_es_memaddress.h...
Generating docs for file example_64bit_cfe_es_memaddress.h...
Generating docs for file example_mission_cfg.h...
Generating docs for file example_platform_cfg.h...
Generating docs for file cfe/docs/src/cfe_api.dox...
Generating docs for file cfe/docs/src/cfe_es.dox...
Generating docs for file cfe/docs/src/cfe_evs.dox...
Generating docs for file cfe/docs/src/cfe_frontpage.dox...
Generating docs for file cfe/docs/src/cfe_glossary.dox...
Generating docs for file cfe/docs/src/cfe_sb.dox...
Generating docs for file cfe/docs/src/cfe_tbl.dox...
Generating docs for file cfe/docs/src/cfe_time.dox...
Generating docs for file cfe/docs/src/cfe_xref.dox...
Generating docs for file cfe/docs/src/cfs_versions.dox...
Generating docs for file cfe/modules/config/fsw/inc/cfe_config_external.h...
Generating docs for file cfe/modules/config/fsw/inc/cfe_config_init.h...
Generating docs for file cfe/modules/config/fsw/inc/cfe_config_lookup.h...
Generating docs for file cfe/modules/config/fsw/inc/cfe_config_nametable.h...
Generating docs for file cfe/modules/config/fsw/inc/cfe_config_set.h...
Generating docs for file cfe/modules/config/fsw/inc/cfe_config_table.h...
Generating docs for file cfe/modules/core_api/config/default_cfe_core_api_base_msgid_values.h...
Generating docs for file cfe/modules/core_api/config/default_cfe_core_api_interface_cfg_values.h...
Generating docs for file cfe/modules/core_api/config/default_cfe_core_api_msgid_mapping.h...
Generating docs for file cfe/modules/core_api/config/default_cfe_mission_cfg.h...
Generating docs for file cfe/modules/core_api/config/default_cfe_msgids.h...
Generating docs for file cfe/modules/core_api/fsw/inc/cfe.h...
Generating docs for file cfe/modules/core_api/fsw/inc/cfe_config.h...
Generating docs for file cfe/modules/core_api/fsw/inc/cfe_config_api_typedefs.h...
Generating docs for file cfe/modules/core_api/fsw/inc/cfe_core_api_base_msgids.h...
Generating docs for file cfe/modules/core_api/fsw/inc/cfe_core_api_interface_cfg.h...
Generating docs for file cfe/modules/core_api/fsw/inc/cfe_endian.h...
Generating docs for file cfe/modules/core_api/fsw/inc/cfe_error.h...
Generating docs for file cfe/modules/core_api/fsw/inc/cfe_es.h...
Generating docs for file cfe/modules/core_api/fsw/inc/cfe_es_api_typedefs.h...
Generating docs for file cfe/modules/core_api/fsw/inc/cfe_evs.h...
Generating docs for file cfe/modules/core_api/fsw/inc/cfe_evs_api_typedefs.h...
Generating docs for file cfe/modules/core_api/fsw/inc/cfe_fs.h...
Generating docs for file cfe/modules/core_api/fsw/inc/cfe_fs_api_typedefs.h...
Generating docs for file cfe/modules/core_api/fsw/inc/cfe_msg.h...
Generating docs for file cfe/modules/core_api/fsw/inc/cfe_msg_api_typedefs.h...
Generating docs for file cfe/modules/core_api/fsw/inc/cfe_resourceid.h...
Generating call graph for function CFE_ResourceId_IsDefined
Generating docs for file cfe/modules/core_api/fsw/inc/cfe_resourceid_api_typedefs.h...
Generating docs for file cfe/modules/core_api/fsw/inc/cfe_sb.h...
Generating docs for file cfe/modules/core_api/fsw/inc/cfe_sb_api_typedefs.h...
Generating docs for file cfe/modules/core_api/fsw/inc/cfe_tbl.h...
Generating docs for file cfe/modules/core_api/fsw/inc/cfe_tbl_api_typedefs.h...
Generating docs for file cfe/modules/core_api/fsw/inc/cfe_tbl_filedef.h...
Generating docs for file cfe/modules/core_api/fsw/inc/cfe_time.h...
Generating docs for file cfe/modules/core_api/fsw/inc/cfe_time_api_typedefs.h...
Generating docs for file cfe/modules/core_api/fsw/inc/cfe_version.h...
Generating docs for file cfe/modules/es/config/default_cfe_es_extern_typedefs.h...
Generating docs for file cfe/modules/es/config/default_cfe_es_fcncode_values.h...
Generating docs for file cfe/modules/es/config/default_cfe_es_interface_cfg_values.h...
Generating docs for file cfe/modules/es/config/default_cfe_es_internal_cfg_values.h...
Generating docs for file cfe/modules/es/config/default_cfe_es_memaddress.h...
Generating docs for file cfe/modules/es/config/default_cfe_es_mission_cfg.h...
Generating docs for file cfe/modules/es/config/default_cfe_es_msg.h...
Generating docs for file cfe/modules/es/config/default_cfe_es_msgdefs.h...
Generating docs for file cfe/modules/es/config/default_cfe_es_msgid_values.h...
Generating docs for file cfe/modules/es/config/default_cfe_es_msgids.h...
Generating docs for file cfe/modules/es/config/default_cfe_es_msgstruct.h...
Generating docs for file cfe/modules/es/config/default_cfe_es_platform_cfg.h...
Generating docs for file cfe/modules/es/config/default_cfe_es_topicid_values.h...
Generating docs for file cfe/modules/es/fsw/inc/cfe_es_eventids.h...
Generating docs for file cfe/modules/es/fsw/inc/cfe_es_fcncodes.h...
Generating docs for file cfe/modules/es/fsw/inc/cfe_es_interface_cfg.h...
Generating docs for file cfe/modules/es/fsw/inc/cfe_es_internal_cfg.h...
Generating docs for file cfe/modules/es/fsw/inc/cfe_es_topicids.h...
Generating docs for file cfe/modules/evs/config/default_cfe_evs_extern_typedefs.h...
Generating docs for file cfe/modules/evs/config/default_cfe_evs_fcncode_values.h...
Generating docs for file cfe/modules/evs/config/default_cfe_evs_interface_cfg_values.h...
Generating docs for file cfe/modules/evs/config/default_cfe_evs_internal_cfg_values.h...
Generating docs for file cfe/modules/evs/config/default_cfe_evs_mission_cfg.h...
Generating docs for file cfe/modules/evs/config/default_cfe_evs_msg.h...
Generating docs for file cfe/modules/evs/config/default_cfe_evs_msgdefs.h...
Generating docs for file cfe/modules/evs/config/default_cfe_evs_msgid_values.h...
Generating docs for file cfe/modules/evs/config/default_cfe_evs_msgids.h...
Generating docs for file cfe/modules/evs/config/default_cfe_evs_msgstruct.h...
Generating docs for file cfe/modules/evs/config/default_cfe_evs_platform_cfg.h...
Generating docs for file cfe/modules/evs/config/default_cfe_evs_topicid_values.h...
Generating docs for file cfe/modules/evs/fsw/inc/cfe_evs_eventids.h...
Generating docs for file cfe/modules/evs/fsw/inc/cfe_evs_fcncodes.h...
Generating docs for file cfe/modules/evs/fsw/inc/cfe_evs_interface_cfg.h...
Generating docs for file cfe/modules/evs/fsw/inc/cfe_evs_internal_cfg.h...
Generating docs for file cfe/modules/evs/fsw/inc/cfe_evs_topicids.h...
Generating docs for file cfe/modules/fs/config/default_cfe_fs_extern_typedefs.h...
Generating docs for file cfe/modules/fs/config/default_cfe_fs_filedef.h...
Generating docs for file cfe/modules/fs/config/default_cfe_fs_interface_cfg_values.h...
Generating docs for file cfe/modules/fs/config/default_cfe_fs_mission_cfg.h...
Generating docs for file cfe/modules/fs/fsw/inc/cfe_fs_interface_cfg.h...
Generating docs for file cfe/modules/msg/fsw/inc/ccsds_hdr.h...
Generating docs for file cfe/modules/resourceid/fsw/inc/cfe_core_resourceid_basevalues.h...
Generating docs for file cfe/modules/resourceid/fsw/inc/cfe_resourceid_basevalue.h...
Generating docs for file cfe/modules/sb/config/default_cfe_sb_extern_typedefs.h...
Generating docs for file cfe/modules/sb/config/default_cfe_sb_fcncode_values.h...
Generating docs for file cfe/modules/sb/config/default_cfe_sb_interface_cfg_values.h...
Generating docs for file cfe/modules/sb/config/default_cfe_sb_internal_cfg_values.h...
Generating docs for file cfe/modules/sb/config/default_cfe_sb_mission_cfg.h...
Generating docs for file cfe/modules/sb/config/default_cfe_sb_msg.h...
Generating docs for file cfe/modules/sb/config/default_cfe_sb_msgdefs.h...
Generating docs for file cfe/modules/sb/config/default_cfe_sb_msgid_values.h...
Generating docs for file cfe/modules/sb/config/default_cfe_sb_msgids.h...
Generating docs for file cfe/modules/sb/config/default_cfe_sb_msgstruct.h...
Generating docs for file cfe/modules/sb/config/default_cfe_sb_platform_cfg.h...
Generating docs for file cfe/modules/sb/config/default_cfe_sb_topicid_values.h...
Generating docs for file cfe/modules/sb/fsw/inc/cfe_sb_eventids.h...
Generating docs for file cfe/modules/sb/fsw/inc/cfe_sb_fcncodes.h...
Generating docs for file cfe/modules/sb/fsw/inc/cfe_sb_interface_cfg.h...
Generating docs for file cfe/modules/sb/fsw/inc/cfe_sb_internal_cfg.h...
Generating docs for file cfe/modules/sb/fsw/inc/cfe_sb_topicids.h...
Generating docs for file cfe/modules/tbl/config/default_cfe_tbl_extern_typedefs.h...
Generating docs for file cfe/modules/tbl/config/default_cfe_tbl_fcncode_values.h...
Generating docs for file cfe/modules/tbl/config/default_cfe_tbl_interface_cfg_values.h...
Generating docs for file cfe/modules/tbl/config/default_cfe_tbl_internal_cfg_values.h...
Generating docs for file cfe/modules/tbl/config/default_cfe_tbl_mission_cfg.h...
Generating docs for file cfe/modules/tbl/config/default_cfe_tbl_msg.h...
Generating docs for file cfe/modules/tbl/config/default_cfe_tbl_msgdefs.h...
Generating docs for file cfe/modules/tbl/config/default_cfe_tbl_msgid_values.h...
Generating docs for file cfe/modules/tbl/config/default_cfe_tbl_msgids.h...
Generating docs for file cfe/modules/tbl/config/default_cfe_tbl_msgstruct.h...
Generating docs for file cfe/modules/tbl/config/default_cfe_tbl_platform_cfg.h...
Generating docs for file cfe/modules/tbl/config/default_cfe_tbl_topicid_values.h...
Generating docs for file cfe/modules/tbl/fsw/inc/cfe_tbl_eventids.h...
Generating docs for file cfe/modules/tbl/fsw/inc/cfe_tbl_fcncodes.h...
Generating docs for file cfe/modules/tbl/fsw/inc/cfe_tbl_interface_cfg.h...
Generating docs for file cfe/modules/tbl/fsw/inc/cfe_tbl_internal_cfg.h...
Generating docs for file cfe/modules/tbl/fsw/inc/cfe_tbl_topicids.h...
Generating docs for file cfe/modules/time/config/default_cfe_time_extern_typedefs.h...
Generating docs for file cfe/modules/time/config/default_cfe_time_fcncode_values.h...
Generating docs for file cfe/modules/time/config/default_cfe_time_interface_cfg_values.h...
Generating docs for file cfe/modules/time/config/default_cfe_time_internal_cfg_values.h...
Generating docs for file cfe/modules/time/config/default_cfe_time_mission_cfg.h...
Generating docs for file cfe/modules/time/config/default_cfe_time_msg.h...
Generating docs for file cfe/modules/time/config/default_cfe_time_msgdefs.h...
Generating docs for file cfe/modules/time/config/default_cfe_time_msgid_values.h...
Generating docs for file cfe/modules/time/config/default_cfe_time_msgids.h...
Generating docs for file cfe/modules/time/config/default_cfe_time_msgstruct.h...
Generating docs for file cfe/modules/time/config/default_cfe_time_platform_cfg.h...
Generating docs for file cfe/modules/time/config/default_cfe_time_topicid_values.h...
Generating docs for file cfe/modules/time/fsw/inc/cfe_time_eventids.h...
Generating docs for file cfe/modules/time/fsw/inc/cfe_time_fcncodes.h...
Generating docs for file cfe/modules/time/fsw/inc/cfe_time_interface_cfg.h...
Generating docs for file cfe/modules/time/fsw/inc/cfe_time_internal_cfg.h...
Generating docs for file cfe/modules/time/fsw/inc/cfe_time_topicids.h...
Generating docs for file osal/docs/src/osal_frontpage.dox...
Generating docs for file osal/docs/src/osal_fs.dox...
Generating docs for file osal/docs/src/osal_timer.dox...
Generating docs for file osal/src/os/inc/common_types.h...
Generating docs for file osal/src/os/inc/osapi-binsem.h...
Generating docs for file osal/src/os/inc/osapi-bsp.h...
Generating docs for file osal/src/os/inc/osapi-clock.h...
Generating docs for file osal/src/os/inc/osapi-common.h...
Generating docs for file osal/src/os/inc/osapi-condvar.h...
Generating docs for file osal/src/os/inc/osapi-constants.h...
Generating docs for file osal/src/os/inc/osapi-countsem.h...
Generating docs for file osal/src/os/inc/osapi-dir.h...
Generating docs for file osal/src/os/inc/osapi-error.h...
Generating docs for file osal/src/os/inc/osapi-file.h...
Generating docs for file osal/src/os/inc/osapi-filesys.h...
Generating docs for file osal/src/os/inc/osapi-heap.h...
Generating docs for file osal/src/os/inc/osapi-idmap.h...
Generating docs for file osal/src/os/inc/osapi-macros.h...
Generating docs for file osal/src/os/inc/osapi-module.h...
Generating docs for file osal/src/os/inc/osapi-mutex.h...
Generating docs for file osal/src/os/inc/osapi-network.h...
Generating docs for file osal/src/os/inc/osapi-printf.h...
Generating docs for file osal/src/os/inc/osapi-queue.h...
Generating docs for file osal/src/os/inc/osapi-rwlock.h...
Generating docs for file osal/src/os/inc/osapi-select.h...
Generating docs for file osal/src/os/inc/osapi-shell.h...
Generating docs for file osal/src/os/inc/osapi-sockets.h...
Generating docs for file osal/src/os/inc/osapi-task.h...
Generating docs for file osal/src/os/inc/osapi-timebase.h...
Generating docs for file osal/src/os/inc/osapi-timer.h...
Generating docs for file osal/src/os/inc/osapi-version.h...
Generating docs for file osal/src/os/inc/osapi.h...
Generating docs for file psp/fsw/inc/cfe_psp.h...
Generating docs for file psp/fsw/inc/cfe_psp_cache_api.h...
Generating docs for file psp/fsw/inc/cfe_psp_cds_api.h...
Generating docs for file psp/fsw/inc/cfe_psp_eepromaccess_api.h...
Generating docs for file psp/fsw/inc/cfe_psp_endian.h...
Generating docs for file psp/fsw/inc/cfe_psp_error.h...
Generating docs for file psp/fsw/inc/cfe_psp_exception_api.h...
Generating docs for file psp/fsw/inc/cfe_psp_id_api.h...
Generating docs for file psp/fsw/inc/cfe_psp_memaccess_api.h...
Generating docs for file psp/fsw/inc/cfe_psp_memrange_api.h...
Generating docs for file psp/fsw/inc/cfe_psp_port_api.h...
Generating docs for file psp/fsw/inc/cfe_psp_ssr_api.h...
Generating docs for file psp/fsw/inc/cfe_psp_timertick_api.h...
Generating docs for file psp/fsw/inc/cfe_psp_version_api.h...
Generating docs for file psp/fsw/inc/cfe_psp_watchdog_api.h...
Generating page documentation...
Generating docs for page cfefrontpage...
Generating docs for page cfebackground...
Generating docs for page cfeappdocs...
Generating docs for page cfedependencies...
Generating docs for page cfeacronyms...
Generating docs for page cfeglossary...
Generating docs for page cfsversions...
Generating docs for page cfeapi...
Generating docs for page cfeesovr...
Generating docs for page cfeesugterm...
Generating docs for page cfeesugappterm...
Generating docs for page cfeesugtaskterm...
Generating docs for page cfeesugstartupterm...
Generating docs for page cfeesugswreset...
Generating docs for page cfeesugresettype...
Generating docs for page cfeesugresetlog...
Generating docs for page cfeesugappsrv...
Generating docs for page cfeesugappstart...
Generating docs for page cfeesugappstop...
Generating docs for page cfeesugapprestart...
Generating docs for page cfeesugappreload...
Generating docs for page cfeesugapplist...
Generating docs for page cfeesugtasklist...
Generating docs for page cfeesugloadlibs...
Generating docs for page cfeesugfilesrv...
Generating docs for page cfeesugperfsrv...
Generating docs for page cfeesugperftrig...
Generating docs for page cfeesugperfstart...
Generating docs for page cfeesugperfstop...
Generating docs for page cfeesugperfview...
Generating docs for page cfeesugcdssrv...
Generating docs for page cfeesugmempoolsrv...
Generating docs for page cfeesugsyslogsrv...
Generating docs for page cfeesugversion...
Generating docs for page cfeesugfaq...
Generating docs for page cfeescmds...
Generating docs for page cfeestlm...
Generating docs for page cfeescfg...
Generating docs for page cfeevsovr...
Generating docs for page cfeevsugmsgformat...
Generating docs for page cfeevsuglog...
Generating docs for page cfeevsugmsgcntrl...
Generating docs for page cfeevsugmsgfilter...
Generating docs for page cfeevsugregistry...
Generating docs for page cfeevsugcounters...
Generating docs for page cfeevsugresetctrs...
Generating docs for page cfeevsugprocreset...
Generating docs for page cfeevsugsquelch...
Generating docs for page cfeevsugfaq...
Generating docs for page cfeevscmds...
Generating docs for page cfeevstlm...
Generating docs for page cfeevscfg...
Generating docs for page cfesbovr...
Generating docs for page cfesbugterms...
Generating docs for page cfesbugmsgs...
Generating docs for page cfesbugpipes...
Generating docs for page cfesbugsubs...
Generating docs for page cfesbugmem...
Generating docs for page cfesbugauto...
Generating docs for page cfesbugops...
Generating docs for page cfesbuginit...
Generating docs for page cfesbugreset...
Generating docs for page cfesbugrouting...
Generating docs for page cfesbugpktseqvals...
Generating docs for page cfesbugmsgpipeerr...
Generating docs for page cfesbugovererr...
Generating docs for page cfesbugeventfilt...
Generating docs for page cfesbugdiagdata...
Generating docs for page cfesbugroutcntrl...
Generating docs for page cfesbugqos...
Generating docs for page cfesbugknwnprob...
Generating docs for page cfesbugfaq...
Generating docs for page cfesbcmds...
Generating docs for page cfesbtlm...
Generating docs for page cfesbcfg...
Generating docs for page cfetblovr...
Generating docs for page cfetblugmanage...
Generating docs for page cfetblugtypes...
Generating docs for page cfetblugsnglbuff...
Generating docs for page cfetblugdblbuff...
Generating docs for page cfetblugvalfunc...
Generating docs for page cfetblugcritical...
Generating docs for page cfetbluguserdef...
Generating docs for page cfetblugdumponly...
Generating docs for page cfetblugregistry...
Generating docs for page cfetblugtelemetry...
Generating docs for page cfetblugprocreset...
Generating docs for page cfetblugfaq...
Generating docs for page cfetblcmds...
Generating docs for page cfetbltlm...
Generating docs for page cfetblcfg...
Generating docs for page cfetimeovr...
Generating docs for page cfetimeugcomponents...
Generating docs for page cfetimeugstruct...
Generating docs for page cfetimeugformat...
Generating docs for page cfetimeugconfig...
Generating docs for page cfetimeugformsel...
Generating docs for page cfetimeugfaketone...
Generating docs for page cfetimeugtoneorder...
Generating docs for page cfetimeugtonewindow...
Generating docs for page cfetimeugserver...
Generating docs for page cfetimeugendian...
Generating docs for page cfetimeugvirtualmet...
Generating docs for page cfetimeugsource...
Generating docs for page cfetimeugsignal...
Generating docs for page cfetimeugparadigm...
Generating docs for page cfetimeugflywheeling...
Generating docs for page cfetimeugstate...
Generating docs for page cfetimeuginit...
Generating docs for page cfetimeugpoweron...
Generating docs for page cfetimeugprocessor...
Generating docs for page cfetimeugnormal...
Generating docs for page cfetimeugclientops...
Generating docs for page cfetimeugserverops...
Generating docs for page cfetimeugsettime...
Generating docs for page cfetimeugadjust...
Generating docs for page cfetimeugsetmet...
Generating docs for page cfetimeugfaq...
Generating docs for page cfetimecmds...
Generating docs for page cfetimetlm...
Generating docs for page cfetimecfg...
Generating docs for page cfeevents...
Generating docs for page cfecmdmnems...
Generating docs for page cfetlmmnems...
Generating docs for page osalfrontpage...
Generating docs for page osalIntro...
Generating docs for page osalfsovr...
Generating docs for page osalfsfd...
Generating docs for page osaltimerover...
Generating docs for page cfemissioncfg...
Generating group documentation...
Generating call graph for function OS_TimeCompare
Generating call graph for function OS_TimeGetMicrosecondsPart
Generating call graph for function OS_TimeGetMillisecondsPart
Generating call graph for function OS_TimeGetNanosecondsPart
Generating call graph for function OS_TimeGetSubsecondsPart
Generating class documentation...
Generating docs for compound CCSDS_ExtendedHeader...
Generating docs for compound CCSDS_PrimaryHeader...
Generating docs for compound CFE_Config_ArrayValue...
Generating docs for compound CFE_Config_IdNameEntry...
Generating docs for compound CFE_Config_ValueBuffer...
Generating docs for compound CFE_Config_ValueEntry...
Generating docs for compound CFE_ES_AppInfo...
Generating docs for compound CFE_ES_AppNameCmd_Payload...
Generating docs for compound CFE_ES_AppReloadCmd_Payload...
Generating docs for compound CFE_ES_BlockStats...
Generating docs for compound CFE_ES_CDSRegDumpRec...
Generating docs for compound CFE_ES_ClearERLogCmd...
Generating docs for compound CFE_ES_ClearSysLogCmd...
Generating docs for compound CFE_ES_DeleteCDSCmd...
Generating docs for compound CFE_ES_DeleteCDSCmd_Payload...
Generating docs for compound CFE_ES_DumpCDSRegistryCmd...
Generating docs for compound CFE_ES_DumpCDSRegistryCmd_Payload...
Generating docs for compound CFE_ES_FileNameCmd...
Generating docs for compound CFE_ES_FileNameCmd_Payload...
Generating docs for compound CFE_ES_HousekeepingTlm...
Generating docs for compound CFE_ES_HousekeepingTlm_Payload...
Generating docs for compound CFE_ES_MemAddress_t...
Generating docs for compound CFE_ES_MemOffset_t...
Generating docs for compound CFE_ES_MemPoolStats...
Generating docs for compound CFE_ES_MemStatsTlm...
Generating docs for compound CFE_ES_NoopCmd...
Generating docs for compound CFE_ES_OneAppTlm...
Generating docs for compound CFE_ES_OneAppTlm_Payload...
Generating docs for compound CFE_ES_OverWriteSysLogCmd...
Generating docs for compound CFE_ES_OverWriteSysLogCmd_Payload...
Generating docs for compound CFE_ES_PoolAlign...
Generating docs for compound CFE_ES_PoolStatsTlm_Payload...
Generating docs for compound CFE_ES_QueryAllCmd...
Generating docs for compound CFE_ES_QueryAllTasksCmd...
Generating docs for compound CFE_ES_QueryOneCmd...
Generating docs for compound CFE_ES_ReloadAppCmd...
Generating docs for compound CFE_ES_ResetCountersCmd...
Generating docs for compound CFE_ES_ResetPRCountCmd...
Generating docs for compound CFE_ES_RestartAppCmd...
Generating docs for compound CFE_ES_RestartCmd...
Generating docs for compound CFE_ES_RestartCmd_Payload...
Generating docs for compound CFE_ES_SendHkCmd...
Generating docs for compound CFE_ES_SendMemPoolStatsCmd...
Generating docs for compound CFE_ES_SendMemPoolStatsCmd_Payload...
Generating docs for compound CFE_ES_SetMaxPRCountCmd...
Generating docs for compound CFE_ES_SetMaxPRCountCmd_Payload...
Generating docs for compound CFE_ES_SetPerfFilterMaskCmd...
Generating docs for compound CFE_ES_SetPerfFilterMaskCmd_Payload...
Generating docs for compound CFE_ES_SetPerfTriggerMaskCmd...
Generating docs for compound CFE_ES_SetPerfTrigMaskCmd_Payload...
Generating docs for compound CFE_ES_StartApp...
Generating docs for compound CFE_ES_StartAppCmd_Payload...
Generating docs for compound CFE_ES_StartPerfCmd_Payload...
Generating docs for compound CFE_ES_StartPerfDataCmd...
Generating docs for compound CFE_ES_StopAppCmd...
Generating docs for compound CFE_ES_StopPerfCmd_Payload...
Generating docs for compound CFE_ES_StopPerfDataCmd...
Generating docs for compound CFE_ES_TaskInfo...
Generating docs for compound CFE_ES_WriteERLogCmd...
Generating docs for compound CFE_ES_WriteSysLogCmd...
Generating docs for compound CFE_EVS_AddEventFilterCmd...
Generating docs for compound CFE_EVS_AppDataCmd_Payload...
Generating docs for compound CFE_EVS_AppNameBitMaskCmd_Payload...
Generating docs for compound CFE_EVS_AppNameCmd_Payload...
Generating docs for compound CFE_EVS_AppNameEventIDCmd_Payload...
Generating docs for compound CFE_EVS_AppNameEventIDMaskCmd_Payload...
Generating docs for compound CFE_EVS_AppTlmData...
Generating docs for compound CFE_EVS_BinFilter...
Generating docs for compound CFE_EVS_BitMaskCmd_Payload...
Generating docs for compound CFE_EVS_ClearLogCmd...
Generating docs for compound CFE_EVS_DeleteEventFilterCmd...
Generating docs for compound CFE_EVS_DisableAppEventsCmd...
Generating docs for compound CFE_EVS_DisableAppEventTypeCmd...
Generating docs for compound CFE_EVS_DisableEventTypeCmd...
Generating docs for compound CFE_EVS_DisablePortsCmd...
Generating docs for compound CFE_EVS_EnableAppEventsCmd...
Generating docs for compound CFE_EVS_EnableAppEventTypeCmd...
Generating docs for compound CFE_EVS_EnableEventTypeCmd...
Generating docs for compound CFE_EVS_EnablePortsCmd...
Generating docs for compound CFE_EVS_HousekeepingTlm...
Generating docs for compound CFE_EVS_HousekeepingTlm_Payload...
Generating docs for compound CFE_EVS_LogFileCmd_Payload...
Generating docs for compound CFE_EVS_LongEventTlm...
Generating docs for compound CFE_EVS_LongEventTlm_Payload...
Generating docs for compound CFE_EVS_NoopCmd...
Generating docs for compound CFE_EVS_PacketID...
Generating docs for compound CFE_EVS_ResetAllFiltersCmd...
Generating docs for compound CFE_EVS_ResetAppCounterCmd...
Generating docs for compound CFE_EVS_ResetCountersCmd...
Generating docs for compound CFE_EVS_ResetFilterCmd...
Generating docs for compound CFE_EVS_SendHkCmd...
Generating docs for compound CFE_EVS_SetEventFormatCode_Payload...
Generating docs for compound CFE_EVS_SetEventFormatModeCmd...
Generating docs for compound CFE_EVS_SetFilterCmd...
Generating docs for compound CFE_EVS_SetLogMode_Payload...
Generating docs for compound CFE_EVS_SetLogModeCmd...
Generating docs for compound CFE_EVS_ShortEventTlm...
Generating docs for compound CFE_EVS_ShortEventTlm_Payload...
Generating docs for compound CFE_EVS_WriteAppDataFileCmd...
Generating docs for compound CFE_EVS_WriteLogDataFileCmd...
Generating docs for compound CFE_FS_FileWriteMetaData...
Generating docs for compound CFE_FS_Header...
Generating docs for compound CFE_SB_AllSubscriptionsTlm...
Generating docs for compound CFE_SB_AllSubscriptionsTlm_Payload...
Generating docs for compound CFE_SB_DisableRouteCmd...
Generating docs for compound CFE_SB_DisableSubReportingCmd...
Generating docs for compound CFE_SB_EnableRouteCmd...
Generating docs for compound CFE_SB_EnableSubReportingCmd...
Generating docs for compound CFE_SB_HousekeepingTlm...
Generating docs for compound CFE_SB_HousekeepingTlm_Payload...
Generating docs for compound CFE_SB_Msg...
Generating docs for compound CFE_SB_MsgId_t...
Generating docs for compound CFE_SB_MsgMapFileEntry...
Generating docs for compound CFE_SB_NoopCmd...
Generating docs for compound CFE_SB_PipeDepthStats...
Generating docs for compound CFE_SB_PipeInfoEntry...
Generating docs for compound CFE_SB_Qos_t...
Generating docs for compound CFE_SB_ResetCountersCmd...
Generating docs for compound CFE_SB_RouteCmd_Payload...
Generating docs for compound CFE_SB_RoutingFileEntry...
Generating docs for compound CFE_SB_SendHkCmd...
Generating docs for compound CFE_SB_SendPrevSubsCmd...
Generating docs for compound CFE_SB_SendSbStatsCmd...
Generating docs for compound CFE_SB_SingleSubscriptionTlm...
Generating docs for compound CFE_SB_SingleSubscriptionTlm_Payload...
Generating docs for compound CFE_SB_StatsTlm...
Generating docs for compound CFE_SB_StatsTlm_Payload...
Generating docs for compound CFE_SB_SubEntries...
Generating docs for compound CFE_SB_WriteFileInfoCmd_Payload...
Generating docs for compound CFE_SB_WriteMapInfoCmd...
Generating docs for compound CFE_SB_WritePipeInfoCmd...
Generating docs for compound CFE_SB_WriteRoutingInfoCmd...
Generating docs for compound CFE_TBL_AbortLoadCmd...
Generating docs for compound CFE_TBL_AbortLoadCmd_Payload...
Generating docs for compound CFE_TBL_ActivateCmd...
Generating docs for compound CFE_TBL_ActivateCmd_Payload...
Generating docs for compound CFE_TBL_CombinedFileHdr...
Generating docs for compound CFE_TBL_DelCDSCmd_Payload...
Generating docs for compound CFE_TBL_DeleteCDSCmd...
Generating docs for compound CFE_TBL_DumpCmd...
Generating docs for compound CFE_TBL_DumpCmd_Payload...
Generating docs for compound CFE_TBL_DumpRegistryCmd...
Generating docs for compound CFE_TBL_DumpRegistryCmd_Payload...
Generating docs for compound CFE_TBL_File_Hdr...
Generating docs for compound CFE_TBL_FileDef...
Generating docs for compound CFE_TBL_HousekeepingTlm...
Generating docs for compound CFE_TBL_HousekeepingTlm_Payload...
Generating docs for compound CFE_TBL_Info...
Generating docs for compound CFE_TBL_LoadCmd...
Generating docs for compound CFE_TBL_LoadCmd_Payload...
Generating docs for compound CFE_TBL_NoopCmd...
Generating docs for compound CFE_TBL_NotifyCmd...
Generating docs for compound CFE_TBL_NotifyCmd_Payload...
Generating docs for compound CFE_TBL_ResetCountersCmd...
Generating docs for compound CFE_TBL_SendHkCmd...
Generating docs for compound CFE_TBL_SendRegistryCmd...
Generating docs for compound CFE_TBL_SendRegistryCmd_Payload...
Generating docs for compound CFE_TBL_TableRegistryTlm...
Generating docs for compound CFE_TBL_TblRegPacket_Payload...
Generating docs for compound CFE_TBL_ValidateCmd...
Generating docs for compound CFE_TBL_ValidateCmd_Payload...
Generating docs for compound CFE_TIME_AddAdjustCmd...
Generating docs for compound CFE_TIME_AddDelayCmd...
Generating docs for compound CFE_TIME_AddOneHzAdjustmentCmd...
Generating docs for compound CFE_TIME_DiagnosticTlm...
Generating docs for compound CFE_TIME_DiagnosticTlm_Payload...
Generating docs for compound CFE_TIME_FakeToneCmd...
Generating docs for compound CFE_TIME_HousekeepingTlm...
Generating docs for compound CFE_TIME_HousekeepingTlm_Payload...
Generating docs for compound CFE_TIME_LeapsCmd_Payload...
Generating docs for compound CFE_TIME_NoopCmd...
Generating docs for compound CFE_TIME_OneHzAdjustmentCmd_Payload...
Generating docs for compound CFE_TIME_OneHzCmd...
Generating docs for compound CFE_TIME_ResetCountersCmd...
Generating docs for compound CFE_TIME_SendDiagnosticCmd...
Generating docs for compound CFE_TIME_SendHkCmd...
Generating docs for compound CFE_TIME_SetLeapSecondsCmd...
Generating docs for compound CFE_TIME_SetMETCmd...
Generating docs for compound CFE_TIME_SetSignalCmd...
Generating docs for compound CFE_TIME_SetSourceCmd...
Generating docs for compound CFE_TIME_SetStateCmd...
Generating docs for compound CFE_TIME_SetSTCFCmd...
Generating docs for compound CFE_TIME_SetTimeCmd...
Generating docs for compound CFE_TIME_SignalCmd_Payload...
Generating docs for compound CFE_TIME_SourceCmd_Payload...
Generating docs for compound CFE_TIME_StateCmd_Payload...
Generating docs for compound CFE_TIME_SubAdjustCmd...
Generating docs for compound CFE_TIME_SubDelayCmd...
Generating docs for compound CFE_TIME_SubOneHzAdjustmentCmd...
Generating docs for compound CFE_TIME_SysTime...
Generating docs for compound CFE_TIME_TimeCmd_Payload...
Generating docs for compound CFE_TIME_ToneDataCmd...
Generating docs for compound CFE_TIME_ToneDataCmd_Payload...
Generating docs for compound CFE_TIME_ToneSignalCmd...
Generating docs for compound OS_bin_sem_prop_t...
Generating docs for compound OS_condvar_prop_t...
Generating docs for compound OS_count_sem_prop_t...
Generating docs for compound os_dirent_t...
Generating docs for compound OS_FdSet...
Generating docs for compound OS_file_prop_t...
Generating docs for compound os_fsinfo_t...
Generating docs for compound os_fstat_t...
Generating docs for compound OS_heap_prop_t...
Generating docs for compound OS_module_address_t...
Generating docs for compound OS_module_prop_t...
Generating docs for compound OS_mut_sem_prop_t...
Generating docs for compound OS_queue_prop_t...
Generating docs for compound OS_rwlock_prop_t...
Generating docs for compound OS_SockAddr_t...
Generating docs for compound OS_SockAddrData_t...
Generating docs for compound OS_socket_optval...
Generating docs for compound OS_socket_prop_t...
Generating docs for compound OS_static_symbol_record_t...
Generating docs for compound OS_statvfs_t...
Generating docs for compound OS_task_prop_t...
Generating docs for compound OS_time_t...
Generating docs for compound OS_timebase_prop_t...
Generating docs for compound OS_timer_prop_t...
Generating concept documentation...
Generating module documentation...
Generating namespace documentation...
Generating graph info page...
Generating directory documentation...
Generating dependency graph for directory cfe/modules/config
Generating dependency graph for directory cfe/modules/core_api/config
Generating dependency graph for directory cfe/modules/es/config
Generating dependency graph for directory cfe/modules/evs/config
Generating dependency graph for directory cfe/modules/fs/config
Generating dependency graph for directory cfe/modules/sb/config
Generating dependency graph for directory cfe/modules/tbl/config
Generating dependency graph for directory cfe/modules/time/config
Generating dependency graph for directory cfe/modules/core_api
Generating dependency graph for directory osal/docs
Generating dependency graph for directory cfe/modules/es
Generating dependency graph for directory cfe/modules/evs
Generating dependency graph for directory cfe/modules/fs
Generating dependency graph for directory cfe/modules/config/fsw
Generating dependency graph for directory cfe/modules/core_api/fsw
Generating dependency graph for directory cfe/modules/es/fsw
Generating dependency graph for directory cfe/modules/evs/fsw
Generating dependency graph for directory cfe/modules/fs/fsw
Generating dependency graph for directory cfe/modules/msg/fsw
Generating dependency graph for directory cfe/modules/resourceid/fsw
Generating dependency graph for directory cfe/modules/sb/fsw
Generating dependency graph for directory cfe/modules/tbl/fsw
Generating dependency graph for directory cfe/modules/time/fsw
Generating dependency graph for directory psp/fsw
Generating dependency graph for directory build/osal_public_api/inc
Generating dependency graph for directory cfe/modules/config/fsw/inc
Generating dependency graph for directory cfe/modules/core_api/fsw/inc
Generating dependency graph for directory cfe/modules/es/fsw/inc
Generating dependency graph for directory cfe/modules/evs/fsw/inc
Generating dependency graph for directory cfe/modules/fs/fsw/inc
Generating dependency graph for directory cfe/modules/msg/fsw/inc
Generating dependency graph for directory cfe/modules/resourceid/fsw/inc
Generating dependency graph for directory cfe/modules/sb/fsw/inc
Generating dependency graph for directory cfe/modules/tbl/fsw/inc
Generating dependency graph for directory cfe/modules/time/fsw/inc
Generating dependency graph for directory osal/src/os/inc
Generating dependency graph for directory psp/fsw/inc
Generating dependency graph for directory cfe/modules
Generating dependency graph for directory cfe/modules/msg
Generating dependency graph for directory osal/src/os
Generating dependency graph for directory osal
Generating dependency graph for directory build/osal_public_api
Generating dependency graph for directory psp
Generating dependency graph for directory cfe/modules/resourceid
Generating dependency graph for directory cfe/modules/sb
Generating dependency graph for directory cfe/docs/src
Generating dependency graph for directory osal/docs/src
Generating dependency graph for directory osal/src
Generating dependency graph for directory cfe/modules/tbl
Generating dependency graph for directory cfe/modules/time
Generating index page...
Generating page index...
Generating topic index...
Generating module index...
Generating module member index...
Generating namespace index...
Generating namespace member index...
Generating concept index...
Generating annotated compound index...
Generating alphabetical compound index...
Generating hierarchical class index...
Generating member index...
Generating file index...
Generating file member index...
Generating example index...
finalizing index lists...
writing tag file...
Running plantuml with JAVA...
Running dot...
Generating dot graphs using 13 parallel threads...
Running dot for graph 1/113
Running dot for graph 2/113
Running dot for graph 3/113
Running dot for graph 4/113
Running dot for graph 5/113
Running dot for graph 6/113
Running dot for graph 7/113
Running dot for graph 8/113
Running dot for graph 9/113
Running dot for graph 10/113
Running dot for graph 11/113
Running dot for graph 12/113
Running dot for graph 13/113
Running dot for graph 14/113
Running dot for graph 15/113
Running dot for graph 16/113
Running dot for graph 17/113
Running dot for graph 18/113
Running dot for graph 19/113
Running dot for graph 20/113
Running dot for graph 21/113
Running dot for graph 22/113
Running dot for graph 23/113
Running dot for graph 24/113
Running dot for graph 25/113
Running dot for graph 26/113
Running dot for graph 27/113
Running dot for graph 28/113
Running dot for graph 29/113
Running dot for graph 30/113
Running dot for graph 31/113
Running dot for graph 32/113
Running dot for graph 33/113
Running dot for graph 34/113
Running dot for graph 35/113
Running dot for graph 36/113
Running dot for graph 37/113
Running dot for graph 38/113
Running dot for graph 39/113
Running dot for graph 40/113
Running dot for graph 41/113
Running dot for graph 42/113
Running dot for graph 43/113
Running dot for graph 44/113
Running dot for graph 45/113
Running dot for graph 46/113
Running dot for graph 47/113
Running dot for graph 48/113
Running dot for graph 49/113
Running dot for graph 50/113
Running dot for graph 51/113
Running dot for graph 52/113
Running dot for graph 53/113
Running dot for graph 54/113
Running dot for graph 55/113
Running dot for graph 56/113
Running dot for graph 57/113
Running dot for graph 58/113
Running dot for graph 59/113
Running dot for graph 60/113
Running dot for graph 61/113
Running dot for graph 62/113
Running dot for graph 63/113
Running dot for graph 64/113
Running dot for graph 65/113
Running dot for graph 66/113
Running dot for graph 67/113
Running dot for graph 68/113
Running dot for graph 69/113
Running dot for graph 70/113
Running dot for graph 71/113
Running dot for graph 72/113
Running dot for graph 73/113
Running dot for graph 74/113
Running dot for graph 75/113
Running dot for graph 76/113
Running dot for graph 77/113
Running dot for graph 78/113
Running dot for graph 79/113
Running dot for graph 80/113
Running dot for graph 81/113
Running dot for graph 82/113
Running dot for graph 83/113
Running dot for graph 84/113
Running dot for graph 85/113
Running dot for graph 86/113
Running dot for graph 87/113
Running dot for graph 88/113
Running dot for graph 89/113
Running dot for graph 90/113
Running dot for graph 91/113
Running dot for graph 92/113
Running dot for graph 93/113
Running dot for graph 94/113
Running dot for graph 95/113
Running dot for graph 96/113
Running dot for graph 97/113
Running dot for graph 98/113
Running dot for graph 99/113
Running dot for graph 100/113
Running dot for graph 101/113
Running dot for graph 102/113
Running dot for graph 103/113
Running dot for graph 104/113
Running dot for graph 105/113
Running dot for graph 106/113
Running dot for graph 107/113
Running dot for graph 108/113
Running dot for graph 109/113
Running dot for graph 110/113
Running dot for graph 111/113
Running dot for graph 112/113
Running dot for graph 113/113
Patching output file 1/104
Patching output file 2/104
Patching output file 3/104
Patching output file 4/104
Patching output file 5/104
Patching output file 6/104
Patching output file 7/104
Patching output file 8/104
Patching output file 9/104
Patching output file 10/104
Patching output file 11/104
Patching output file 12/104
Patching output file 13/104
Patching output file 14/104
Patching output file 15/104
Patching output file 16/104
Patching output file 17/104
Patching output file 18/104
Patching output file 19/104
Patching output file 20/104
Patching output file 21/104
Patching output file 22/104
Patching output file 23/104
Patching output file 24/104
Patching output file 25/104
Patching output file 26/104
Patching output file 27/104
Patching output file 28/104
Patching output file 29/104
Patching output file 30/104
Patching output file 31/104
Patching output file 32/104
Patching output file 33/104
Patching output file 34/104
Patching output file 35/104
Patching output file 36/104
Patching output file 37/104
Patching output file 38/104
Patching output file 39/104
Patching output file 40/104
Patching output file 41/104
Patching output file 42/104
Patching output file 43/104
Patching output file 44/104
Patching output file 45/104
Patching output file 46/104
Patching output file 47/104
Patching output file 48/104
Patching output file 49/104
Patching output file 50/104
Patching output file 51/104
Patching output file 52/104
Patching output file 53/104
Patching output file 54/104
Patching output file 55/104
Patching output file 56/104
Patching output file 57/104
Patching output file 58/104
Patching output file 59/104
Patching output file 60/104
Patching output file 61/104
Patching output file 62/104
Patching output file 63/104
Patching output file 64/104
Patching output file 65/104
Patching output file 66/104
Patching output file 67/104
Patching output file 68/104
Patching output file 69/104
Patching output file 70/104
Patching output file 71/104
Patching output file 72/104
Patching output file 73/104
Patching output file 74/104
Patching output file 75/104
Patching output file 76/104
Patching output file 77/104
Patching output file 78/104
Patching output file 79/104
Patching output file 80/104
Patching output file 81/104
Patching output file 82/104
Patching output file 83/104
Patching output file 84/104
Patching output file 85/104
Patching output file 86/104
Patching output file 87/104
Patching output file 88/104
Patching output file 89/104
Patching output file 90/104
Patching output file 91/104
Patching output file 92/104
Patching output file 93/104
Patching output file 94/104
Patching output file 95/104
Patching output file 96/104
Patching output file 97/104
Patching output file 98/104
Patching output file 99/104
Patching output file 100/104
Patching output file 101/104
Patching output file 102/104
Patching output file 103/104
Patching output file 104/104
type lookup cache used 4549/65536 hits=12398 misses=4658
symbol lookup cache used 5750/65536 hits=5976 misses=5750
finished...
Users Guide: file:///tmp/vdd_cfe_docs_azgfvx93/cFS/build/docs/cfe-usersguide/html/index.html
make[3]: Leaving directory '/tmp/vdd_cfe_docs_azgfvx93/cFS/build'
[100%] Built target cfe-usersguide
make[2]: Leaving directory '/tmp/vdd_cfe_docs_azgfvx93/cFS/build'
make[1]: Leaving directory '/tmp/vdd_cfe_docs_azgfvx93/cFS/build'
make: Leaving directory '/tmp/vdd_cfe_docs_azgfvx93/cFS/build'
