$ lcov --capture --initial --directory build --output-file coverage_base.info
# cwd: /tmp/vdd_mm_coverage_f0ltoi0l/cFS

perl: warning: Setting locale failed.
perl: warning: Please check that your locale settings:
	LANGUAGE = (unset),
	LC_ALL = (unset),
	LC_CTYPE = "C.UTF-8",
	LANG = "en_US.UTF-8"
    are supported and installed on your system.
perl: warning: Falling back to the standard locale ("C").
Capturing coverage data from build
geninfo cmd: '/usr/bin/geninfo build --output-filename coverage_base.info --initial --memory 0'
perl: warning: Setting locale failed.
perl: warning: Please check that your locale settings:
	LANGUAGE = (unset),
	LC_ALL = (unset),
	LC_CTYPE = "C.UTF-8",
	LANG = "en_US.UTF-8"
    are supported and installed on your system.
perl: warning: Falling back to the standard locale ("C").
Found gcov version: 13.3.0
Using intermediate gcov format
Writing temporary data to /tmp/geninfo_dat8Ai3
Scanning build for .gcno files ...
Found 9 graph files in build
Processing build/native/default_cpu1/apps/mm/unit-test/CMakeFiles/coverage-mm-mm_load-object.dir/tmp/vdd_mm_coverage_f0ltoi0l/cFS/apps/mm/fsw/src/mm_load.c.gcno
Processing build/native/default_cpu1/apps/mm/unit-test/CMakeFiles/coverage-mm-mm_utils-object.dir/tmp/vdd_mm_coverage_f0ltoi0l/cFS/apps/mm/fsw/src/mm_utils.c.gcno
Processing build/native/default_cpu1/apps/mm/unit-test/CMakeFiles/coverage-mm-mm_mem32-object.dir/tmp/vdd_mm_coverage_f0ltoi0l/cFS/apps/mm/fsw/src/mm_mem32.c.gcno
Processing build/native/default_cpu1/apps/mm/unit-test/CMakeFiles/coverage-mm-mm_cmds-object.dir/tmp/vdd_mm_coverage_f0ltoi0l/cFS/apps/mm/fsw/src/mm_cmds.c.gcno
Processing build/native/default_cpu1/apps/mm/unit-test/CMakeFiles/coverage-mm-mm_app-object.dir/tmp/vdd_mm_coverage_f0ltoi0l/cFS/apps/mm/fsw/src/mm_app.c.gcno
Processing build/native/default_cpu1/apps/mm/unit-test/CMakeFiles/coverage-mm-mm_mem16-object.dir/tmp/vdd_mm_coverage_f0ltoi0l/cFS/apps/mm/fsw/src/mm_mem16.c.gcno
Processing build/native/default_cpu1/apps/mm/unit-test/CMakeFiles/coverage-mm-mm_mem8-object.dir/tmp/vdd_mm_coverage_f0ltoi0l/cFS/apps/mm/fsw/src/mm_mem8.c.gcno
Processing build/native/default_cpu1/apps/mm/unit-test/CMakeFiles/coverage-mm-mm_dispatch-object.dir/tmp/vdd_mm_coverage_f0ltoi0l/cFS/apps/mm/fsw/src/mm_dispatch.c.gcno
Processing build/native/default_cpu1/apps/mm/unit-test/CMakeFiles/coverage-mm-mm_dump-object.dir/tmp/vdd_mm_coverage_f0ltoi0l/cFS/apps/mm/fsw/src/mm_dump.c.gcno
Finished .info-file creation
