$ make -C build/native/default_cpu1/apps/fm
# cwd: /tmp/vdd_fm_coverage_mq5f_3if/cFS

make: Entering directory '/tmp/vdd_fm_coverage_mq5f_3if/cFS/build/native/default_cpu1/apps/fm'
make[1]: Entering directory '/tmp/vdd_fm_coverage_mq5f_3if/cFS/build/native/default_cpu1'
make[2]: Entering directory '/tmp/vdd_fm_coverage_mq5f_3if/cFS/build/native/default_cpu1'
make[2]: Leaving directory '/tmp/vdd_fm_coverage_mq5f_3if/cFS/build/native/default_cpu1'
make[2]: Entering directory '/tmp/vdd_fm_coverage_mq5f_3if/cFS/build/native/default_cpu1'
[  0%] Building C object apps/fm/CMakeFiles/fm.dir/fsw/src/fm_cmd_utils.c.o
[  0%] Building C object apps/fm/CMakeFiles/fm.dir/fsw/src/fm_app.c.o
[  0%] Building C object apps/fm/CMakeFiles/fm.dir/fsw/src/fm_cmds.c.o
[  0%] Building C object apps/fm/CMakeFiles/fm.dir/fsw/src/fm_child.c.o
[  0%] Building C object apps/fm/CMakeFiles/fm.dir/fsw/src/fm_table_utils.c.o
[  0%] Building C object apps/fm/CMakeFiles/fm.dir/fsw/src/fm_dispatch.c.o
[  0%] Building C object apps/fm/CMakeFiles/fm.dir/fsw/src/fm_compression_none.c.o
[  0%] Linking C shared module fm.so
make[2]: Leaving directory '/tmp/vdd_fm_coverage_mq5f_3if/cFS/build/native/default_cpu1'
[  0%] Built target fm
make[2]: Entering directory '/tmp/vdd_fm_coverage_mq5f_3if/cFS/build/native/default_cpu1'
make[2]: Leaving directory '/tmp/vdd_fm_coverage_mq5f_3if/cFS/build/native/default_cpu1'
make[2]: Entering directory '/tmp/vdd_fm_coverage_mq5f_3if/cFS/build/native/default_cpu1'
[  0%] Building C object osal/generic-linux_impl/CMakeFiles/osal_generic-linux_impl.dir/src/bsp_start.c.o
[  0%] Building C object osal/generic-linux_impl/CMakeFiles/osal_generic-linux_impl.dir/src/bsp_console.c.o
make[2]: Leaving directory '/tmp/vdd_fm_coverage_mq5f_3if/cFS/build/native/default_cpu1'
[  0%] Built target osal_generic-linux_impl
make[2]: Entering directory '/tmp/vdd_fm_coverage_mq5f_3if/cFS/build/native/default_cpu1'
make[2]: Leaving directory '/tmp/vdd_fm_coverage_mq5f_3if/cFS/build/native/default_cpu1'
make[2]: Entering directory '/tmp/vdd_fm_coverage_mq5f_3if/cFS/build/native/default_cpu1'
[  0%] Building C object osal/CMakeFiles/osal_bsp.dir/src/bsp/shared/src/osapi-bsp.c.o
[  0%] Building C object osal/CMakeFiles/osal_bsp.dir/src/bsp/shared/src/bsp_default_app_run.c.o
[  8%] Building C object osal/CMakeFiles/osal_bsp.dir/src/bsp/shared/src/bsp_default_app_startup.c.o
[  8%] Building C object osal/CMakeFiles/osal_bsp.dir/src/bsp/shared/src/bsp_default_symtab.c.o
[  8%] Building C object osal/CMakeFiles/osal_bsp.dir/src/bsp/shared/src/bsp_default_resourcecfg.c.o
[  8%] Linking C static library libosal_bsp.a
make[2]: Leaving directory '/tmp/vdd_fm_coverage_mq5f_3if/cFS/build/native/default_cpu1'
[  8%] Built target osal_bsp
make[2]: Entering directory '/tmp/vdd_fm_coverage_mq5f_3if/cFS/build/native/default_cpu1'
make[2]: Leaving directory '/tmp/vdd_fm_coverage_mq5f_3if/cFS/build/native/default_cpu1'
make[2]: Entering directory '/tmp/vdd_fm_coverage_mq5f_3if/cFS/build/native/default_cpu1'
[  8%] Building C object osal/ut_assert/CMakeFiles/ut_assert.dir/src/utassert.c.o
[ 16%] Building C object osal/ut_assert/CMakeFiles/ut_assert.dir/src/utlist.c.o
[ 16%] Building C object osal/ut_assert/CMakeFiles/ut_assert.dir/src/utstubs.c.o
[ 16%] Building C object osal/ut_assert/CMakeFiles/ut_assert.dir/src/uttest.c.o
[ 16%] Building C object osal/ut_assert/CMakeFiles/ut_assert.dir/src/uttools.c.o
[ 16%] Building C object osal/ut_assert/CMakeFiles/ut_assert.dir/src/utbsp.c.o
[ 16%] Linking C static library libut_assert.a
make[2]: Leaving directory '/tmp/vdd_fm_coverage_mq5f_3if/cFS/build/native/default_cpu1'
[ 16%] Built target ut_assert
make[2]: Entering directory '/tmp/vdd_fm_coverage_mq5f_3if/cFS/build/native/default_cpu1'
make[2]: Leaving directory '/tmp/vdd_fm_coverage_mq5f_3if/cFS/build/native/default_cpu1'
make[2]: Entering directory '/tmp/vdd_fm_coverage_mq5f_3if/cFS/build/native/default_cpu1'
[ 16%] Building C object psp/ut-stubs/CMakeFiles/ut_psp_api_stubs.dir/src/cfe_psp_cache_api_stubs.c.o
[ 16%] Building C object psp/ut-stubs/CMakeFiles/ut_psp_api_stubs.dir/src/cfe_psp_cds_api_handlers.c.o
[ 16%] Building C object psp/ut-stubs/CMakeFiles/ut_psp_api_stubs.dir/src/cfe_psp_cds_api_stubs.c.o
[ 16%] Building C object psp/ut-stubs/CMakeFiles/ut_psp_api_stubs.dir/src/cfe_psp_eepromaccess_api_stubs.c.o
[ 16%] Building C object psp/ut-stubs/CMakeFiles/ut_psp_api_stubs.dir/src/cfe_psp_endian_handlers.c.o
[ 16%] Building C object psp/ut-stubs/CMakeFiles/ut_psp_api_stubs.dir/src/cfe_psp_endian_stubs.c.o
[ 16%] Building C object psp/ut-stubs/CMakeFiles/ut_psp_api_stubs.dir/src/cfe_psp_error_stubs.c.o
[ 25%] Building C object psp/ut-stubs/CMakeFiles/ut_psp_api_stubs.dir/src/cfe_psp_exception_api_handlers.c.o
[ 25%] Building C object psp/ut-stubs/CMakeFiles/ut_psp_api_stubs.dir/src/cfe_psp_exception_api_stubs.c.o
[ 25%] Building C object psp/ut-stubs/CMakeFiles/ut_psp_api_stubs.dir/src/cfe_psp_exceptionstorage_api_stubs.c.o
[ 25%] Building C object psp/ut-stubs/CMakeFiles/ut_psp_api_stubs.dir/src/cfe_psp_globaldata_stubs.c.o
[ 25%] Building C object psp/ut-stubs/CMakeFiles/ut_psp_api_stubs.dir/src/cfe_psp_id_api_handlers.c.o
[ 25%] Building C object psp/ut-stubs/CMakeFiles/ut_psp_api_stubs.dir/src/cfe_psp_id_api_stubs.c.o
[ 25%] Building C object psp/ut-stubs/CMakeFiles/ut_psp_api_stubs.dir/src/cfe_psp_memaccess_api_handlers.c.o
[ 25%] Building C object psp/ut-stubs/CMakeFiles/ut_psp_api_stubs.dir/src/cfe_psp_memaccess_api_stubs.c.o
[ 25%] Building C object psp/ut-stubs/CMakeFiles/ut_psp_api_stubs.dir/src/cfe_psp_memory_stubs.c.o
[ 25%] Building C object psp/ut-stubs/CMakeFiles/ut_psp_api_stubs.dir/src/cfe_psp_memrange_api_handlers.c.o
[ 25%] Building C object psp/ut-stubs/CMakeFiles/ut_psp_api_stubs.dir/src/cfe_psp_memrange_api_stubs.c.o
[ 33%] Building C object psp/ut-stubs/CMakeFiles/ut_psp_api_stubs.dir/src/cfe_psp_module_stubs.c.o
[ 33%] Building C object psp/ut-stubs/CMakeFiles/ut_psp_api_stubs.dir/src/cfe_psp_port_api_stubs.c.o
[ 33%] Building C object psp/ut-stubs/CMakeFiles/ut_psp_api_stubs.dir/src/cfe_psp_ssr_api_stubs.c.o
[ 33%] Building C object psp/ut-stubs/CMakeFiles/ut_psp_api_stubs.dir/src/cfe_psp_stubs.c.o
[ 33%] Building C object psp/ut-stubs/CMakeFiles/ut_psp_api_stubs.dir/src/cfe_psp_timertick_api_handlers.c.o
[ 33%] Building C object psp/ut-stubs/CMakeFiles/ut_psp_api_stubs.dir/src/cfe_psp_timertick_api_stubs.c.o
[ 33%] Building C object psp/ut-stubs/CMakeFiles/ut_psp_api_stubs.dir/src/cfe_psp_version_api_handlers.c.o
[ 33%] Building C object psp/ut-stubs/CMakeFiles/ut_psp_api_stubs.dir/src/cfe_psp_version_api_stubs.c.o
[ 33%] Building C object psp/ut-stubs/CMakeFiles/ut_psp_api_stubs.dir/src/cfe_psp_watchdog_api_handlers.c.o
[ 33%] Building C object psp/ut-stubs/CMakeFiles/ut_psp_api_stubs.dir/src/cfe_psp_watchdog_api_stubs.c.o
[ 33%] Linking C static library libut_psp_api_stubs.a
make[2]: Leaving directory '/tmp/vdd_fm_coverage_mq5f_3if/cFS/build/native/default_cpu1'
[ 33%] Built target ut_psp_api_stubs
make[2]: Entering directory '/tmp/vdd_fm_coverage_mq5f_3if/cFS/build/native/default_cpu1'
make[2]: Leaving directory '/tmp/vdd_fm_coverage_mq5f_3if/cFS/build/native/default_cpu1'
make[2]: Entering directory '/tmp/vdd_fm_coverage_mq5f_3if/cFS/build/native/default_cpu1'
[ 41%] Building C object osal/ut-stubs/CMakeFiles/ut_osapi_stubs.dir/utstub-helpers.c.o
[ 41%] Building C object osal/ut-stubs/CMakeFiles/ut_osapi_stubs.dir/osapi-binsem-stubs.c.o
[ 41%] Building C object osal/ut-stubs/CMakeFiles/ut_osapi_stubs.dir/osapi-binsem-handlers.c.o
[ 41%] Building C object osal/ut-stubs/CMakeFiles/ut_osapi_stubs.dir/osapi-clock-stubs.c.o
[ 41%] Building C object osal/ut-stubs/CMakeFiles/ut_osapi_stubs.dir/osapi-clock-handlers.c.o
[ 41%] Building C object osal/ut-stubs/CMakeFiles/ut_osapi_stubs.dir/osapi-common-stubs.c.o
[ 41%] Building C object osal/ut-stubs/CMakeFiles/ut_osapi_stubs.dir/osapi-common-handlers.c.o
[ 41%] Building C object osal/ut-stubs/CMakeFiles/ut_osapi_stubs.dir/osapi-condvar-stubs.c.o
[ 41%] Building C object osal/ut-stubs/CMakeFiles/ut_osapi_stubs.dir/osapi-countsem-stubs.c.o
[ 41%] Building C object osal/ut-stubs/CMakeFiles/ut_osapi_stubs.dir/osapi-countsem-handlers.c.o
[ 41%] Building C object osal/ut-stubs/CMakeFiles/ut_osapi_stubs.dir/osapi-dir-stubs.c.o
[ 41%] Building C object osal/ut-stubs/CMakeFiles/ut_osapi_stubs.dir/osapi-dir-handlers.c.o
[ 50%] Building C object osal/ut-stubs/CMakeFiles/ut_osapi_stubs.dir/osapi-error-stubs.c.o
[ 50%] Building C object osal/ut-stubs/CMakeFiles/ut_osapi_stubs.dir/osapi-error-handlers.c.o
[ 50%] Building C object osal/ut-stubs/CMakeFiles/ut_osapi_stubs.dir/osapi-file-stubs.c.o
[ 50%] Building C object osal/ut-stubs/CMakeFiles/ut_osapi_stubs.dir/osapi-file-handlers.c.o
[ 50%] Building C object osal/ut-stubs/CMakeFiles/ut_osapi_stubs.dir/osapi-filesys-stubs.c.o
[ 50%] Building C object osal/ut-stubs/CMakeFiles/ut_osapi_stubs.dir/osapi-filesys-handlers.c.o
[ 50%] Building C object osal/ut-stubs/CMakeFiles/ut_osapi_stubs.dir/osapi-heap-stubs.c.o
[ 50%] Building C object osal/ut-stubs/CMakeFiles/ut_osapi_stubs.dir/osapi-heap-handlers.c.o
[ 50%] Building C object osal/ut-stubs/CMakeFiles/ut_osapi_stubs.dir/osapi-idmap-stubs.c.o
[ 50%] Building C object osal/ut-stubs/CMakeFiles/ut_osapi_stubs.dir/osapi-idmap-handlers.c.o
[ 50%] Building C object osal/ut-stubs/CMakeFiles/ut_osapi_stubs.dir/osapi-module-stubs.c.o
[ 50%] Building C object osal/ut-stubs/CMakeFiles/ut_osapi_stubs.dir/osapi-module-handlers.c.o
[ 58%] Building C object osal/ut-stubs/CMakeFiles/ut_osapi_stubs.dir/osapi-mutex-stubs.c.o
[ 58%] Building C object osal/ut-stubs/CMakeFiles/ut_osapi_stubs.dir/osapi-mutex-handlers.c.o
[ 58%] Building C object osal/ut-stubs/CMakeFiles/ut_osapi_stubs.dir/osapi-network-stubs.c.o
[ 58%] Building C object osal/ut-stubs/CMakeFiles/ut_osapi_stubs.dir/osapi-network-handlers.c.o
[ 58%] Building C object osal/ut-stubs/CMakeFiles/ut_osapi_stubs.dir/osapi-printf-stubs.c.o
[ 58%] Building C object osal/ut-stubs/CMakeFiles/ut_osapi_stubs.dir/osapi-printf-handlers.c.o
[ 58%] Building C object osal/ut-stubs/CMakeFiles/ut_osapi_stubs.dir/osapi-queue-stubs.c.o
[ 58%] Building C object osal/ut-stubs/CMakeFiles/ut_osapi_stubs.dir/osapi-queue-handlers.c.o
[ 58%] Building C object osal/ut-stubs/CMakeFiles/ut_osapi_stubs.dir/osapi-rwlock-stubs.c.o
[ 58%] Building C object osal/ut-stubs/CMakeFiles/ut_osapi_stubs.dir/osapi-rwlock-handlers.c.o
[ 58%] Building C object osal/ut-stubs/CMakeFiles/ut_osapi_stubs.dir/osapi-select-stubs.c.o
[ 58%] Building C object osal/ut-stubs/CMakeFiles/ut_osapi_stubs.dir/osapi-shell-stubs.c.o
[ 66%] Building C object osal/ut-stubs/CMakeFiles/ut_osapi_stubs.dir/osapi-sockets-stubs.c.o
[ 66%] Building C object osal/ut-stubs/CMakeFiles/ut_osapi_stubs.dir/osapi-sockets-handlers.c.o
[ 66%] Building C object osal/ut-stubs/CMakeFiles/ut_osapi_stubs.dir/osapi-task-stubs.c.o
[ 66%] Building C object osal/ut-stubs/CMakeFiles/ut_osapi_stubs.dir/osapi-task-handlers.c.o
[ 66%] Building C object osal/ut-stubs/CMakeFiles/ut_osapi_stubs.dir/osapi-timer-stubs.c.o
[ 66%] Building C object osal/ut-stubs/CMakeFiles/ut_osapi_stubs.dir/osapi-timer-handlers.c.o
[ 66%] Building C object osal/ut-stubs/CMakeFiles/ut_osapi_stubs.dir/osapi-timebase-stubs.c.o
[ 66%] Building C object osal/ut-stubs/CMakeFiles/ut_osapi_stubs.dir/osapi-timebase-handlers.c.o
[ 66%] Building C object osal/ut-stubs/CMakeFiles/ut_osapi_stubs.dir/osapi-version-stubs.c.o
[ 66%] Building C object osal/ut-stubs/CMakeFiles/ut_osapi_stubs.dir/osapi-version-handlers.c.o
[ 66%] Linking C static library libut_osapi_stubs.a
make[2]: Leaving directory '/tmp/vdd_fm_coverage_mq5f_3if/cFS/build/native/default_cpu1'
[ 66%] Built target ut_osapi_stubs
make[2]: Entering directory '/tmp/vdd_fm_coverage_mq5f_3if/cFS/build/native/default_cpu1'
make[2]: Leaving directory '/tmp/vdd_fm_coverage_mq5f_3if/cFS/build/native/default_cpu1'
make[2]: Entering directory '/tmp/vdd_fm_coverage_mq5f_3if/cFS/build/native/default_cpu1'
[ 66%] Building C object core_api/ut-stubs/CMakeFiles/ut_core_api_stubs.dir/src/cfe_config_handlers.c.o
[ 66%] Building C object core_api/ut-stubs/CMakeFiles/ut_core_api_stubs.dir/src/cfe_config_stubs.c.o
[ 66%] Building C object core_api/ut-stubs/CMakeFiles/ut_core_api_stubs.dir/src/cfe_es_handlers.c.o
[ 66%] Building C object core_api/ut-stubs/CMakeFiles/ut_core_api_stubs.dir/src/cfe_es_stubs.c.o
[ 66%] Building C object core_api/ut-stubs/CMakeFiles/ut_core_api_stubs.dir/src/cfe_evs_handlers.c.o
[ 66%] Building C object core_api/ut-stubs/CMakeFiles/ut_core_api_stubs.dir/src/cfe_evs_stubs.c.o
[ 66%] Building C object core_api/ut-stubs/CMakeFiles/ut_core_api_stubs.dir/src/cfe_fs_handlers.c.o
[ 66%] Building C object core_api/ut-stubs/CMakeFiles/ut_core_api_stubs.dir/src/cfe_fs_stubs.c.o
[ 66%] Building C object core_api/ut-stubs/CMakeFiles/ut_core_api_stubs.dir/src/cfe_msg_handlers.c.o
[ 66%] Building C object core_api/ut-stubs/CMakeFiles/ut_core_api_stubs.dir/src/cfe_msg_stubs.c.o
[ 75%] Building C object core_api/ut-stubs/CMakeFiles/ut_core_api_stubs.dir/src/cfe_resourceid_handlers.c.o
[ 75%] Building C object core_api/ut-stubs/CMakeFiles/ut_core_api_stubs.dir/src/cfe_resourceid_stubs.c.o
[ 75%] Building C object core_api/ut-stubs/CMakeFiles/ut_core_api_stubs.dir/src/cfe_sb_handlers.c.o
[ 75%] Building C object core_api/ut-stubs/CMakeFiles/ut_core_api_stubs.dir/src/cfe_sb_stubs.c.o
[ 75%] Building C object core_api/ut-stubs/CMakeFiles/ut_core_api_stubs.dir/src/cfe_tbl_handlers.c.o
[ 75%] Building C object core_api/ut-stubs/CMakeFiles/ut_core_api_stubs.dir/src/cfe_tbl_stubs.c.o
[ 75%] Building C object core_api/ut-stubs/CMakeFiles/ut_core_api_stubs.dir/src/cfe_time_handlers.c.o
[ 75%] Building C object core_api/ut-stubs/CMakeFiles/ut_core_api_stubs.dir/src/cfe_time_stubs.c.o
[ 75%] Linking C static library libut_core_api_stubs.a
make[2]: Leaving directory '/tmp/vdd_fm_coverage_mq5f_3if/cFS/build/native/default_cpu1'
[ 75%] Built target ut_core_api_stubs
make[2]: Entering directory '/tmp/vdd_fm_coverage_mq5f_3if/cFS/build/native/default_cpu1'
make[2]: Leaving directory '/tmp/vdd_fm_coverage_mq5f_3if/cFS/build/native/default_cpu1'
make[2]: Entering directory '/tmp/vdd_fm_coverage_mq5f_3if/cFS/build/native/default_cpu1'
[ 75%] Building C object apps/fm/unit-test/CMakeFiles/coverage-fm_internal-stubs.dir/utilities/fm_test_utils.c.o
[ 75%] Building C object apps/fm/unit-test/CMakeFiles/coverage-fm_internal-stubs.dir/stubs/fm_global_stubs.c.o
[ 75%] Building C object apps/fm/unit-test/CMakeFiles/coverage-fm_internal-stubs.dir/stubs/fm_cmds_stubs.c.o
[ 75%] Building C object apps/fm/unit-test/CMakeFiles/coverage-fm_internal-stubs.dir/stubs/fm_cmd_utils_stubs.c.o
[ 75%] Building C object apps/fm/unit-test/CMakeFiles/coverage-fm_internal-stubs.dir/stubs/fm_cmd_utils_handlers.c.o
[ 75%] Building C object apps/fm/unit-test/CMakeFiles/coverage-fm_internal-stubs.dir/stubs/fm_compression_stubs.c.o
[ 83%] Building C object apps/fm/unit-test/CMakeFiles/coverage-fm_internal-stubs.dir/stubs/fm_dispatch_stubs.c.o
[ 83%] Building C object apps/fm/unit-test/CMakeFiles/coverage-fm_internal-stubs.dir/stubs/fm_app_stubs.c.o
[ 83%] Building C object apps/fm/unit-test/CMakeFiles/coverage-fm_internal-stubs.dir/stubs/fm_child_stubs.c.o
[ 83%] Building C object apps/fm/unit-test/CMakeFiles/coverage-fm_internal-stubs.dir/stubs/fm_table_utils_stubs.c.o
[ 83%] Linking C static library libcoverage-fm_internal-stubs.a
make[2]: Leaving directory '/tmp/vdd_fm_coverage_mq5f_3if/cFS/build/native/default_cpu1'
[ 83%] Built target coverage-fm_internal-stubs
make[2]: Entering directory '/tmp/vdd_fm_coverage_mq5f_3if/cFS/build/native/default_cpu1'
make[2]: Leaving directory '/tmp/vdd_fm_coverage_mq5f_3if/cFS/build/native/default_cpu1'
make[2]: Entering directory '/tmp/vdd_fm_coverage_mq5f_3if/cFS/build/native/default_cpu1'
[ 83%] Building C object apps/fm/unit-test/CMakeFiles/coverage-fm-fm_cmd_utils-object.dir/tmp/vdd_fm_coverage_mq5f_3if/cFS/apps/fm/fsw/src/fm_cmd_utils.c.o
make[2]: Leaving directory '/tmp/vdd_fm_coverage_mq5f_3if/cFS/build/native/default_cpu1'
[ 83%] Built target coverage-fm-fm_cmd_utils-object
make[2]: Entering directory '/tmp/vdd_fm_coverage_mq5f_3if/cFS/build/native/default_cpu1'
make[2]: Leaving directory '/tmp/vdd_fm_coverage_mq5f_3if/cFS/build/native/default_cpu1'
make[2]: Entering directory '/tmp/vdd_fm_coverage_mq5f_3if/cFS/build/native/default_cpu1'
[ 83%] Building C object apps/fm/unit-test/CMakeFiles/coverage-fm-fm_cmd_utils-testrunner.dir/fm_cmd_utils_tests.c.o
[ 83%] Linking C executable coverage-fm-fm_cmd_utils-testrunner
make[2]: Leaving directory '/tmp/vdd_fm_coverage_mq5f_3if/cFS/build/native/default_cpu1'
[ 83%] Built target coverage-fm-fm_cmd_utils-testrunner
make[2]: Entering directory '/tmp/vdd_fm_coverage_mq5f_3if/cFS/build/native/default_cpu1'
make[2]: Leaving directory '/tmp/vdd_fm_coverage_mq5f_3if/cFS/build/native/default_cpu1'
make[2]: Entering directory '/tmp/vdd_fm_coverage_mq5f_3if/cFS/build/native/default_cpu1'
[ 83%] Building C object apps/fm/unit-test/CMakeFiles/coverage-fm-fm_app-object.dir/tmp/vdd_fm_coverage_mq5f_3if/cFS/apps/fm/fsw/src/fm_app.c.o
make[2]: Leaving directory '/tmp/vdd_fm_coverage_mq5f_3if/cFS/build/native/default_cpu1'
[ 83%] Built target coverage-fm-fm_app-object
make[2]: Entering directory '/tmp/vdd_fm_coverage_mq5f_3if/cFS/build/native/default_cpu1'
make[2]: Leaving directory '/tmp/vdd_fm_coverage_mq5f_3if/cFS/build/native/default_cpu1'
make[2]: Entering directory '/tmp/vdd_fm_coverage_mq5f_3if/cFS/build/native/default_cpu1'
[ 91%] Building C object apps/fm/unit-test/CMakeFiles/coverage-fm-fm_app-testrunner.dir/fm_app_tests.c.o
[ 91%] Linking C executable coverage-fm-fm_app-testrunner
make[2]: Leaving directory '/tmp/vdd_fm_coverage_mq5f_3if/cFS/build/native/default_cpu1'
[ 91%] Built target coverage-fm-fm_app-testrunner
make[2]: Entering directory '/tmp/vdd_fm_coverage_mq5f_3if/cFS/build/native/default_cpu1'
make[2]: Leaving directory '/tmp/vdd_fm_coverage_mq5f_3if/cFS/build/native/default_cpu1'
make[2]: Entering directory '/tmp/vdd_fm_coverage_mq5f_3if/cFS/build/native/default_cpu1'
[ 91%] Building C object apps/fm/unit-test/CMakeFiles/coverage-fm-fm_cmds-object.dir/tmp/vdd_fm_coverage_mq5f_3if/cFS/apps/fm/fsw/src/fm_cmds.c.o
make[2]: Leaving directory '/tmp/vdd_fm_coverage_mq5f_3if/cFS/build/native/default_cpu1'
[ 91%] Built target coverage-fm-fm_cmds-object
make[2]: Entering directory '/tmp/vdd_fm_coverage_mq5f_3if/cFS/build/native/default_cpu1'
make[2]: Leaving directory '/tmp/vdd_fm_coverage_mq5f_3if/cFS/build/native/default_cpu1'
make[2]: Entering directory '/tmp/vdd_fm_coverage_mq5f_3if/cFS/build/native/default_cpu1'
[ 91%] Building C object apps/fm/unit-test/CMakeFiles/coverage-fm-fm_cmds-testrunner.dir/fm_cmds_tests.c.o
[ 91%] Linking C executable coverage-fm-fm_cmds-testrunner
make[2]: Leaving directory '/tmp/vdd_fm_coverage_mq5f_3if/cFS/build/native/default_cpu1'
[ 91%] Built target coverage-fm-fm_cmds-testrunner
make[2]: Entering directory '/tmp/vdd_fm_coverage_mq5f_3if/cFS/build/native/default_cpu1'
make[2]: Leaving directory '/tmp/vdd_fm_coverage_mq5f_3if/cFS/build/native/default_cpu1'
make[2]: Entering directory '/tmp/vdd_fm_coverage_mq5f_3if/cFS/build/native/default_cpu1'
[ 91%] Building C object apps/fm/unit-test/CMakeFiles/coverage-fm-fm_child-object.dir/tmp/vdd_fm_coverage_mq5f_3if/cFS/apps/fm/fsw/src/fm_child.c.o
make[2]: Leaving directory '/tmp/vdd_fm_coverage_mq5f_3if/cFS/build/native/default_cpu1'
[ 91%] Built target coverage-fm-fm_child-object
make[2]: Entering directory '/tmp/vdd_fm_coverage_mq5f_3if/cFS/build/native/default_cpu1'
make[2]: Leaving directory '/tmp/vdd_fm_coverage_mq5f_3if/cFS/build/native/default_cpu1'
make[2]: Entering directory '/tmp/vdd_fm_coverage_mq5f_3if/cFS/build/native/default_cpu1'
[ 91%] Building C object apps/fm/unit-test/CMakeFiles/coverage-fm-fm_child-testrunner.dir/fm_child_tests.c.o
[ 91%] Linking C executable coverage-fm-fm_child-testrunner
make[2]: Leaving directory '/tmp/vdd_fm_coverage_mq5f_3if/cFS/build/native/default_cpu1'
[ 91%] Built target coverage-fm-fm_child-testrunner
make[2]: Entering directory '/tmp/vdd_fm_coverage_mq5f_3if/cFS/build/native/default_cpu1'
make[2]: Leaving directory '/tmp/vdd_fm_coverage_mq5f_3if/cFS/build/native/default_cpu1'
make[2]: Entering directory '/tmp/vdd_fm_coverage_mq5f_3if/cFS/build/native/default_cpu1'
[ 91%] Building C object apps/fm/unit-test/CMakeFiles/coverage-fm-fm_table_utils-object.dir/tmp/vdd_fm_coverage_mq5f_3if/cFS/apps/fm/fsw/src/fm_table_utils.c.o
make[2]: Leaving directory '/tmp/vdd_fm_coverage_mq5f_3if/cFS/build/native/default_cpu1'
[ 91%] Built target coverage-fm-fm_table_utils-object
make[2]: Entering directory '/tmp/vdd_fm_coverage_mq5f_3if/cFS/build/native/default_cpu1'
make[2]: Leaving directory '/tmp/vdd_fm_coverage_mq5f_3if/cFS/build/native/default_cpu1'
make[2]: Entering directory '/tmp/vdd_fm_coverage_mq5f_3if/cFS/build/native/default_cpu1'
[ 91%] Building C object apps/fm/unit-test/CMakeFiles/coverage-fm-fm_table_utils-testrunner.dir/fm_table_utils_tests.c.o
[ 91%] Linking C executable coverage-fm-fm_table_utils-testrunner
make[2]: Leaving directory '/tmp/vdd_fm_coverage_mq5f_3if/cFS/build/native/default_cpu1'
[ 91%] Built target coverage-fm-fm_table_utils-testrunner
make[2]: Entering directory '/tmp/vdd_fm_coverage_mq5f_3if/cFS/build/native/default_cpu1'
make[2]: Leaving directory '/tmp/vdd_fm_coverage_mq5f_3if/cFS/build/native/default_cpu1'
make[2]: Entering directory '/tmp/vdd_fm_coverage_mq5f_3if/cFS/build/native/default_cpu1'
[ 91%] Building C object apps/fm/unit-test/CMakeFiles/coverage-fm-fm_dispatch-object.dir/tmp/vdd_fm_coverage_mq5f_3if/cFS/apps/fm/fsw/src/fm_dispatch.c.o
make[2]: Leaving directory '/tmp/vdd_fm_coverage_mq5f_3if/cFS/build/native/default_cpu1'
[ 91%] Built target coverage-fm-fm_dispatch-object
make[2]: Entering directory '/tmp/vdd_fm_coverage_mq5f_3if/cFS/build/native/default_cpu1'
make[2]: Leaving directory '/tmp/vdd_fm_coverage_mq5f_3if/cFS/build/native/default_cpu1'
make[2]: Entering directory '/tmp/vdd_fm_coverage_mq5f_3if/cFS/build/native/default_cpu1'
[100%] Building C object apps/fm/unit-test/CMakeFiles/coverage-fm-fm_dispatch-testrunner.dir/fm_dispatch_tests.c.o
[100%] Linking C executable coverage-fm-fm_dispatch-testrunner
make[2]: Leaving directory '/tmp/vdd_fm_coverage_mq5f_3if/cFS/build/native/default_cpu1'
[100%] Built target coverage-fm-fm_dispatch-testrunner
make[1]: Leaving directory '/tmp/vdd_fm_coverage_mq5f_3if/cFS/build/native/default_cpu1'
make: Leaving directory '/tmp/vdd_fm_coverage_mq5f_3if/cFS/build/native/default_cpu1/apps/fm'
