$ lcov --capture --initial --directory build --output-file coverage_base.info
# cwd: /tmp/vdd_hs_coverage_9yzbfrit/cFS

perl: warning: Setting locale failed.
perl: warning: Please check that your locale settings:
	LANGUAGE = (unset),
	LC_ALL = (unset),
	LC_CTYPE = "C.UTF-8",
	LANG = "en_US.UTF-8"
    are supported and installed on your system.
perl: warning: Falling back to the standard locale ("C").
Capturing coverage data from build
geninfo cmd: '/usr/bin/geninfo build --output-filename coverage_base.info --initial --memory 0'
perl: warning: Setting locale failed.
perl: warning: Please check that your locale settings:
	LANGUAGE = (unset),
	LC_ALL = (unset),
	LC_CTYPE = "C.UTF-8",
	LANG = "en_US.UTF-8"
    are supported and installed on your system.
perl: warning: Falling back to the standard locale ("C").
Found gcov version: 13.3.0
Using intermediate gcov format
Writing temporary data to /tmp/geninfo_datN_bz
Scanning build for .gcno files ...
Found 6 graph files in build
Processing build/native/default_cpu1/apps/hs/unit-test/CMakeFiles/coverage-hs-hs_utils-object.dir/tmp/vdd_hs_coverage_9yzbfrit/cFS/apps/hs/fsw/src/hs_utils.c.gcno
Processing build/native/default_cpu1/apps/hs/unit-test/CMakeFiles/coverage-hs-hs_cmds-object.dir/tmp/vdd_hs_coverage_9yzbfrit/cFS/apps/hs/fsw/src/hs_cmds.c.gcno
Processing build/native/default_cpu1/apps/hs/unit-test/CMakeFiles/coverage-hs-hs_monitors-object.dir/tmp/vdd_hs_coverage_9yzbfrit/cFS/apps/hs/fsw/src/hs_monitors.c.gcno
Processing build/native/default_cpu1/apps/hs/unit-test/CMakeFiles/coverage-hs-hs_dispatch-object.dir/tmp/vdd_hs_coverage_9yzbfrit/cFS/apps/hs/fsw/src/hs_dispatch.c.gcno
Processing build/native/default_cpu1/apps/hs/unit-test/CMakeFiles/coverage-hs-hs_app-object.dir/tmp/vdd_hs_coverage_9yzbfrit/cFS/apps/hs/fsw/src/hs_app.c.gcno
Processing build/native/default_cpu1/apps/hs/unit-test/CMakeFiles/coverage-hs-hs_sysmon-object.dir/tmp/vdd_hs_coverage_9yzbfrit/cFS/apps/hs/fsw/src/hs_sysmon.c.gcno
Finished .info-file creation
