$ make -C build/native/default_cpu1/apps/cs
# cwd: /tmp/vdd_cs_coverage_tifa03mx/cFS

make: Entering directory '/tmp/vdd_cs_coverage_tifa03mx/cFS/build/native/default_cpu1/apps/cs'
make[1]: Entering directory '/tmp/vdd_cs_coverage_tifa03mx/cFS/build/native/default_cpu1'
make[2]: Entering directory '/tmp/vdd_cs_coverage_tifa03mx/cFS/build/native/default_cpu1'
make[2]: Leaving directory '/tmp/vdd_cs_coverage_tifa03mx/cFS/build/native/default_cpu1'
make[2]: Entering directory '/tmp/vdd_cs_coverage_tifa03mx/cFS/build/native/default_cpu1'
[  0%] Building C object apps/cs/CMakeFiles/cs.dir/fsw/src/cs_cmds.c.o
[  0%] Building C object apps/cs/CMakeFiles/cs.dir/fsw/src/cs_table_processing.c.o
[  0%] Building C object apps/cs/CMakeFiles/cs.dir/fsw/src/cs_app.c.o
[  0%] Building C object apps/cs/CMakeFiles/cs.dir/fsw/src/cs_utils.c.o
[  6%] Building C object apps/cs/CMakeFiles/cs.dir/fsw/src/cs_table_cmds.c.o
[  6%] Building C object apps/cs/CMakeFiles/cs.dir/fsw/src/cs_app_cmds.c.o
[  6%] Building C object apps/cs/CMakeFiles/cs.dir/fsw/src/cs_memory_cmds.c.o
[  6%] Building C object apps/cs/CMakeFiles/cs.dir/fsw/src/cs_init.c.o
[  6%] Building C object apps/cs/CMakeFiles/cs.dir/fsw/src/cs_eeprom_cmds.c.o
[  6%] Building C object apps/cs/CMakeFiles/cs.dir/fsw/src/cs_compute.c.o
[  6%] Building C object apps/cs/CMakeFiles/cs.dir/fsw/src/cs_dispatch.c.o
[  6%] Linking C shared module cs.so
make[2]: Leaving directory '/tmp/vdd_cs_coverage_tifa03mx/cFS/build/native/default_cpu1'
[  6%] Built target cs
make[2]: Entering directory '/tmp/vdd_cs_coverage_tifa03mx/cFS/build/native/default_cpu1'
make[2]: Leaving directory '/tmp/vdd_cs_coverage_tifa03mx/cFS/build/native/default_cpu1'
make[2]: Entering directory '/tmp/vdd_cs_coverage_tifa03mx/cFS/build/native/default_cpu1'
[  6%] Building C object osal/generic-linux_impl/CMakeFiles/osal_generic-linux_impl.dir/src/bsp_start.c.o
[  6%] Building C object osal/generic-linux_impl/CMakeFiles/osal_generic-linux_impl.dir/src/bsp_console.c.o
make[2]: Leaving directory '/tmp/vdd_cs_coverage_tifa03mx/cFS/build/native/default_cpu1'
[  6%] Built target osal_generic-linux_impl
make[2]: Entering directory '/tmp/vdd_cs_coverage_tifa03mx/cFS/build/native/default_cpu1'
make[2]: Leaving directory '/tmp/vdd_cs_coverage_tifa03mx/cFS/build/native/default_cpu1'
make[2]: Entering directory '/tmp/vdd_cs_coverage_tifa03mx/cFS/build/native/default_cpu1'
[  6%] Building C object osal/CMakeFiles/osal_bsp.dir/src/bsp/shared/src/osapi-bsp.c.o
[  6%] Building C object osal/CMakeFiles/osal_bsp.dir/src/bsp/shared/src/bsp_default_app_run.c.o
[  6%] Building C object osal/CMakeFiles/osal_bsp.dir/src/bsp/shared/src/bsp_default_app_startup.c.o
[ 12%] Building C object osal/CMakeFiles/osal_bsp.dir/src/bsp/shared/src/bsp_default_symtab.c.o
[ 12%] Building C object osal/CMakeFiles/osal_bsp.dir/src/bsp/shared/src/bsp_default_resourcecfg.c.o
[ 12%] Linking C static library libosal_bsp.a
make[2]: Leaving directory '/tmp/vdd_cs_coverage_tifa03mx/cFS/build/native/default_cpu1'
[ 12%] Built target osal_bsp
make[2]: Entering directory '/tmp/vdd_cs_coverage_tifa03mx/cFS/build/native/default_cpu1'
make[2]: Leaving directory '/tmp/vdd_cs_coverage_tifa03mx/cFS/build/native/default_cpu1'
make[2]: Entering directory '/tmp/vdd_cs_coverage_tifa03mx/cFS/build/native/default_cpu1'
[ 12%] Building C object osal/ut_assert/CMakeFiles/ut_assert.dir/src/utassert.c.o
[ 12%] Building C object osal/ut_assert/CMakeFiles/ut_assert.dir/src/utlist.c.o
[ 12%] Building C object osal/ut_assert/CMakeFiles/ut_assert.dir/src/utstubs.c.o
[ 12%] Building C object osal/ut_assert/CMakeFiles/ut_assert.dir/src/uttest.c.o
[ 18%] Building C object osal/ut_assert/CMakeFiles/ut_assert.dir/src/uttools.c.o
[ 18%] Building C object osal/ut_assert/CMakeFiles/ut_assert.dir/src/utbsp.c.o
[ 18%] Linking C static library libut_assert.a
make[2]: Leaving directory '/tmp/vdd_cs_coverage_tifa03mx/cFS/build/native/default_cpu1'
[ 18%] Built target ut_assert
make[2]: Entering directory '/tmp/vdd_cs_coverage_tifa03mx/cFS/build/native/default_cpu1'
make[2]: Leaving directory '/tmp/vdd_cs_coverage_tifa03mx/cFS/build/native/default_cpu1'
make[2]: Entering directory '/tmp/vdd_cs_coverage_tifa03mx/cFS/build/native/default_cpu1'
[ 18%] Building C object psp/ut-stubs/CMakeFiles/ut_psp_api_stubs.dir/src/cfe_psp_cache_api_stubs.c.o
[ 18%] Building C object psp/ut-stubs/CMakeFiles/ut_psp_api_stubs.dir/src/cfe_psp_cds_api_handlers.c.o
[ 18%] Building C object psp/ut-stubs/CMakeFiles/ut_psp_api_stubs.dir/src/cfe_psp_cds_api_stubs.c.o
[ 25%] Building C object psp/ut-stubs/CMakeFiles/ut_psp_api_stubs.dir/src/cfe_psp_eepromaccess_api_stubs.c.o
[ 25%] Building C object psp/ut-stubs/CMakeFiles/ut_psp_api_stubs.dir/src/cfe_psp_endian_handlers.c.o
[ 25%] Building C object psp/ut-stubs/CMakeFiles/ut_psp_api_stubs.dir/src/cfe_psp_endian_stubs.c.o
[ 25%] Building C object psp/ut-stubs/CMakeFiles/ut_psp_api_stubs.dir/src/cfe_psp_error_stubs.c.o
[ 25%] Building C object psp/ut-stubs/CMakeFiles/ut_psp_api_stubs.dir/src/cfe_psp_exception_api_handlers.c.o
[ 25%] Building C object psp/ut-stubs/CMakeFiles/ut_psp_api_stubs.dir/src/cfe_psp_exception_api_stubs.c.o
[ 25%] Building C object psp/ut-stubs/CMakeFiles/ut_psp_api_stubs.dir/src/cfe_psp_exceptionstorage_api_stubs.c.o
[ 25%] Building C object psp/ut-stubs/CMakeFiles/ut_psp_api_stubs.dir/src/cfe_psp_globaldata_stubs.c.o
[ 25%] Building C object psp/ut-stubs/CMakeFiles/ut_psp_api_stubs.dir/src/cfe_psp_id_api_handlers.c.o
[ 25%] Building C object psp/ut-stubs/CMakeFiles/ut_psp_api_stubs.dir/src/cfe_psp_id_api_stubs.c.o
[ 25%] Building C object psp/ut-stubs/CMakeFiles/ut_psp_api_stubs.dir/src/cfe_psp_memaccess_api_handlers.c.o
[ 25%] Building C object psp/ut-stubs/CMakeFiles/ut_psp_api_stubs.dir/src/cfe_psp_memaccess_api_stubs.c.o
[ 31%] Building C object psp/ut-stubs/CMakeFiles/ut_psp_api_stubs.dir/src/cfe_psp_memory_stubs.c.o
[ 31%] Building C object psp/ut-stubs/CMakeFiles/ut_psp_api_stubs.dir/src/cfe_psp_memrange_api_handlers.c.o
[ 31%] Building C object psp/ut-stubs/CMakeFiles/ut_psp_api_stubs.dir/src/cfe_psp_memrange_api_stubs.c.o
[ 31%] Building C object psp/ut-stubs/CMakeFiles/ut_psp_api_stubs.dir/src/cfe_psp_module_stubs.c.o
[ 31%] Building C object psp/ut-stubs/CMakeFiles/ut_psp_api_stubs.dir/src/cfe_psp_port_api_stubs.c.o
[ 31%] Building C object psp/ut-stubs/CMakeFiles/ut_psp_api_stubs.dir/src/cfe_psp_ssr_api_stubs.c.o
[ 31%] Building C object psp/ut-stubs/CMakeFiles/ut_psp_api_stubs.dir/src/cfe_psp_stubs.c.o
[ 31%] Building C object psp/ut-stubs/CMakeFiles/ut_psp_api_stubs.dir/src/cfe_psp_timertick_api_handlers.c.o
[ 31%] Building C object psp/ut-stubs/CMakeFiles/ut_psp_api_stubs.dir/src/cfe_psp_timertick_api_stubs.c.o
[ 31%] Building C object psp/ut-stubs/CMakeFiles/ut_psp_api_stubs.dir/src/cfe_psp_version_api_handlers.c.o
[ 31%] Building C object psp/ut-stubs/CMakeFiles/ut_psp_api_stubs.dir/src/cfe_psp_version_api_stubs.c.o
[ 31%] Building C object psp/ut-stubs/CMakeFiles/ut_psp_api_stubs.dir/src/cfe_psp_watchdog_api_handlers.c.o
[ 37%] Building C object psp/ut-stubs/CMakeFiles/ut_psp_api_stubs.dir/src/cfe_psp_watchdog_api_stubs.c.o
[ 37%] Linking C static library libut_psp_api_stubs.a
make[2]: Leaving directory '/tmp/vdd_cs_coverage_tifa03mx/cFS/build/native/default_cpu1'
[ 37%] Built target ut_psp_api_stubs
make[2]: Entering directory '/tmp/vdd_cs_coverage_tifa03mx/cFS/build/native/default_cpu1'
make[2]: Leaving directory '/tmp/vdd_cs_coverage_tifa03mx/cFS/build/native/default_cpu1'
make[2]: Entering directory '/tmp/vdd_cs_coverage_tifa03mx/cFS/build/native/default_cpu1'
[ 37%] Building C object osal/ut-stubs/CMakeFiles/ut_osapi_stubs.dir/utstub-helpers.c.o
[ 37%] Building C object osal/ut-stubs/CMakeFiles/ut_osapi_stubs.dir/osapi-binsem-stubs.c.o
[ 37%] Building C object osal/ut-stubs/CMakeFiles/ut_osapi_stubs.dir/osapi-binsem-handlers.c.o
[ 37%] Building C object osal/ut-stubs/CMakeFiles/ut_osapi_stubs.dir/osapi-clock-stubs.c.o
[ 37%] Building C object osal/ut-stubs/CMakeFiles/ut_osapi_stubs.dir/osapi-clock-handlers.c.o
[ 37%] Building C object osal/ut-stubs/CMakeFiles/ut_osapi_stubs.dir/osapi-common-stubs.c.o
[ 37%] Building C object osal/ut-stubs/CMakeFiles/ut_osapi_stubs.dir/osapi-common-handlers.c.o
[ 43%] Building C object osal/ut-stubs/CMakeFiles/ut_osapi_stubs.dir/osapi-condvar-stubs.c.o
[ 43%] Building C object osal/ut-stubs/CMakeFiles/ut_osapi_stubs.dir/osapi-countsem-stubs.c.o
[ 43%] Building C object osal/ut-stubs/CMakeFiles/ut_osapi_stubs.dir/osapi-countsem-handlers.c.o
[ 43%] Building C object osal/ut-stubs/CMakeFiles/ut_osapi_stubs.dir/osapi-dir-stubs.c.o
[ 43%] Building C object osal/ut-stubs/CMakeFiles/ut_osapi_stubs.dir/osapi-dir-handlers.c.o
[ 43%] Building C object osal/ut-stubs/CMakeFiles/ut_osapi_stubs.dir/osapi-error-stubs.c.o
[ 43%] Building C object osal/ut-stubs/CMakeFiles/ut_osapi_stubs.dir/osapi-error-handlers.c.o
[ 43%] Building C object osal/ut-stubs/CMakeFiles/ut_osapi_stubs.dir/osapi-file-stubs.c.o
[ 43%] Building C object osal/ut-stubs/CMakeFiles/ut_osapi_stubs.dir/osapi-file-handlers.c.o
[ 43%] Building C object osal/ut-stubs/CMakeFiles/ut_osapi_stubs.dir/osapi-filesys-stubs.c.o
[ 43%] Building C object osal/ut-stubs/CMakeFiles/ut_osapi_stubs.dir/osapi-filesys-handlers.c.o
[ 43%] Building C object osal/ut-stubs/CMakeFiles/ut_osapi_stubs.dir/osapi-heap-stubs.c.o
[ 50%] Building C object osal/ut-stubs/CMakeFiles/ut_osapi_stubs.dir/osapi-heap-handlers.c.o
[ 50%] Building C object osal/ut-stubs/CMakeFiles/ut_osapi_stubs.dir/osapi-idmap-stubs.c.o
[ 50%] Building C object osal/ut-stubs/CMakeFiles/ut_osapi_stubs.dir/osapi-idmap-handlers.c.o
[ 50%] Building C object osal/ut-stubs/CMakeFiles/ut_osapi_stubs.dir/osapi-module-stubs.c.o
[ 50%] Building C object osal/ut-stubs/CMakeFiles/ut_osapi_stubs.dir/osapi-module-handlers.c.o
[ 50%] Building C object osal/ut-stubs/CMakeFiles/ut_osapi_stubs.dir/osapi-mutex-stubs.c.o
[ 50%] Building C object osal/ut-stubs/CMakeFiles/ut_osapi_stubs.dir/osapi-mutex-handlers.c.o
[ 50%] Building C object osal/ut-stubs/CMakeFiles/ut_osapi_stubs.dir/osapi-network-stubs.c.o
[ 50%] Building C object osal/ut-stubs/CMakeFiles/ut_osapi_stubs.dir/osapi-network-handlers.c.o
[ 50%] Building C object osal/ut-stubs/CMakeFiles/ut_osapi_stubs.dir/osapi-printf-stubs.c.o
[ 50%] Building C object osal/ut-stubs/CMakeFiles/ut_osapi_stubs.dir/osapi-printf-handlers.c.o
[ 50%] Building C object osal/ut-stubs/CMakeFiles/ut_osapi_stubs.dir/osapi-queue-stubs.c.o
[ 56%] Building C object osal/ut-stubs/CMakeFiles/ut_osapi_stubs.dir/osapi-queue-handlers.c.o
[ 56%] Building C object osal/ut-stubs/CMakeFiles/ut_osapi_stubs.dir/osapi-rwlock-stubs.c.o
[ 56%] Building C object osal/ut-stubs/CMakeFiles/ut_osapi_stubs.dir/osapi-rwlock-handlers.c.o
[ 56%] Building C object osal/ut-stubs/CMakeFiles/ut_osapi_stubs.dir/osapi-select-stubs.c.o
[ 56%] Building C object osal/ut-stubs/CMakeFiles/ut_osapi_stubs.dir/osapi-shell-stubs.c.o
[ 56%] Building C object osal/ut-stubs/CMakeFiles/ut_osapi_stubs.dir/osapi-sockets-stubs.c.o
[ 56%] Building C object osal/ut-stubs/CMakeFiles/ut_osapi_stubs.dir/osapi-sockets-handlers.c.o
[ 56%] Building C object osal/ut-stubs/CMakeFiles/ut_osapi_stubs.dir/osapi-task-stubs.c.o
[ 56%] Building C object osal/ut-stubs/CMakeFiles/ut_osapi_stubs.dir/osapi-task-handlers.c.o
[ 56%] Building C object osal/ut-stubs/CMakeFiles/ut_osapi_stubs.dir/osapi-timer-stubs.c.o
[ 56%] Building C object osal/ut-stubs/CMakeFiles/ut_osapi_stubs.dir/osapi-timer-handlers.c.o
[ 56%] Building C object osal/ut-stubs/CMakeFiles/ut_osapi_stubs.dir/osapi-timebase-stubs.c.o
[ 62%] Building C object osal/ut-stubs/CMakeFiles/ut_osapi_stubs.dir/osapi-timebase-handlers.c.o
[ 62%] Building C object osal/ut-stubs/CMakeFiles/ut_osapi_stubs.dir/osapi-version-stubs.c.o
[ 62%] Building C object osal/ut-stubs/CMakeFiles/ut_osapi_stubs.dir/osapi-version-handlers.c.o
[ 62%] Linking C static library libut_osapi_stubs.a
make[2]: Leaving directory '/tmp/vdd_cs_coverage_tifa03mx/cFS/build/native/default_cpu1'
[ 62%] Built target ut_osapi_stubs
make[2]: Entering directory '/tmp/vdd_cs_coverage_tifa03mx/cFS/build/native/default_cpu1'
make[2]: Leaving directory '/tmp/vdd_cs_coverage_tifa03mx/cFS/build/native/default_cpu1'
make[2]: Entering directory '/tmp/vdd_cs_coverage_tifa03mx/cFS/build/native/default_cpu1'
[ 62%] Building C object core_api/ut-stubs/CMakeFiles/ut_core_api_stubs.dir/src/cfe_config_handlers.c.o
[ 62%] Building C object core_api/ut-stubs/CMakeFiles/ut_core_api_stubs.dir/src/cfe_config_stubs.c.o
[ 68%] Building C object core_api/ut-stubs/CMakeFiles/ut_core_api_stubs.dir/src/cfe_es_handlers.c.o
[ 68%] Building C object core_api/ut-stubs/CMakeFiles/ut_core_api_stubs.dir/src/cfe_es_stubs.c.o
[ 68%] Building C object core_api/ut-stubs/CMakeFiles/ut_core_api_stubs.dir/src/cfe_evs_handlers.c.o
[ 68%] Building C object core_api/ut-stubs/CMakeFiles/ut_core_api_stubs.dir/src/cfe_evs_stubs.c.o
[ 68%] Building C object core_api/ut-stubs/CMakeFiles/ut_core_api_stubs.dir/src/cfe_fs_handlers.c.o
[ 68%] Building C object core_api/ut-stubs/CMakeFiles/ut_core_api_stubs.dir/src/cfe_fs_stubs.c.o
[ 68%] Building C object core_api/ut-stubs/CMakeFiles/ut_core_api_stubs.dir/src/cfe_msg_handlers.c.o
[ 68%] Building C object core_api/ut-stubs/CMakeFiles/ut_core_api_stubs.dir/src/cfe_msg_stubs.c.o
[ 68%] Building C object core_api/ut-stubs/CMakeFiles/ut_core_api_stubs.dir/src/cfe_resourceid_handlers.c.o
[ 68%] Building C object core_api/ut-stubs/CMakeFiles/ut_core_api_stubs.dir/src/cfe_resourceid_stubs.c.o
[ 68%] Building C object core_api/ut-stubs/CMakeFiles/ut_core_api_stubs.dir/src/cfe_sb_handlers.c.o
[ 68%] Building C object core_api/ut-stubs/CMakeFiles/ut_core_api_stubs.dir/src/cfe_sb_stubs.c.o
[ 75%] Building C object core_api/ut-stubs/CMakeFiles/ut_core_api_stubs.dir/src/cfe_tbl_handlers.c.o
[ 75%] Building C object core_api/ut-stubs/CMakeFiles/ut_core_api_stubs.dir/src/cfe_tbl_stubs.c.o
[ 75%] Building C object core_api/ut-stubs/CMakeFiles/ut_core_api_stubs.dir/src/cfe_time_handlers.c.o
[ 75%] Building C object core_api/ut-stubs/CMakeFiles/ut_core_api_stubs.dir/src/cfe_time_stubs.c.o
[ 75%] Linking C static library libut_core_api_stubs.a
make[2]: Leaving directory '/tmp/vdd_cs_coverage_tifa03mx/cFS/build/native/default_cpu1'
[ 75%] Built target ut_core_api_stubs
make[2]: Entering directory '/tmp/vdd_cs_coverage_tifa03mx/cFS/build/native/default_cpu1'
make[2]: Leaving directory '/tmp/vdd_cs_coverage_tifa03mx/cFS/build/native/default_cpu1'
make[2]: Entering directory '/tmp/vdd_cs_coverage_tifa03mx/cFS/build/native/default_cpu1'
[ 75%] Building C object apps/cs/unit-test/CMakeFiles/coverage-cs_internal-stubs.dir/utilities/cs_test_utils.c.o
[ 75%] Building C object apps/cs/unit-test/CMakeFiles/coverage-cs_internal-stubs.dir/stubs/cs_appdata_global_stub.c.o
[ 75%] Building C object apps/cs/unit-test/CMakeFiles/coverage-cs_internal-stubs.dir/stubs/cs_utils_stubs.c.o
[ 81%] Building C object apps/cs/unit-test/CMakeFiles/coverage-cs_internal-stubs.dir/stubs/cs_compute_stubs.c.o
[ 81%] Building C object apps/cs/unit-test/CMakeFiles/coverage-cs_internal-stubs.dir/stubs/cs_table_processing_stubs.c.o
[ 81%] Building C object apps/cs/unit-test/CMakeFiles/coverage-cs_internal-stubs.dir/stubs/cs_table_cmds_stubs.c.o
[ 81%] Building C object apps/cs/unit-test/CMakeFiles/coverage-cs_internal-stubs.dir/stubs/cs_memory_cmds_stubs.c.o
[ 81%] Building C object apps/cs/unit-test/CMakeFiles/coverage-cs_internal-stubs.dir/stubs/cs_app_stubs.c.o
[ 81%] Building C object apps/cs/unit-test/CMakeFiles/coverage-cs_internal-stubs.dir/stubs/cs_app_cmds_stubs.c.o
[ 81%] Building C object apps/cs/unit-test/CMakeFiles/coverage-cs_internal-stubs.dir/stubs/cs_cmds_stubs.c.o
[ 81%] Building C object apps/cs/unit-test/CMakeFiles/coverage-cs_internal-stubs.dir/stubs/cs_init_stubs.c.o
[ 81%] Building C object apps/cs/unit-test/CMakeFiles/coverage-cs_internal-stubs.dir/stubs/cs_eeprom_cmds_stubs.c.o
[ 81%] Building C object apps/cs/unit-test/CMakeFiles/coverage-cs_internal-stubs.dir/stubs/cs_dispatch_stubs.c.o
[ 81%] Linking C static library libcoverage-cs_internal-stubs.a
make[2]: Leaving directory '/tmp/vdd_cs_coverage_tifa03mx/cFS/build/native/default_cpu1'
[ 81%] Built target coverage-cs_internal-stubs
make[2]: Entering directory '/tmp/vdd_cs_coverage_tifa03mx/cFS/build/native/default_cpu1'
make[2]: Leaving directory '/tmp/vdd_cs_coverage_tifa03mx/cFS/build/native/default_cpu1'
make[2]: Entering directory '/tmp/vdd_cs_coverage_tifa03mx/cFS/build/native/default_cpu1'
[ 81%] Building C object apps/cs/unit-test/CMakeFiles/coverage-cs-cs_cmds-object.dir/tmp/vdd_cs_coverage_tifa03mx/cFS/apps/cs/fsw/src/cs_cmds.c.o
make[2]: Leaving directory '/tmp/vdd_cs_coverage_tifa03mx/cFS/build/native/default_cpu1'
[ 81%] Built target coverage-cs-cs_cmds-object
make[2]: Entering directory '/tmp/vdd_cs_coverage_tifa03mx/cFS/build/native/default_cpu1'
make[2]: Leaving directory '/tmp/vdd_cs_coverage_tifa03mx/cFS/build/native/default_cpu1'
make[2]: Entering directory '/tmp/vdd_cs_coverage_tifa03mx/cFS/build/native/default_cpu1'
[ 81%] Building C object apps/cs/unit-test/CMakeFiles/coverage-cs-cs_cmds-testrunner.dir/cs_cmds_tests.c.o
[ 81%] Linking C executable coverage-cs-cs_cmds-testrunner
make[2]: Leaving directory '/tmp/vdd_cs_coverage_tifa03mx/cFS/build/native/default_cpu1'
[ 81%] Built target coverage-cs-cs_cmds-testrunner
make[2]: Entering directory '/tmp/vdd_cs_coverage_tifa03mx/cFS/build/native/default_cpu1'
make[2]: Leaving directory '/tmp/vdd_cs_coverage_tifa03mx/cFS/build/native/default_cpu1'
make[2]: Entering directory '/tmp/vdd_cs_coverage_tifa03mx/cFS/build/native/default_cpu1'
[ 81%] Building C object apps/cs/unit-test/CMakeFiles/coverage-cs-cs_table_processing-object.dir/tmp/vdd_cs_coverage_tifa03mx/cFS/apps/cs/fsw/src/cs_table_processing.c.o
make[2]: Leaving directory '/tmp/vdd_cs_coverage_tifa03mx/cFS/build/native/default_cpu1'
[ 81%] Built target coverage-cs-cs_table_processing-object
make[2]: Entering directory '/tmp/vdd_cs_coverage_tifa03mx/cFS/build/native/default_cpu1'
make[2]: Leaving directory '/tmp/vdd_cs_coverage_tifa03mx/cFS/build/native/default_cpu1'
make[2]: Entering directory '/tmp/vdd_cs_coverage_tifa03mx/cFS/build/native/default_cpu1'
[ 81%] Building C object apps/cs/unit-test/CMakeFiles/coverage-cs-cs_table_processing-testrunner.dir/cs_table_processing_tests.c.o
[ 81%] Linking C executable coverage-cs-cs_table_processing-testrunner
make[2]: Leaving directory '/tmp/vdd_cs_coverage_tifa03mx/cFS/build/native/default_cpu1'
[ 81%] Built target coverage-cs-cs_table_processing-testrunner
make[2]: Entering directory '/tmp/vdd_cs_coverage_tifa03mx/cFS/build/native/default_cpu1'
make[2]: Leaving directory '/tmp/vdd_cs_coverage_tifa03mx/cFS/build/native/default_cpu1'
make[2]: Entering directory '/tmp/vdd_cs_coverage_tifa03mx/cFS/build/native/default_cpu1'
[ 87%] Building C object apps/cs/unit-test/CMakeFiles/coverage-cs-cs_app-object.dir/tmp/vdd_cs_coverage_tifa03mx/cFS/apps/cs/fsw/src/cs_app.c.o
make[2]: Leaving directory '/tmp/vdd_cs_coverage_tifa03mx/cFS/build/native/default_cpu1'
[ 87%] Built target coverage-cs-cs_app-object
make[2]: Entering directory '/tmp/vdd_cs_coverage_tifa03mx/cFS/build/native/default_cpu1'
make[2]: Leaving directory '/tmp/vdd_cs_coverage_tifa03mx/cFS/build/native/default_cpu1'
make[2]: Entering directory '/tmp/vdd_cs_coverage_tifa03mx/cFS/build/native/default_cpu1'
[ 87%] Building C object apps/cs/unit-test/CMakeFiles/coverage-cs-cs_app-testrunner.dir/cs_app_tests.c.o
[ 87%] Linking C executable coverage-cs-cs_app-testrunner
make[2]: Leaving directory '/tmp/vdd_cs_coverage_tifa03mx/cFS/build/native/default_cpu1'
[ 87%] Built target coverage-cs-cs_app-testrunner
make[2]: Entering directory '/tmp/vdd_cs_coverage_tifa03mx/cFS/build/native/default_cpu1'
make[2]: Leaving directory '/tmp/vdd_cs_coverage_tifa03mx/cFS/build/native/default_cpu1'
make[2]: Entering directory '/tmp/vdd_cs_coverage_tifa03mx/cFS/build/native/default_cpu1'
[ 87%] Building C object apps/cs/unit-test/CMakeFiles/coverage-cs-cs_utils-object.dir/tmp/vdd_cs_coverage_tifa03mx/cFS/apps/cs/fsw/src/cs_utils.c.o
make[2]: Leaving directory '/tmp/vdd_cs_coverage_tifa03mx/cFS/build/native/default_cpu1'
[ 87%] Built target coverage-cs-cs_utils-object
make[2]: Entering directory '/tmp/vdd_cs_coverage_tifa03mx/cFS/build/native/default_cpu1'
make[2]: Leaving directory '/tmp/vdd_cs_coverage_tifa03mx/cFS/build/native/default_cpu1'
make[2]: Entering directory '/tmp/vdd_cs_coverage_tifa03mx/cFS/build/native/default_cpu1'
[ 87%] Building C object apps/cs/unit-test/CMakeFiles/coverage-cs-cs_utils-testrunner.dir/cs_utils_tests.c.o
[ 87%] Linking C executable coverage-cs-cs_utils-testrunner
make[2]: Leaving directory '/tmp/vdd_cs_coverage_tifa03mx/cFS/build/native/default_cpu1'
[ 87%] Built target coverage-cs-cs_utils-testrunner
make[2]: Entering directory '/tmp/vdd_cs_coverage_tifa03mx/cFS/build/native/default_cpu1'
make[2]: Leaving directory '/tmp/vdd_cs_coverage_tifa03mx/cFS/build/native/default_cpu1'
make[2]: Entering directory '/tmp/vdd_cs_coverage_tifa03mx/cFS/build/native/default_cpu1'
[ 93%] Building C object apps/cs/unit-test/CMakeFiles/coverage-cs-cs_table_cmds-object.dir/tmp/vdd_cs_coverage_tifa03mx/cFS/apps/cs/fsw/src/cs_table_cmds.c.o
make[2]: Leaving directory '/tmp/vdd_cs_coverage_tifa03mx/cFS/build/native/default_cpu1'
[ 93%] Built target coverage-cs-cs_table_cmds-object
make[2]: Entering directory '/tmp/vdd_cs_coverage_tifa03mx/cFS/build/native/default_cpu1'
make[2]: Leaving directory '/tmp/vdd_cs_coverage_tifa03mx/cFS/build/native/default_cpu1'
make[2]: Entering directory '/tmp/vdd_cs_coverage_tifa03mx/cFS/build/native/default_cpu1'
[ 93%] Building C object apps/cs/unit-test/CMakeFiles/coverage-cs-cs_table_cmds-testrunner.dir/cs_table_cmds_tests.c.o
[ 93%] Linking C executable coverage-cs-cs_table_cmds-testrunner
make[2]: Leaving directory '/tmp/vdd_cs_coverage_tifa03mx/cFS/build/native/default_cpu1'
[ 93%] Built target coverage-cs-cs_table_cmds-testrunner
make[2]: Entering directory '/tmp/vdd_cs_coverage_tifa03mx/cFS/build/native/default_cpu1'
make[2]: Leaving directory '/tmp/vdd_cs_coverage_tifa03mx/cFS/build/native/default_cpu1'
make[2]: Entering directory '/tmp/vdd_cs_coverage_tifa03mx/cFS/build/native/default_cpu1'
[ 93%] Building C object apps/cs/unit-test/CMakeFiles/coverage-cs-cs_app_cmds-object.dir/tmp/vdd_cs_coverage_tifa03mx/cFS/apps/cs/fsw/src/cs_app_cmds.c.o
make[2]: Leaving directory '/tmp/vdd_cs_coverage_tifa03mx/cFS/build/native/default_cpu1'
[ 93%] Built target coverage-cs-cs_app_cmds-object
make[2]: Entering directory '/tmp/vdd_cs_coverage_tifa03mx/cFS/build/native/default_cpu1'
make[2]: Leaving directory '/tmp/vdd_cs_coverage_tifa03mx/cFS/build/native/default_cpu1'
make[2]: Entering directory '/tmp/vdd_cs_coverage_tifa03mx/cFS/build/native/default_cpu1'
[ 93%] Building C object apps/cs/unit-test/CMakeFiles/coverage-cs-cs_app_cmds-testrunner.dir/cs_app_cmds_tests.c.o
[ 93%] Linking C executable coverage-cs-cs_app_cmds-testrunner
make[2]: Leaving directory '/tmp/vdd_cs_coverage_tifa03mx/cFS/build/native/default_cpu1'
[ 93%] Built target coverage-cs-cs_app_cmds-testrunner
make[2]: Entering directory '/tmp/vdd_cs_coverage_tifa03mx/cFS/build/native/default_cpu1'
make[2]: Leaving directory '/tmp/vdd_cs_coverage_tifa03mx/cFS/build/native/default_cpu1'
make[2]: Entering directory '/tmp/vdd_cs_coverage_tifa03mx/cFS/build/native/default_cpu1'
[ 93%] Building C object apps/cs/unit-test/CMakeFiles/coverage-cs-cs_memory_cmds-object.dir/tmp/vdd_cs_coverage_tifa03mx/cFS/apps/cs/fsw/src/cs_memory_cmds.c.o
make[2]: Leaving directory '/tmp/vdd_cs_coverage_tifa03mx/cFS/build/native/default_cpu1'
[ 93%] Built target coverage-cs-cs_memory_cmds-object
make[2]: Entering directory '/tmp/vdd_cs_coverage_tifa03mx/cFS/build/native/default_cpu1'
make[2]: Leaving directory '/tmp/vdd_cs_coverage_tifa03mx/cFS/build/native/default_cpu1'
make[2]: Entering directory '/tmp/vdd_cs_coverage_tifa03mx/cFS/build/native/default_cpu1'
[ 93%] Building C object apps/cs/unit-test/CMakeFiles/coverage-cs-cs_memory_cmds-testrunner.dir/cs_memory_cmds_tests.c.o
[ 93%] Linking C executable coverage-cs-cs_memory_cmds-testrunner
make[2]: Leaving directory '/tmp/vdd_cs_coverage_tifa03mx/cFS/build/native/default_cpu1'
[ 93%] Built target coverage-cs-cs_memory_cmds-testrunner
make[2]: Entering directory '/tmp/vdd_cs_coverage_tifa03mx/cFS/build/native/default_cpu1'
make[2]: Leaving directory '/tmp/vdd_cs_coverage_tifa03mx/cFS/build/native/default_cpu1'
make[2]: Entering directory '/tmp/vdd_cs_coverage_tifa03mx/cFS/build/native/default_cpu1'
[ 93%] Building C object apps/cs/unit-test/CMakeFiles/coverage-cs-cs_init-object.dir/tmp/vdd_cs_coverage_tifa03mx/cFS/apps/cs/fsw/src/cs_init.c.o
make[2]: Leaving directory '/tmp/vdd_cs_coverage_tifa03mx/cFS/build/native/default_cpu1'
[ 93%] Built target coverage-cs-cs_init-object
make[2]: Entering directory '/tmp/vdd_cs_coverage_tifa03mx/cFS/build/native/default_cpu1'
make[2]: Leaving directory '/tmp/vdd_cs_coverage_tifa03mx/cFS/build/native/default_cpu1'
make[2]: Entering directory '/tmp/vdd_cs_coverage_tifa03mx/cFS/build/native/default_cpu1'
[ 93%] Building C object apps/cs/unit-test/CMakeFiles/coverage-cs-cs_init-testrunner.dir/cs_init_tests.c.o
[ 93%] Linking C executable coverage-cs-cs_init-testrunner
make[2]: Leaving directory '/tmp/vdd_cs_coverage_tifa03mx/cFS/build/native/default_cpu1'
[ 93%] Built target coverage-cs-cs_init-testrunner
make[2]: Entering directory '/tmp/vdd_cs_coverage_tifa03mx/cFS/build/native/default_cpu1'
make[2]: Leaving directory '/tmp/vdd_cs_coverage_tifa03mx/cFS/build/native/default_cpu1'
make[2]: Entering directory '/tmp/vdd_cs_coverage_tifa03mx/cFS/build/native/default_cpu1'
[ 93%] Building C object apps/cs/unit-test/CMakeFiles/coverage-cs-cs_eeprom_cmds-object.dir/tmp/vdd_cs_coverage_tifa03mx/cFS/apps/cs/fsw/src/cs_eeprom_cmds.c.o
make[2]: Leaving directory '/tmp/vdd_cs_coverage_tifa03mx/cFS/build/native/default_cpu1'
[ 93%] Built target coverage-cs-cs_eeprom_cmds-object
make[2]: Entering directory '/tmp/vdd_cs_coverage_tifa03mx/cFS/build/native/default_cpu1'
make[2]: Leaving directory '/tmp/vdd_cs_coverage_tifa03mx/cFS/build/native/default_cpu1'
make[2]: Entering directory '/tmp/vdd_cs_coverage_tifa03mx/cFS/build/native/default_cpu1'
[ 93%] Building C object apps/cs/unit-test/CMakeFiles/coverage-cs-cs_eeprom_cmds-testrunner.dir/cs_eeprom_cmds_tests.c.o
[ 93%] Linking C executable coverage-cs-cs_eeprom_cmds-testrunner
make[2]: Leaving directory '/tmp/vdd_cs_coverage_tifa03mx/cFS/build/native/default_cpu1'
[ 93%] Built target coverage-cs-cs_eeprom_cmds-testrunner
make[2]: Entering directory '/tmp/vdd_cs_coverage_tifa03mx/cFS/build/native/default_cpu1'
make[2]: Leaving directory '/tmp/vdd_cs_coverage_tifa03mx/cFS/build/native/default_cpu1'
make[2]: Entering directory '/tmp/vdd_cs_coverage_tifa03mx/cFS/build/native/default_cpu1'
[ 93%] Building C object apps/cs/unit-test/CMakeFiles/coverage-cs-cs_compute-object.dir/tmp/vdd_cs_coverage_tifa03mx/cFS/apps/cs/fsw/src/cs_compute.c.o
make[2]: Leaving directory '/tmp/vdd_cs_coverage_tifa03mx/cFS/build/native/default_cpu1'
[ 93%] Built target coverage-cs-cs_compute-object
make[2]: Entering directory '/tmp/vdd_cs_coverage_tifa03mx/cFS/build/native/default_cpu1'
make[2]: Leaving directory '/tmp/vdd_cs_coverage_tifa03mx/cFS/build/native/default_cpu1'
make[2]: Entering directory '/tmp/vdd_cs_coverage_tifa03mx/cFS/build/native/default_cpu1'
[ 93%] Building C object apps/cs/unit-test/CMakeFiles/coverage-cs-cs_compute-testrunner.dir/cs_compute_tests.c.o
[ 93%] Linking C executable coverage-cs-cs_compute-testrunner
make[2]: Leaving directory '/tmp/vdd_cs_coverage_tifa03mx/cFS/build/native/default_cpu1'
[ 93%] Built target coverage-cs-cs_compute-testrunner
make[2]: Entering directory '/tmp/vdd_cs_coverage_tifa03mx/cFS/build/native/default_cpu1'
make[2]: Leaving directory '/tmp/vdd_cs_coverage_tifa03mx/cFS/build/native/default_cpu1'
make[2]: Entering directory '/tmp/vdd_cs_coverage_tifa03mx/cFS/build/native/default_cpu1'
[100%] Building C object apps/cs/unit-test/CMakeFiles/coverage-cs-cs_dispatch-object.dir/tmp/vdd_cs_coverage_tifa03mx/cFS/apps/cs/fsw/src/cs_dispatch.c.o
make[2]: Leaving directory '/tmp/vdd_cs_coverage_tifa03mx/cFS/build/native/default_cpu1'
[100%] Built target coverage-cs-cs_dispatch-object
make[2]: Entering directory '/tmp/vdd_cs_coverage_tifa03mx/cFS/build/native/default_cpu1'
make[2]: Leaving directory '/tmp/vdd_cs_coverage_tifa03mx/cFS/build/native/default_cpu1'
make[2]: Entering directory '/tmp/vdd_cs_coverage_tifa03mx/cFS/build/native/default_cpu1'
[100%] Building C object apps/cs/unit-test/CMakeFiles/coverage-cs-cs_dispatch-testrunner.dir/cs_dispatch_tests.c.o
[100%] Linking C executable coverage-cs-cs_dispatch-testrunner
make[2]: Leaving directory '/tmp/vdd_cs_coverage_tifa03mx/cFS/build/native/default_cpu1'
[100%] Built target coverage-cs-cs_dispatch-testrunner
make[1]: Leaving directory '/tmp/vdd_cs_coverage_tifa03mx/cFS/build/native/default_cpu1'
make: Leaving directory '/tmp/vdd_cs_coverage_tifa03mx/cFS/build/native/default_cpu1/apps/cs'
